ARM Linker, 5.03 [Build 76] [MDK-ARM Professional]

==============================================================================

Section Cross References

    bsp.o(.text) refers to bsp_init.o(.text) for SetClock
    bsp.o(.text) refers to bsp_io_control.o(.text) for bsp_io_init
    bsp.o(.text) refers to bsp_usart.o(.text) for UsartConfig
    bsp.o(.text) refers to printfa.o(i.__0printf) for __2printf
    bsp.o(.text) refers to stm32f4xx_rcc.o(.text) for RCC_GetClocksFreq
    bsp.o(.text) refers to os_cpu_c.o(.text) for OS_CPU_SysTickInit
    bsp.o(.text) refers to cpu_core.o(.text) for CPU_TS_TmrFreqSet
    bsp.o(.text) refers to uldiv.o(.text) for __aeabi_uldivmod
    bsp.o(.text) refers to os_cfg_app.o(.constdata) for OSCfg_TickRate_Hz
    main.o(.text) refers to bsp.o(.text) for bsp_Init
    main.o(.text) refers to os_core.o(.text) for OSInit
    main.o(.text) refers to os_task.o(.text) for OSTaskCreate
    main.o(.text) refers to main.o(.bss) for .bss
    main.o(.text) refers to app.o(.text) for AppTaskStart
    os_app_hooks.o(.text) refers to cpu_a.o(.text) for CPU_SR_Save
    os_app_hooks.o(.text) refers to os_var.o(.data) for OS_AppTaskCreateHookPtr
    os_app_hooks.o(.text) refers to os_var.o(.data) for OS_AppTaskDelHookPtr
    os_app_hooks.o(.text) refers to os_var.o(.data) for OS_AppTaskReturnHookPtr
    os_app_hooks.o(.text) refers to os_var.o(.data) for OS_AppIdleTaskHookPtr
    os_app_hooks.o(.text) refers to os_var.o(.data) for OS_AppStatTaskHookPtr
    os_app_hooks.o(.text) refers to os_var.o(.data) for OS_AppTaskSwHookPtr
    os_app_hooks.o(.text) refers to os_var.o(.data) for OS_AppTimeTickHookPtr
    app.o(.text) refers to malloc.o(i.malloc) for malloc
    app.o(.text) refers to memseta.o(.text) for __aeabi_memclr
    app.o(.text) refers to bsp_io_control.o(.text) for bsp_io_init
    app.o(.text) refers to bsp_usart.o(.text) for UsartConfig
    app.o(.text) refers to freqmeasurement.o(.text) for FreqModuleInit
    app.o(.text) refers to bsp_ltc2402.o(.text) for LTC2402Init
    app.o(.text) refers to bsp_adc.o(.text) for voltage_adc_init
    app.o(.text) refers to appmain.o(.text) for AppMain
    app.o(.text) refers to os_time.o(.text) for OSTimeDlyHMSM
    app.o(.text) refers to bsp_rtc.o(.text) for RTC_Config
    app.o(.text) refers to printfa.o(i.__0printf) for __2printf
    app.o(.text) refers to cpu_core.o(.text) for CPU_Init
    app.o(.text) refers to bsp.o(.text) for BSP_Tick_Init
    app.o(.text) refers to os_task.o(.text) for OSTaskCreate
    app.o(.text) refers to app.o(.data) for .data
    app.o(.text) refers to app.o(.bss) for .bss
    freqmeasurement.o(.text) refers to misc.o(.text) for NVIC_PriorityGroupConfig
    freqmeasurement.o(.text) refers to stm32f4xx_rcc.o(.text) for RCC_APB1PeriphClockCmd
    freqmeasurement.o(.text) refers to stm32f4xx_tim.o(.text) for TIM_TimeBaseInit
    freqmeasurement.o(.text) refers to dmul.o(.text) for __aeabi_dmul
    freqmeasurement.o(.text) refers to ddiv.o(.text) for __aeabi_ddiv
    freqmeasurement.o(.text) refers to dadd.o(.text) for __aeabi_dadd
    freqmeasurement.o(.text) refers to stm32f4xx_gpio.o(.text) for GPIO_Init
    freqmeasurement.o(.text) refers to os_time.o(.text) for OSTimeDlyHMSM
    freqmeasurement.o(.text) refers to bsp_io_control.o(.text) for SW_VW
    freqmeasurement.o(.text) refers to freqmeasurement.o(.data) for .data
    freqmeasurement.o(.text) refers to stm32f4xx_it.o(.data) for OnFreq
    tools.o(.text) refers to stm32f4xx_crc.o(.text) for CRC_ResetDR
    tools.o(.text) refers to stm32f4xx_usart.o(.text) for USART_SendData
    bsp_init.o(.text) refers to stm32f4xx_rcc.o(.text) for RCC_DeInit
    bsp_init.o(.text) refers to stm32f4xx_wwdg.o(.text) for WWDG_DeInit
    bsp_init.o(.text) refers to stm32f4xx_iwdg.o(.text) for IWDG_WriteAccessCmd
    bsp_init.o(.text) refers to memseta.o(.text) for __aeabi_memclr
    bsp_init.o(.text) refers to tools.o(.text) for hextostr
    bsp_init.o(.text) refers to strcat.o(.text) for strcat
    bsp_usart.o(.text) refers to stm32f4xx_rcc.o(.text) for RCC_APB1PeriphClockCmd
    bsp_usart.o(.text) refers to stm32f4xx_gpio.o(.text) for GPIO_Init
    bsp_usart.o(.text) refers to stm32f4xx_usart.o(.text) for USART_Init
    bsp_usart.o(.text) refers to stm32f4xx_exti.o(.text) for EXTI_Init
    bsp_usart.o(.text) refers to misc.o(.text) for NVIC_Init
    bsp_usart.o(.text) refers to stm32f4xx_syscfg.o(.text) for SYSCFG_EXTILineConfig
    bsp_ltc2402.o(.text) refers to stm32f4xx_rcc.o(.text) for RCC_AHB1PeriphClockCmd
    bsp_ltc2402.o(.text) refers to stm32f4xx_gpio.o(.text) for GPIO_Init
    bsp_ltc2402.o(.text) refers to stm32f4xx_spi.o(.text) for SPI_Init
    bsp_ltc2402.o(.text) refers to os_time.o(.text) for OSTimeDlyHMSM
    bsp_ltc2402.o(.text) refers to bsp_io_control.o(.text) for SW_VW
    bsp_ltc2402.o(.text) refers to dfltui.o(.text) for __aeabi_ui2d
    bsp_ltc2402.o(.text) refers to dscalb.o(.text) for __ARM_scalbn
[...]
    RCC_AHB3PeriphClockLPModeCmd             0x0800282b   Thumb Code    20  stm32f4xx_rcc.o(.text)
    RCC_APB1PeriphClockLPModeCmd             0x0800283f   Thumb Code    20  stm32f4xx_rcc.o(.text)
    RCC_APB2PeriphClockLPModeCmd             0x08002853   Thumb Code    20  stm32f4xx_rcc.o(.text)
    RCC_ITConfig                             0x08002867   Thumb Code    20  stm32f4xx_rcc.o(.text)
    RCC_ClearFlag                            0x0800287b   Thumb Code    14  stm32f4xx_rcc.o(.text)
    RCC_GetITStatus                          0x08002889   Thumb Code    18  stm32f4xx_rcc.o(.text)
    RCC_ClearITPendingBit                    0x0800289b   Thumb Code     8  stm32f4xx_rcc.o(.text)
    SYSCFG_DeInit                            0x080028cd   Thumb Code    24  stm32f4xx_syscfg.o(.text)
    SYSCFG_MemoryRemapConfig                 0x080028e5   Thumb Code     6  stm32f4xx_syscfg.o(.text)
    SYSCFG_EXTILineConfig                    0x080028eb   Thumb Code    36  stm32f4xx_syscfg.o(.text)
    SYSCFG_ETH_MediaInterfaceConfig          0x0800290f   Thumb Code     6  stm32f4xx_syscfg.o(.text)
    SYSCFG_CompensationCellCmd               0x08002915   Thumb Code     6  stm32f4xx_syscfg.o(.text)
    SYSCFG_GetCompensationCellStatus         0x0800291b   Thumb Code    16  stm32f4xx_syscfg.o(.text)
    USART_DeInit                             0x08002939   Thumb Code   114  stm32f4xx_usart.o(.text)
    USART_Init                               0x080029ab   Thumb Code   174  stm32f4xx_usart.o(.text)
    USART_StructInit                         0x08002a59   Thumb Code    22  stm32f4xx_usart.o(.text)
    USART_ClockInit                          0x08002a6f   Thumb Code    28  stm32f4xx_usart.o(.text)
    USART_ClockStructInit                    0x08002a8b   Thumb Code    12  stm32f4xx_usart.o(.text)
    USART_Cmd                                0x08002a97   Thumb Code    20  stm32f4xx_usart.o(.text)
    USART_SetPrescaler                       0x08002aab   Thumb Code    16  stm32f4xx_usart.o(.text)
    USART_OverSampling8Cmd                   0x08002abb   Thumb Code    20  stm32f4xx_usart.o(.text)
    USART_OneBitMethodCmd                    0x08002acf   Thumb Code    20  stm32f4xx_usart.o(.text)
    USART_SendData                           0x08002ae3   Thumb Code     8  stm32f4xx_usart.o(.text)
    USART_ReceiveData                        0x08002aeb   Thumb Code     8  stm32f4xx_usart.o(.text)
    USART_SetAddress                         0x08002af3   Thumb Code    16  stm32f4xx_usart.o(.text)
    USART_ReceiverWakeUpCmd                  0x08002b03   Thumb Code    20  stm32f4xx_usart.o(.text)
    USART_WakeUpConfig                       0x08002b17   Thumb Code    16  stm32f4xx_usart.o(.text)
    USART_LINBreakDetectLengthConfig         0x08002b27   Thumb Code    16  stm32f4xx_usart.o(.text)
    USART_LINCmd                             0x08002b37   Thumb Code    20  stm32f4xx_usart.o(.text)
    USART_SendBreak                          0x08002b4b   Thumb Code    10  stm32f4xx_usart.o(.text)
    USART_HalfDuplexCmd                      0x08002b55   Thumb Code    20  stm32f4xx_usart.o(.text)
    USART_SetGuardTime                       0x08002b69   Thumb Code    16  stm32f4xx_usart.o(.text)
    USART_SmartCardCmd                       0x08002b79   Thumb Code    20  stm32f4xx_usart.o(.text)
    USART_SmartCardNACKCmd                   0x08002b8d   Thumb Code    20  stm32f4xx_usart.o(.text)
    USART_IrDAConfig                         0x08002ba1   Thumb Code    16  stm32f4xx_usart.o(.text)
    USART_IrDACmd                            0x08002bb1   Thumb Code    20  stm32f4xx_usart.o(.text)
    USART_DMACmd                             0x08002bc5   Thumb Code    16  stm32f4xx_usart.o(.text)
    USART_ITConfig                           0x08002bd5   Thumb Code    48  stm32f4xx_usart.o(.text)
    USART_GetFlagStatus                      0x08002c05   Thumb Code    14  stm32f4xx_usart.o(.text)
    USART_ClearFlag                          0x08002c13   Thumb Code     6  stm32f4xx_usart.o(.text)
    USART_GetITStatus                        0x08002c19   Thumb Code    62  stm32f4xx_usart.o(.text)
    USART_ClearITPendingBit                  0x08002c57   Thumb Code    12  stm32f4xx_usart.o(.text)
    TIM_DeInit                               0x08002c7d   Thumb Code   284  stm32f4xx_tim.o(.text)
    TIM_TimeBaseInit                         0x08002d99   Thumb Code    96  stm32f4xx_tim.o(.text)
    TIM_TimeBaseStructInit                   0x08002df9   Thumb Code    18  stm32f4xx_tim.o(.text)
    TIM_PrescalerConfig                      0x08002e0b   Thumb Code     6  stm32f4xx_tim.o(.text)
    TIM_CounterModeConfig                    0x08002e11   Thumb Code    12  stm32f4xx_tim.o(.text)
    TIM_SetCounter                           0x08002e1d   Thumb Code     4  stm32f4xx_tim.o(.text)
    TIM_SetAutoreload                        0x08002e21   Thumb Code     4  stm32f4xx_tim.o(.text)
    TIM_GetCounter                           0x08002e25   Thumb Code     4  stm32f4xx_tim.o(.text)
    TIM_GetPrescaler                         0x08002e29   Thumb Code     4  stm32f4xx_tim.o(.text)
    TIM_UpdateDisableConfig                  0x08002e2d   Thumb Code    20  stm32f4xx_tim.o(.text)
    TIM_UpdateRequestConfig                  0x08002e41   Thumb Code    20  stm32f4xx_tim.o(.text)
    TIM_ARRPreloadConfig                     0x08002e55   Thumb Code    20  stm32f4xx_tim.o(.text)
    TIM_SelectOnePulseMode                   0x08002e69   Thumb Code    16  stm32f4xx_tim.o(.text)
    TIM_SetClockDivision                     0x08002e79   Thumb Code    16  stm32f4xx_tim.o(.text)
    TIM_Cmd                                  0x08002e89   Thumb Code    20  stm32f4xx_tim.o(.text)
    TIM_OC1Init                              0x08002e9d   Thumb Code    88  stm32f4xx_tim.o(.text)
    TIM_OC2Init                              0x08002ef5   Thumb Code   120  stm32f4xx_tim.o(.text)
    TIM_OC3Init                              0x08002f6d   Thumb Code   116  stm32f4xx_tim.o(.text)
    TIM_OC4Init                              0x08002fe1   Thumb Code    88  stm32f4xx_tim.o(.text)
    TIM_OCStructInit                         0x08003039   Thumb Code    20  stm32f4xx_tim.o(.text)
    TIM_SelectOCxM                           0x0800304d   Thumb Code   130  stm32f4xx_tim.o(.text)
    TIM_SetCompare1                          0x080030cf   Thumb Code     4  stm32f4xx_tim.o(.text)
    TIM_SetCompare2                          0x080030d3   Thumb Code     4  stm32f4xx_tim.o(.text)
    TIM_SetCompare3                          0x080030d7   Thumb Code     4  stm32f4xx_tim.o(.text)
    TIM_SetCompare4                          0x080030db   Thumb Code     4  stm32f4xx_tim.o(.text)
    TIM_ForcedOC1Config                      0x080030df   Thumb Code    12  stm32f4xx_tim.o(.text)
    TIM_ForcedOC2Config                      0x080030eb   Thumb Code    20  stm32f4xx_tim.o(.text)
    TIM_ForcedOC3Config                      0x080030ff   Thumb Code    12  stm32f4xx_tim.o(.text)
    TIM_ForcedOC4Config                      0x0800310b   Thumb Code    20  stm32f4xx_tim.o(.text)
    TIM_OC1PreloadConfig                     0x0800311f   Thumb Code    12  stm32f4xx_tim.o(.text)
    TIM_OC2PreloadConfig                     0x0800312b   Thumb Code    20  stm32f4xx_tim.o(.text)
    TIM_OC3PreloadConfig                     0x0800313f   Thumb Code    12  stm32f4xx_tim.o(.text)
    TIM_OC4PreloadConfig                     0x0800314b   Thumb Code    20  stm32f4xx_tim.o(.text)
    TIM_OC1FastConfig                        0x0800315f   Thumb Code    12  stm32f4xx_tim.o(.text)
    TIM_OC2FastConfig                        0x0800316b   Thumb Code    20  stm32f4xx_tim.o(.text)
    TIM_OC3FastConfig                        0x0800317f   Thumb Code    12  stm32f4xx_tim.o(.text)
    TIM_OC4FastConfig                        0x0800318b   Thumb Code    20  stm32f4xx_tim.o(.text)
    TIM_ClearOC1Ref                          0x0800319f   Thumb Code    12  stm32f4xx_tim.o(.text)
    TIM_ClearOC2Ref                          0x080031ab   Thumb Code    20  stm32f4xx_tim.o(.text)
    TIM_ClearOC3Ref                          0x080031bf   Thumb Code    12  stm32f4xx_tim.o(.text)
    TIM_ClearOC4Ref                          0x080031cb   Thumb Code    20  stm32f4xx_tim.o(.text)
    TIM_OC1PolarityConfig                    0x080031df   Thumb Code    12  stm32f4xx_tim.o(.text)
    TIM_OC1NPolarityConfig                   0x080031eb   Thumb Code    12  stm32f4xx_tim.o(.text)
    TIM_OC2PolarityConfig                    0x080031f7   Thumb Code    20  stm32f4xx_tim.o(.text)
    TIM_OC2NPolarityConfig                   0x0800320b   Thumb Code    20  stm32f4xx_tim.o(.text)
    TIM_OC3PolarityConfig                    0x0800321f   Thumb Code    20  stm32f4xx_tim.o(.text)
    TIM_OC3NPolarityConfig                   0x08003233   Thumb Code    20  stm32f4xx_tim.o(.text)
    TIM_OC4PolarityConfig                    0x08003247   Thumb Code    20  stm32f4xx_tim.o(.text)
    TIM_CCxCmd                               0x0800325b   Thumb Code    22  stm32f4xx_tim.o(.text)
    TIM_CCxNCmd                              0x08003271   Thumb Code    22  stm32f4xx_tim.o(.text)
    TIM_SetIC4Prescaler                      0x08003287   Thumb Code    24  stm32f4xx_tim.o(.text)
    TIM_SetIC3Prescaler                      0x0800329f   Thumb Code    16  stm32f4xx_tim.o(.text)
    TIM_SetIC2Prescaler                      0x080032af   Thumb Code    24  stm32f4xx_tim.o(.text)
    TIM_SetIC1Prescaler                      0x080032fd   Thumb Code    16  stm32f4xx_tim.o(.text)
    TIM_ICInit                               0x0800330d   Thumb Code   164  stm32f4xx_tim.o(.text)
    TIM_ICStructInit                         0x080033b1   Thumb Code    16  stm32f4xx_tim.o(.text)
    TIM_PWMIConfig                           0x080033c1   Thumb Code   104  stm32f4xx_tim.o(.text)
    TIM_GetCapture1                          0x08003429   Thumb Code     4  stm32f4xx_tim.o(.text)
    TIM_GetCapture2                          0x0800342d   Thumb Code     4  stm32f4xx_tim.o(.text)
    TIM_GetCapture3                          0x08003431   Thumb Code     4  stm32f4xx_tim.o(.text)
    TIM_GetCapture4                          0x08003435   Thumb Code     4  stm32f4xx_tim.o(.text)
    TIM_BDTRConfig                           0x08003439   Thumb Code    34  stm32f4xx_tim.o(.text)
    TIM_BDTRStructInit                       0x0800345b   Thumb Code    18  stm32f4xx_tim.o(.text)
    TIM_CtrlPWMOutputs                       0x0800346d   Thumb Code    22  stm32f4xx_tim.o(.text)
    TIM_SelectCOM                            0x08003483   Thumb Code    20  stm32f4xx_tim.o(.text)
    TIM_CCPreloadControl                     0x08003497   Thumb Code    20  stm32f4xx_tim.o(.text)
    TIM_ITConfig                             0x080034ab   Thumb Code    16  stm32f4xx_tim.o(.text)
    TIM_GenerateEvent                        0x080034bb   Thumb Code     4  stm32f4xx_tim.o(.text)
    TIM_GetFlagStatus                        0x080034bf   Thumb Code    14  stm32f4xx_tim.o(.text)
    TIM_ClearFlag                            0x080034cd   Thumb Code     6  stm32f4xx_tim.o(.text)
    TIM_GetITStatus                          0x080034d3   Thumb Code    24  stm32f4xx_tim.o(.text)
    TIM_ClearITPendingBit                    0x080034eb   Thumb Code     6  stm32f4xx_tim.o(.text)
    TIM_DMAConfig                            0x080034f1   Thumb Code     8  stm32f4xx_tim.o(.text)
    TIM_DMACmd                               0x080034f9   Thumb Code    16  stm32f4xx_tim.o(.text)
    TIM_SelectCCDMA                          0x08003509   Thumb Code    20  stm32f4xx_tim.o(.text)
    TIM_InternalClockConfig                  0x0800351d   Thumb Code    10  stm32f4xx_tim.o(.text)
    TIM_SelectInputTrigger                   0x08003527   Thumb Code    12  stm32f4xx_tim.o(.text)
    TIM_ITRxExternalClockConfig              0x08003533   Thumb Code    18  stm32f4xx_tim.o(.text)
    TIM_TIxExternalClockConfig               0x08003545   Thumb Code    46  stm32f4xx_tim.o(.text)
    TIM_ETRConfig                            0x08003573   Thumb Code    24  stm32f4xx_tim.o(.text)
    TIM_ETRClockMode1Config                  0x0800358b   Thumb Code    18  stm32f4xx_tim.o(.text)
    TIM_ETRClockMode2Config                  0x0800359d   Thumb Code    18  stm32f4xx_tim.o(.text)
    TIM_SelectOutputTrigger                  0x080035af   Thumb Code    16  stm32f4xx_tim.o(.text)
    TIM_SelectSlaveMode                      0x080035bf   Thumb Code    16  stm32f4xx_tim.o(.text)
    TIM_SelectMasterSlaveMode                0x080035cf   Thumb Code    16  stm32f4xx_tim.o(.text)
    TIM_EncoderInterfaceConfig               0x080035df   Thumb Code    50  stm32f4xx_tim.o(.text)
    TIM_SelectHallSensor                     0x08003611   Thumb Code    20  stm32f4xx_tim.o(.text)
    TIM_RemapConfig                          0x08003625   Thumb Code     6  stm32f4xx_tim.o(.text)
    SPI_I2S_DeInit                           0x08003659   Thumb Code    72  stm32f4xx_spi.o(.text)
    SPI_Init                                 0x080036a1   Thumb Code    56  stm32f4xx_spi.o(.text)
    I2S_Init                                 0x080036d9   Thumb Code   188  stm32f4xx_spi.o(.text)
    SPI_StructInit                           0x08003795   Thumb Code    24  stm32f4xx_spi.o(.text)
    I2S_StructInit                           0x080037ad   Thumb Code    18  stm32f4xx_spi.o(.text)
    SPI_Cmd                                  0x080037bf   Thumb Code    20  stm32f4xx_spi.o(.text)
    I2S_Cmd                                  0x080037d3   Thumb Code    20  stm32f4xx_spi.o(.text)
    SPI_DataSizeConfig                       0x080037e7   Thumb Code    16  stm32f4xx_spi.o(.text)
    SPI_BiDirectionalLineConfig              0x080037f7   Thumb Code    22  stm32f4xx_spi.o(.text)
    SPI_NSSInternalSoftwareConfig            0x0800380d   Thumb Code    24  stm32f4xx_spi.o(.text)
    SPI_SSOutputCmd                          0x08003825   Thumb Code    20  stm32f4xx_spi.o(.text)
    SPI_TIModeCmd                            0x08003839   Thumb Code    20  stm32f4xx_spi.o(.text)
    I2S_FullDuplexConfig                     0x0800384d   Thumb Code    58  stm32f4xx_spi.o(.text)
    SPI_I2S_ReceiveData                      0x08003887   Thumb Code     4  stm32f4xx_spi.o(.text)
    SPI_I2S_SendData                         0x0800388b   Thumb Code     4  stm32f4xx_spi.o(.text)
    SPI_CalculateCRC                         0x0800388f   Thumb Code    20  stm32f4xx_spi.o(.text)
    SPI_TransmitCRC                          0x080038a3   Thumb Code    10  stm32f4xx_spi.o(.text)
    SPI_GetCRC                               0x080038ad   Thumb Code    12  stm32f4xx_spi.o(.text)
    SPI_GetCRCPolynomial                     0x080038b9   Thumb Code     4  stm32f4xx_spi.o(.text)
    SPI_I2S_DMACmd                           0x080038bd   Thumb Code    16  stm32f4xx_spi.o(.text)
    SPI_I2S_ITConfig                         0x080038cd   Thumb Code    24  stm32f4xx_spi.o(.text)
    SPI_I2S_GetFlagStatus                    0x080038e5   Thumb Code    14  stm32f4xx_spi.o(.text)
    SPI_I2S_ClearFlag                        0x080038f3   Thumb Code     6  stm32f4xx_spi.o(.text)
    SPI_I2S_GetITStatus                      0x080038f9   Thumb Code    44  stm32f4xx_spi.o(.text)
    SPI_I2S_ClearITPendingBit                0x08003925   Thumb Code    14  stm32f4xx_spi.o(.text)
    RTC_WaitForSynchro                       0x08003949   Thumb Code    70  stm32f4xx_rtc.o(.text)
    RTC_EnterInitMode                        0x0800398f   Thumb Code    58  stm32f4xx_rtc.o(.text)
    RTC_DeInit                               0x080039c9   Thumb Code   142  stm32f4xx_rtc.o(.text)
    RTC_ExitInitMode                         0x08003a57   Thumb Code    14  stm32f4xx_rtc.o(.text)
    RTC_Init                                 0x08003a65   Thumb Code    74  stm32f4xx_rtc.o(.text)
    RTC_StructInit                           0x08003aaf   Thumb Code    14  stm32f4xx_rtc.o(.text)
    RTC_WriteProtectionCmd                   0x08003abd   Thumb Code    18  stm32f4xx_rtc.o(.text)
    RTC_RefClockCmd                          0x08003acf   Thumb Code    56  stm32f4xx_rtc.o(.text)
    RTC_BypassShadowCmd                      0x08003b07   Thumb Code    38  stm32f4xx_rtc.o(.text)
    RTC_SetTime                              0x08003b2d   Thumb Code   138  stm32f4xx_rtc.o(.text)
    RTC_TimeStructInit                       0x08003bb7   Thumb Code    12  stm32f4xx_rtc.o(.text)
    RTC_GetTime                              0x08003bc3   Thumb Code    70  stm32f4xx_rtc.o(.text)
    RTC_GetSubSecond                         0x08003c09   Thumb Code    14  stm32f4xx_rtc.o(.text)
    RTC_SetDate                              0x08003c17   Thumb Code   136  stm32f4xx_rtc.o(.text)
    RTC_DateStructInit                       0x08003c9f   Thumb Code    14  stm32f4xx_rtc.o(.text)
    RTC_GetDate                              0x08003cad   Thumb Code    66  stm32f4xx_rtc.o(.text)
    RTC_SetAlarm                             0x08003cef   Thumb Code   184  stm32f4xx_rtc.o(.text)
    RTC_AlarmStructInit                      0x08003da7   Thumb Code    20  stm32f4xx_rtc.o(.text)
    RTC_GetAlarm                             0x08003dbb   Thumb Code   104  stm32f4xx_rtc.o(.text)
    RTC_AlarmCmd                             0x08003e23   Thumb Code    78  stm32f4xx_rtc.o(.text)
    RTC_AlarmSubSecondConfig                 0x08003e71   Thumb Code    38  stm32f4xx_rtc.o(.text)
    RTC_GetAlarmSubSecond                    0x08003e97   Thumb Code    24  stm32f4xx_rtc.o(.text)
    RTC_WakeUpClockConfig                    0x08003eaf   Thumb Code    34  stm32f4xx_rtc.o(.text)
    RTC_SetWakeUpCounter                     0x08003ed1   Thumb Code    22  stm32f4xx_rtc.o(.text)
    RTC_GetWakeUpCounter                     0x08003ee7   Thumb Code    10  stm32f4xx_rtc.o(.text)
    RTC_WakeUpCmd                            0x08003ef1   Thumb Code    84  stm32f4xx_rtc.o(.text)
    RTC_DayLightSavingConfig                 0x08003f45   Thumb Code    38  stm32f4xx_rtc.o(.text)
    RTC_GetStoreOperation                    0x08003f6b   Thumb Code    12  stm32f4xx_rtc.o(.text)
    RTC_OutputConfig                         0x08003f77   Thumb Code    38  stm32f4xx_rtc.o(.text)
    RTC_CoarseCalibConfig                    0x08003f9d   Thumb Code    46  stm32f4xx_rtc.o(.text)
    RTC_CoarseCalibCmd                       0x08003fcb   Thumb Code    56  stm32f4xx_rtc.o(.text)
    RTC_CalibOutputCmd                       0x08004003   Thumb Code    38  stm32f4xx_rtc.o(.text)
    RTC_CalibOutputConfig                    0x08004029   Thumb Code    34  stm32f4xx_rtc.o(.text)
    RTC_SmoothCalibConfig                    0x0800404b   Thumb Code    72  stm32f4xx_rtc.o(.text)
    RTC_TimeStampCmd                         0x08004093   Thumb Code    42  stm32f4xx_rtc.o(.text)
    RTC_GetTimeStamp                         0x080040bd   Thumb Code   130  stm32f4xx_rtc.o(.text)
    RTC_GetTimeStampSubSecond                0x0800413f   Thumb Code     8  stm32f4xx_rtc.o(.text)
    RTC_TamperTriggerConfig                  0x08004147   Thumb Code    24  stm32f4xx_rtc.o(.text)
    RTC_TamperCmd                            0x0800415f   Thumb Code    28  stm32f4xx_rtc.o(.text)
    RTC_TamperFilterConfig                   0x0800417b   Thumb Code    18  stm32f4xx_rtc.o(.text)
    RTC_TamperSamplingFreqConfig             0x0800418d   Thumb Code    18  stm32f4xx_rtc.o(.text)
    RTC_TamperPinsPrechargeDuration          0x0800419f   Thumb Code    18  stm32f4xx_rtc.o(.text)
    RTC_TimeStampOnTamperDetectionCmd        0x080041b1   Thumb Code    22  stm32f4xx_rtc.o(.text)
    RTC_TamperPullUpCmd                      0x080041c7   Thumb Code    22  stm32f4xx_rtc.o(.text)
    RTC_WriteBackupRegister                  0x080041dd   Thumb Code    16  stm32f4xx_rtc.o(.text)
    RTC_ReadBackupRegister                   0x080041ed   Thumb Code    16  stm32f4xx_rtc.o(.text)
    RTC_TamperPinSelection                   0x080041fd   Thumb Code    18  stm32f4xx_rtc.o(.text)
    RTC_TimeStampPinSelection                0x0800420f   Thumb Code    18  stm32f4xx_rtc.o(.text)
    RTC_OutputTypeConfig                     0x08004221   Thumb Code    18  stm32f4xx_rtc.o(.text)
    RTC_SynchroShiftConfig                   0x08004233   Thumb Code    86  stm32f4xx_rtc.o(.text)
    RTC_ITConfig                             0x08004289   Thumb Code    60  stm32f4xx_rtc.o(.text)
    RTC_GetFlagStatus                        0x080042c5   Thumb Code    24  stm32f4xx_rtc.o(.text)
    RTC_ClearFlag                            0x080042dd   Thumb Code    24  stm32f4xx_rtc.o(.text)
    RTC_GetITStatus                          0x080042f5   Thumb Code    46  stm32f4xx_rtc.o(.text)
    RTC_ClearITPendingBit                    0x08004323   Thumb Code    24  stm32f4xx_rtc.o(.text)
    PWR_DeInit                               0x0800436d   Thumb Code    24  stm32f4xx_pwr.o(.text)
    PWR_BackupAccessCmd                      0x08004385   Thumb Code     6  stm32f4xx_pwr.o(.text)
    PWR_PVDLevelConfig                       0x0800438b   Thumb Code    14  stm32f4xx_pwr.o(.text)
    PWR_PVDCmd                               0x08004399   Thumb Code     6  stm32f4xx_pwr.o(.text)
    PWR_WakeUpPinCmd                         0x0800439f   Thumb Code     8  stm32f4xx_pwr.o(.text)
    PWR_BackupRegulatorCmd                   0x080043a7   Thumb Code     8  stm32f4xx_pwr.o(.text)
    PWR_MainRegulatorModeConfig              0x080043af   Thumb Code    22  stm32f4xx_pwr.o(.text)
    PWR_FlashPowerDownCmd                    0x080043c5   Thumb Code     6  stm32f4xx_pwr.o(.text)
    PWR_EnterSTOPMode                        0x080043cb   Thumb Code    42  stm32f4xx_pwr.o(.text)
    PWR_EnterSTANDBYMode                     0x080043f5   Thumb Code    32  stm32f4xx_pwr.o(.text)
    PWR_GetFlagStatus                        0x08004415   Thumb Code    16  stm32f4xx_pwr.o(.text)
    PWR_ClearFlag                            0x08004425   Thumb Code    12  stm32f4xx_pwr.o(.text)
    WWDG_DeInit                              0x0800443d   Thumb Code    24  stm32f4xx_wwdg.o(.text)
    WWDG_SetPrescaler                        0x08004455   Thumb Code    14  stm32f4xx_wwdg.o(.text)
    WWDG_SetWindowValue                      0x08004463   Thumb Code    22  stm32f4xx_wwdg.o(.text)
    WWDG_EnableIT                            0x08004479   Thumb Code     8  stm32f4xx_wwdg.o(.text)
    WWDG_SetCounter                          0x08004481   Thumb Code    12  stm32f4xx_wwdg.o(.text)
    WWDG_Enable                              0x0800448d   Thumb Code    12  stm32f4xx_wwdg.o(.text)
    WWDG_GetFlagStatus                       0x08004499   Thumb Code    16  stm32f4xx_wwdg.o(.text)
    WWDG_ClearFlag                           0x080044a9   Thumb Code    10  stm32f4xx_wwdg.o(.text)
    IWDG_WriteAccessCmd                      0x080044bd   Thumb Code     6  stm32f4xx_iwdg.o(.text)
    IWDG_SetPrescaler                        0x080044c3   Thumb Code     6  stm32f4xx_iwdg.o(.text)
    IWDG_SetReload                           0x080044c9   Thumb Code     6  stm32f4xx_iwdg.o(.text)
    IWDG_ReloadCounter                       0x080044cf   Thumb Code    10  stm32f4xx_iwdg.o(.text)
    IWDG_Enable                              0x080044d9   Thumb Code    10  stm32f4xx_iwdg.o(.text)
    IWDG_GetFlagStatus                       0x080044e3   Thumb Code    16  stm32f4xx_iwdg.o(.text)
    ADC_DeInit                               0x080044f9   Thumb Code    24  stm32f4xx_adc.o(.text)
    ADC_Init                                 0x08004511   Thumb Code    66  stm32f4xx_adc.o(.text)
    ADC_StructInit                           0x08004553   Thumb Code    20  stm32f4xx_adc.o(.text)
    ADC_CommonInit                           0x08004567   Thumb Code    30  stm32f4xx_adc.o(.text)
    ADC_CommonStructInit                     0x08004585   Thumb Code    12  stm32f4xx_adc.o(.text)
    ADC_Cmd                                  0x08004591   Thumb Code    20  stm32f4xx_adc.o(.text)
    ADC_AnalogWatchdogCmd                    0x080045a5   Thumb Code    12  stm32f4xx_adc.o(.text)
    ADC_AnalogWatchdogThresholdsConfig       0x080045b1   Thumb Code     6  stm32f4xx_adc.o(.text)
    ADC_AnalogWatchdogSingleChannelConfig    0x080045b7   Thumb Code    12  stm32f4xx_adc.o(.text)
    ADC_TempSensorVrefintCmd                 0x080045c3   Thumb Code    26  stm32f4xx_adc.o(.text)
    ADC_VBATCmd                              0x080045dd   Thumb Code    26  stm32f4xx_adc.o(.text)
    ADC_RegularChannelConfig                 0x080045f7   Thumb Code   116  stm32f4xx_adc.o(.text)
    ADC_SoftwareStartConv                    0x0800466b   Thumb Code    10  stm32f4xx_adc.o(.text)
    ADC_GetSoftwareStartConvStatus           0x08004675   Thumb Code    14  stm32f4xx_adc.o(.text)
    ADC_EOCOnEachRegularChannelCmd           0x08004683   Thumb Code    20  stm32f4xx_adc.o(.text)
    ADC_ContinuousModeCmd                    0x08004697   Thumb Code    20  stm32f4xx_adc.o(.text)
    ADC_DiscModeChannelCountConfig           0x080046ab   Thumb Code    16  stm32f4xx_adc.o(.text)
    ADC_DiscModeCmd                          0x080046bb   Thumb Code    20  stm32f4xx_adc.o(.text)
    ADC_GetConversionValue                   0x080046cf   Thumb Code     6  stm32f4xx_adc.o(.text)
    ADC_GetMultiModeConversionValue          0x080046d5   Thumb Code     8  stm32f4xx_adc.o(.text)
    ADC_DMACmd                               0x080046dd   Thumb Code    20  stm32f4xx_adc.o(.text)
    ADC_DMARequestAfterLastTransferCmd       0x080046f1   Thumb Code    20  stm32f4xx_adc.o(.text)
    ADC_MultiModeDMARequestAfterLastTransferCmd 0x08004705   Thumb Code    26  stm32f4xx_adc.o(.text)
    ADC_InjectedChannelConfig                0x0800471f   Thumb Code    74  stm32f4xx_adc.o(.text)
    ADC_InjectedSequencerLengthConfig        0x08004769   Thumb Code    16  stm32f4xx_adc.o(.text)
    ADC_SetInjectedOffset                    0x08004779   Thumb Code    10  stm32f4xx_adc.o(.text)
    ADC_ExternalTrigInjectedConvConfig       0x08004783   Thumb Code    12  stm32f4xx_adc.o(.text)
    ADC_ExternalTrigInjectedConvEdgeConfig   0x0800478f   Thumb Code    12  stm32f4xx_adc.o(.text)
    ADC_SoftwareStartInjectedConv            0x0800479b   Thumb Code    10  stm32f4xx_adc.o(.text)
    ADC_GetSoftwareStartInjectedConvCmdStatus 0x080047a5   Thumb Code    14  stm32f4xx_adc.o(.text)
    ADC_AutoInjectedConvCmd                  0x080047b3   Thumb Code    20  stm32f4xx_adc.o(.text)
    ADC_InjectedDiscModeCmd                  0x080047c7   Thumb Code    20  stm32f4xx_adc.o(.text)
    ADC_GetInjectedConversionValue           0x080047db   Thumb Code    14  stm32f4xx_adc.o(.text)
    ADC_ITConfig                             0x080047e9   Thumb Code    18  stm32f4xx_adc.o(.text)
    ADC_GetFlagStatus                        0x080047fb   Thumb Code    14  stm32f4xx_adc.o(.text)
    ADC_ClearFlag                            0x08004809   Thumb Code     6  stm32f4xx_adc.o(.text)
    ADC_GetITStatus                          0x0800480f   Thumb Code    30  stm32f4xx_adc.o(.text)
    ADC_ClearITPendingBit                    0x0800482d   Thumb Code     8  stm32f4xx_adc.o(.text)
    CPU_IntDis                               0x0800484d   Thumb Code     0  cpu_a.o(.text)
    CPU_IntEn                                0x08004851   Thumb Code     0  cpu_a.o(.text)
    CPU_SR_Save                              0x08004855   Thumb Code     0  cpu_a.o(.text)
    CPU_SR_Restore                           0x0800485d   Thumb Code     0  cpu_a.o(.text)
    CPU_WaitForInt                           0x08004863   Thumb Code     0  cpu_a.o(.text)
    CPU_WaitForExcept                        0x08004867   Thumb Code     0  cpu_a.o(.text)
    CPU_CntLeadZeros                         0x0800486b   Thumb Code     0  cpu_a.o(.text)
    CPU_CntTrailZeros                        0x08004871   Thumb Code     0  cpu_a.o(.text)
    CPU_RevBits                              0x0800487b   Thumb Code     0  cpu_a.o(.text)
    CPU_NameClr                              0x08004881   Thumb Code    26  cpu_core.o(.text)
    CPU_Init                                 0x0800489b   Thumb Code    18  cpu_core.o(.text)
    CPU_SW_Exception                         0x080048ad   Thumb Code     2  cpu_core.o(.text)
    CPU_NameGet                              0x080048af   Thumb Code    46  cpu_core.o(.text)
    CPU_NameSet                              0x080048dd   Thumb Code    62  cpu_core.o(.text)
    CPU_TS_Get32                             0x0800491b   Thumb Code     4  cpu_core.o(.text)
    CPU_TS_Update                            0x0800491f   Thumb Code     2  cpu_core.o(.text)
    CPU_TS_TmrFreqGet                        0x08004921   Thumb Code    24  cpu_core.o(.text)
    CPU_TS_TmrFreqSet                        0x08004939   Thumb Code     6  cpu_core.o(.text)
    CPU_CntLeadZeros08                       0x0800493f   Thumb Code    10  cpu_core.o(.text)
    CPU_CntLeadZeros16                       0x08004949   Thumb Code    10  cpu_core.o(.text)
    CPU_CntLeadZeros32                       0x08004953   Thumb Code     4  cpu_core.o(.text)
    CPU_CntLeadZeros64                       0x08004957   Thumb Code   156  cpu_core.o(.text)
    CPU_CntTrailZeros08                      0x080049f3   Thumb Code    10  cpu_core.o(.text)
    CPU_CntTrailZeros16                      0x080049fd   Thumb Code    10  cpu_core.o(.text)
    CPU_CntTrailZeros32                      0x08004a07   Thumb Code    10  cpu_core.o(.text)
    CPU_CntTrailZeros64                      0x08004a11   Thumb Code    36  cpu_core.o(.text)
    OSIdleTaskHook                           0x08004a41   Thumb Code    12  os_cpu_c.o(.text)
    OSInitHook                               0x08004a4d   Thumb Code    22  os_cpu_c.o(.text)
    OSStatTaskHook                           0x08004a63   Thumb Code    12  os_cpu_c.o(.text)
    OSTaskCreateHook                         0x08004a6f   Thumb Code    12  os_cpu_c.o(.text)
    OSTaskDelHook                            0x08004a7b   Thumb Code    12  os_cpu_c.o(.text)
    OSTaskReturnHook                         0x08004a87   Thumb Code    12  os_cpu_c.o(.text)
    OSTaskStkInit                            0x08004a93   Thumb Code    96  os_cpu_c.o(.text)
    OSTaskSwHook                             0x08004af3   Thumb Code    46  os_cpu_c.o(.text)
    OSTimeTickHook                           0x08004b21   Thumb Code    12  os_cpu_c.o(.text)
    OS_CPU_SysTickHandler                    0x08004b2d   Thumb Code    30  os_cpu_c.o(.text)
    OS_CPU_SysTickInit                       0x08004b4b   Thumb Code    36  os_cpu_c.o(.text)
    OSCfg_Init                               0x08004bad   Thumb Code     2  os_cfg_app.o(.text)
    OS_IdleTask                              0x08004bb1   Thumb Code    30  os_core.o(.text)
    OS_IdleTaskInit                          0x08004bcf   Thumb Code    62  os_core.o(.text)
    OS_RdyListInit                           0x08004c0d   Thumb Code    30  os_core.o(.text)
    OSInit                                   0x08004c2b   Thumb Code   254  os_core.o(.text)
    OSIntEnter                               0x08004d29   Thumb Code    22  os_core.o(.text)
    OSIntExit                                0x08004d3f   Thumb Code   100  os_core.o(.text)
    OSSched                                  0x08004da3   Thumb Code    86  os_core.o(.text)
    OSSchedLock                              0x08004df9   Thumb Code    64  os_core.o(.text)
    OSSchedUnlock                            0x08004e39   Thumb Code    82  os_core.o(.text)
    OSSchedRoundRobinCfg                     0x08004e8b   Thumb Code    60  os_core.o(.text)
    OS_RdyListMoveHeadToTail                 0x08004ec7   Thumb Code    52  os_core.o(.text)
    OSSchedRoundRobinYield                   0x08004efb   Thumb Code   114  os_core.o(.text)
    OSStart                                  0x08004f6d   Thumb Code   202  os_core.o(.text)
    OSVersion                                0x08005037   Thumb Code    10  os_core.o(.text)
    OS_PendDbgNameAdd                        0x08005041   Thumb Code    46  os_core.o(.text)
    OS_PendListInsertPrio                    0x0800506f   Thumb Code    90  os_core.o(.text)
    OS_PendDataInit                          0x080050c9   Thumb Code    38  os_core.o(.text)
    OS_RdyListRemove                         0x080050ef   Thumb Code    78  os_core.o(.text)
    OS_TaskBlock                             0x0800513d   Thumb Code    42  os_core.o(.text)
    OS_Pend                                  0x08005167   Thumb Code    72  os_core.o(.text)
    OS_PendListRemove1                       0x080051af   Thumb Code    54  os_core.o(.text)
    OS_PendListRemove                        0x080051e5   Thumb Code    38  os_core.o(.text)
    OS_PendAbort1                            0x0800520b   Thumb Code    32  os_core.o(.text)
    OS_RdyListInsertHead                     0x0800522b   Thumb Code    52  os_core.o(.text)
    OS_RdyListInsertTail                     0x0800525f   Thumb Code    48  os_core.o(.text)
    OS_RdyListInsert                         0x0800528f   Thumb Code    38  os_core.o(.text)
    OS_TaskRdy                               0x080052b5   Thumb Code    26  os_core.o(.text)
    OS_PendAbort                             0x080052cf   Thumb Code   128  os_core.o(.text)
    OS_PendDbgNameRemove                     0x0800534f   Thumb Code    22  os_core.o(.text)
    OS_PendListChangePrio                    0x08005365   Thumb Code    50  os_core.o(.text)
    OS_PendListInit                          0x08005397   Thumb Code    10  os_core.o(.text)
    OS_PendListInsertHead                    0x080053a1   Thumb Code    32  os_core.o(.text)
    OS_PendObjDel1                           0x080053c1   Thumb Code    32  os_core.o(.text)
    OS_PendObjDel                            0x080053e1   Thumb Code   156  os_core.o(.text)
    OS_Post1                                 0x0800547d   Thumb Code    38  os_core.o(.text)
    OS_Post                                  0x080054a3   Thumb Code   154  os_core.o(.text)
    OS_SchedRoundRobin                       0x0800553d   Thumb Code    80  os_core.o(.text)
    OS_Dbg_Init                              0x0800559d   Thumb Code     2  os_dbg.o(.text)
    OS_FlagDbgListAdd                        0x080055a1   Thumb Code    26  os_flag.o(.text)
    OSFlagCreate                             0x080055bb   Thumb Code    86  os_flag.o(.text)
    OS_FlagClr                               0x08005611   Thumb Code    18  os_flag.o(.text)
    OS_FlagDbgListRemove                     0x08005623   Thumb Code    36  os_flag.o(.text)
    OSFlagDel                                0x08005647   Thumb Code   222  os_flag.o(.text)
    OS_FlagBlock                             0x08005725   Thumb Code    28  os_flag.o(.text)
    OSFlagPend                               0x08005741   Thumb Code   534  os_flag.o(.text)
    OSFlagPendAbort                          0x08005957   Thumb Code   212  os_flag.o(.text)
    OSFlagPendGetFlagsRdy                    0x08005a2b   Thumb Code    44  os_flag.o(.text)
    OS_FlagTaskRdy                           0x08005a57   Thumb Code    64  os_flag.o(.text)
    OS_FlagPost                              0x08005a97   Thumb Code   240  os_flag.o(.text)
    OSFlagPost                               0x08005b87   Thumb Code    82  os_flag.o(.text)
    OS_FlagInit                              0x08005bd9   Thumb Code    14  os_flag.o(.text)
    OS_MemDbgListAdd                         0x08005bfd   Thumb Code    22  os_mem.o(.text)
    OSMemCreate                              0x08005c13   Thumb Code   158  os_mem.o(.text)
    OSMemGet                                 0x08005cb1   Thumb Code    60  os_mem.o(.text)
    OSMemPut                                 0x08005ced   Thumb Code    70  os_mem.o(.text)
    OS_MemInit                               0x08005d33   Thumb Code    14  os_mem.o(.text)
    OS_MsgPoolInit                           0x08005d51   Thumb Code    92  os_msg.o(.text)
    OS_MsgQFreeAll                           0x08005dad   Thumb Code    48  os_msg.o(.text)
    OS_MsgQInit                              0x08005ddd   Thumb Code    14  os_msg.o(.text)
    OS_MsgQGet                               0x08005deb   Thumb Code    82  os_msg.o(.text)
    OS_MsgQPut                               0x08005e3d   Thumb Code   132  os_msg.o(.text)
    OS_MutexDbgListAdd                       0x08005ecd   Thumb Code    26  os_mutex.o(.text)
    OSMutexCreate                            0x08005ee7   Thumb Code    94  os_mutex.o(.text)
    OS_MutexClr                              0x08005f45   Thumb Code    30  os_mutex.o(.text)
    OS_MutexDbgListRemove                    0x08005f63   Thumb Code    36  os_mutex.o(.text)
    OSMutexDel                               0x08005f87   Thumb Code   304  os_mutex.o(.text)
    OSMutexPend                              0x080060b7   Thumb Code   398  os_mutex.o(.text)
    OSMutexPendAbort                         0x08006245   Thumb Code   212  os_mutex.o(.text)
    OSMutexPost                              0x08006319   Thumb Code   272  os_mutex.o(.text)
    OS_MutexInit                             0x08006429   Thumb Code    14  os_mutex.o(.text)
    OS_PrioInit                              0x08006451   Thumb Code    18  os_prio.o(.text)
    OS_PrioGetHighest                        0x08006463   Thumb Code    32  os_prio.o(.text)
    OS_PrioInsert                            0x08006483   Thumb Code    28  os_prio.o(.text)
    OS_PrioRemove                            0x0800649f   Thumb Code    28  os_prio.o(.text)
    OS_QDbgListAdd                           0x080064c1   Thumb Code    26  os_q.o(.text)
    OSQCreate                                0x080064db   Thumb Code   100  os_q.o(.text)
    OS_QClr                                  0x0800653f   Thumb Code    40  os_q.o(.text)
    OS_QDbgListRemove                        0x08006567   Thumb Code    36  os_q.o(.text)
    OSQDel                                   0x0800658b   Thumb Code   222  os_q.o(.text)
    OSQFlush                                 0x08006669   Thumb Code    76  os_q.o(.text)
    OSQPend                                  0x080066b5   Thumb Code   316  os_q.o(.text)
    OSQPendAbort                             0x080067f1   Thumb Code   170  os_q.o(.text)
    OS_QPost                                 0x0800689b   Thumb Code   166  os_q.o(.text)
    OSQPost                                  0x08006941   Thumb Code   116  os_q.o(.text)
    OS_QInit                                 0x080069b5   Thumb Code    14  os_q.o(.text)
    OS_SemDbgListAdd                         0x080069d1   Thumb Code    26  os_sem.o(.text)
    OSSemCreate                              0x080069eb   Thumb Code    86  os_sem.o(.text)
    OS_SemClr                                0x08006a41   Thumb Code    20  os_sem.o(.text)
    OS_SemDbgListRemove                      0x08006a55   Thumb Code    36  os_sem.o(.text)
    OSSemDel                                 0x08006a79   Thumb Code   222  os_sem.o(.text)
    OSSemPend                                0x08006b57   Thumb Code   290  os_sem.o(.text)
    OSSemPendAbort                           0x08006c79   Thumb Code   170  os_sem.o(.text)
    OS_SemPost                               0x08006d23   Thumb Code   132  os_sem.o(.text)
    OSSemPost                                0x08006da7   Thumb Code   120  os_sem.o(.text)
    OSSemSet                                 0x08006e1f   Thumb Code    78  os_sem.o(.text)
    OS_SemInit                               0x08006e6d   Thumb Code    14  os_sem.o(.text)
    OSStatReset                              0x08006e8d   Thumb Code   126  os_stat.o(.text)
    OSStatTaskCPUUsageInit                   0x08006f0b   Thumb Code    98  os_stat.o(.text)
    OS_StatTask                              0x08006f6d   Thumb Code   444  os_stat.o(.text)
    OS_StatTaskInit                          0x08007129   Thumb Code   120  os_stat.o(.text)
    OSTaskChangePrio                         0x08007215   Thumb Code   178  os_task.o(.text)
    OS_TaskDbgListAdd                        0x080072c7   Thumb Code    30  os_task.o(.text)
    OS_TaskInitTCB                           0x080072e5   Thumb Code   162  os_task.o(.text)
    OSTaskCreate                             0x08007387   Thumb Code   334  os_task.o(.text)
    OS_TaskDbgListRemove                     0x080074d5   Thumb Code    52  os_task.o(.text)
    OSTaskDel                                0x08007509   Thumb Code   192  os_task.o(.text)
    OSTaskQFlush                             0x080075c9   Thumb Code   112  os_task.o(.text)
    OSTaskQPend                              0x08007639   Thumb Code   306  os_task.o(.text)
    OSTaskQPendAbort                         0x0800776b   Thumb Code   126  os_task.o(.text)
    OS_TaskQPost                             0x080077e9   Thumb Code   138  os_task.o(.text)
    OSTaskQPost                              0x08007873   Thumb Code    66  os_task.o(.text)
    OSTaskRegGet                             0x080078b5   Thumb Code    42  os_task.o(.text)
    OSTaskRegGetID                           0x080078df   Thumb Code    42  os_task.o(.text)
    OSTaskRegSet                             0x08007909   Thumb Code    40  os_task.o(.text)
    OS_TaskResume                            0x08007931   Thumb Code   168  os_task.o(.text)
    OSTaskResume                             0x080079d9   Thumb Code    60  os_task.o(.text)
    OSTaskSemPend                            0x08007a15   Thumb Code   290  os_task.o(.text)
    OSTaskSemPendAbort                       0x08007b37   Thumb Code   130  os_task.o(.text)
    OS_TaskSemPost                           0x08007bb9   Thumb Code   148  os_task.o(.text)
    OSTaskSemPost                            0x08007c4d   Thumb Code    44  os_task.o(.text)
    OSTaskSemSet                             0x08007c79   Thumb Code    52  os_task.o(.text)
    OSTaskStkChk                             0x08007cad   Thumb Code   136  os_task.o(.text)
    OS_TaskSuspend                           0x08007d35   Thumb Code   144  os_task.o(.text)
    OSTaskSuspend                            0x08007dc5   Thumb Code    28  os_task.o(.text)
    OSTaskTimeQuantaSet                      0x08007de1   Thumb Code    68  os_task.o(.text)
    OS_TaskInit                              0x08007e25   Thumb Code    52  os_task.o(.text)
    OS_TaskReturn                            0x08007e59   Thumb Code    20  os_task.o(.text)
    OS_TickListRemove                        0x08007e71   Thumb Code    54  os_tick.o(.text)
    OS_TickListUpdate                        0x08007ea7   Thumb Code   266  os_tick.o(.text)
    OS_TickTask                              0x08007fb1   Thumb Code    36  os_tick.o(.text)
    OS_TickListInit                          0x08007fd5   Thumb Code    34  os_tick.o(.text)
    OS_TickTaskInit                          0x08007ff7   Thumb Code   114  os_tick.o(.text)
    OS_TickListInsert                        0x08008069   Thumb Code   202  os_tick.o(.text)
    OS_TickListResetPeak                     0x08008133   Thumb Code    30  os_tick.o(.text)
    OSTimeDly                                0x08008191   Thumb Code   128  os_time.o(.text)
    OSTimeDlyHMSM                            0x08008211   Thumb Code   268  os_time.o(.text)
    OSTimeDlyResume                          0x0800831d   Thumb Code   152  os_time.o(.text)
    OSTimeGet                                0x080083b5   Thumb Code    24  os_time.o(.text)
    OSTimeSet                                0x080083cd   Thumb Code    24  os_time.o(.text)
    OSTimeTick                               0x080083e5   Thumb Code    36  os_time.o(.text)
    ASCII_IsAlpha                            0x08008429   Thumb Code    22  lib_ascii.o(.text)
    ASCII_IsAlphaNum                         0x0800843f   Thumb Code    28  lib_ascii.o(.text)
    ASCII_IsLower                            0x0800845b   Thumb Code    14  lib_ascii.o(.text)
    ASCII_IsUpper                            0x08008469   Thumb Code    14  lib_ascii.o(.text)
    ASCII_IsDig                              0x08008477   Thumb Code    14  lib_ascii.o(.text)
    ASCII_IsDigOct                           0x08008485   Thumb Code    14  lib_ascii.o(.text)
    ASCII_IsDigHex                           0x08008493   Thumb Code    28  lib_ascii.o(.text)
    ASCII_IsBlank                            0x080084af   Thumb Code    16  lib_ascii.o(.text)
    ASCII_IsSpace                            0x080084bf   Thumb Code    32  lib_ascii.o(.text)
    ASCII_IsPrint                            0x080084df   Thumb Code    14  lib_ascii.o(.text)
    ASCII_IsGraph                            0x080084ed   Thumb Code    14  lib_ascii.o(.text)
    ASCII_IsPunct                            0x080084fb   Thumb Code    58  lib_ascii.o(.text)
    ASCII_IsCtrl                             0x08008535   Thumb Code    22  lib_ascii.o(.text)
    ASCII_ToLower                            0x0800854b   Thumb Code    14  lib_ascii.o(.text)
    ASCII_ToUpper                            0x08008559   Thumb Code    14  lib_ascii.o(.text)
    ASCII_Cmp                                0x08008567   Thumb Code    28  lib_ascii.o(.text)
    Mem_Init                                 0x08008585   Thumb Code    54  lib_mem.o(.text)
    Mem_Set                                  0x080085bb   Thumb Code    70  lib_mem.o(.text)
    Mem_Clr                                  0x08008601   Thumb Code     6  lib_mem.o(.text)
    Mem_Move                                 0x08008607   Thumb Code   132  lib_mem.o(.text)
    Mem_Cmp                                  0x0800868b   Thumb Code   128  lib_mem.o(.text)
    Mem_HeapAlloc                            0x080087ab   Thumb Code   164  lib_mem.o(.text)
    Mem_SegGetSizeRem                        0x0800884f   Thumb Code   114  lib_mem.o(.text)
    Mem_HeapGetSizeRem                       0x080088c1   Thumb Code     8  lib_mem.o(.text)
    Mem_PoolClr                              0x080088c9   Thumb Code    68  lib_mem.o(.text)
    Mem_PoolCreate                           0x0800890d   Thumb Code   722  lib_mem.o(.text)
    Mem_PoolBlkGetNbrAvail                   0x08008bdf   Thumb Code    64  lib_mem.o(.text)
    Mem_PoolBlkGet                           0x08008c1f   Thumb Code   126  lib_mem.o(.text)
    Mem_PoolBlkGetUsedAtIx                   0x08008c9d   Thumb Code   102  lib_mem.o(.text)
    Mem_PoolBlkFree                          0x08008d49   Thumb Code   208  lib_mem.o(.text)
    Mem_PoolBlkIxGet                         0x08008e19   Thumb Code   186  lib_mem.o(.text)
    Mem_Copy                                 0x08008ed9   Thumb Code     0  lib_mem_a.o(.text)
    Str_Len_N                                0x080090f9   Thumb Code    22  lib_str.o(.text)
    Str_Len                                  0x0800910f   Thumb Code     6  lib_str.o(.text)
    Str_Copy_N                               0x08009115   Thumb Code    48  lib_str.o(.text)
    Str_Copy                                 0x08009145   Thumb Code     6  lib_str.o(.text)
    Str_Cat_N                                0x0800914b   Thumb Code    58  lib_str.o(.text)
    Str_Cat                                  0x08009185   Thumb Code     6  lib_str.o(.text)
    Str_Cmp_N                                0x0800918b   Thumb Code    86  lib_str.o(.text)
    Str_Cmp                                  0x080091e1   Thumb Code     6  lib_str.o(.text)
    Str_CmpIgnoreCase_N                      0x080091e7   Thumb Code   146  lib_str.o(.text)
    Str_CmpIgnoreCase                        0x08009279   Thumb Code     6  lib_str.o(.text)
    Str_Char_N                               0x0800927f   Thumb Code    46  lib_str.o(.text)
    Str_Char                                 0x080092ad   Thumb Code     8  lib_str.o(.text)
    Str_Char_Last_N                          0x080092b5   Thumb Code    44  lib_str.o(.text)
    Str_Char_Last                            0x080092e1   Thumb Code     8  lib_str.o(.text)
    Str_Char_Replace_N                       0x080092e9   Thumb Code    42  lib_str.o(.text)
    Str_Char_Replace                         0x08009313   Thumb Code     6  lib_str.o(.text)
    Str_Str_N                                0x08009319   Thumb Code   120  lib_str.o(.text)
    Str_Str                                  0x08009391   Thumb Code     6  lib_str.o(.text)
    Str_FmtNbr_Int32U                        0x080094e7   Thumb Code    24  lib_str.o(.text)
    Str_FmtNbr_Int32S                        0x080094ff   Thumb Code    40  lib_str.o(.text)
    Str_ParseNbr_Int32U                      0x0800965b   Thumb Code    12  lib_str.o(.text)
    Str_ParseNbr_Int32S                      0x08009667   Thumb Code    42  lib_str.o(.text)
    __aeabi_uldivmod                         0x08009695   Thumb Code    98  uldiv.o(.text)
    __aeabi_memcpy                           0x080096f7   Thumb Code    36  memcpya.o(.text)
    __aeabi_memcpy4                          0x080096f7   Thumb Code     0  memcpya.o(.text)
    __aeabi_memcpy8                          0x080096f7   Thumb Code     0  memcpya.o(.text)
    __aeabi_memset                           0x0800971b   Thumb Code    14  memseta.o(.text)
    __aeabi_memset4                          0x0800971b   Thumb Code     0  memseta.o(.text)
    __aeabi_memset8                          0x0800971b   Thumb Code     0  memseta.o(.text)
    __aeabi_memclr                           0x08009729   Thumb Code     4  memseta.o(.text)
    __aeabi_memclr4                          0x08009729   Thumb Code     0  memseta.o(.text)
    __aeabi_memclr8                          0x08009729   Thumb Code     0  memseta.o(.text)
    _memset$wrapper                          0x0800972d   Thumb Code    18  memseta.o(.text)
    strcat                                   0x0800973f   Thumb Code    24  strcat.o(.text)
    strlen                                   0x08009757   Thumb Code    14  strlen.o(.text)
    memcmp                                   0x08009765   Thumb Code    26  memcmp.o(.text)
    __aeabi_dadd                             0x0800977f   Thumb Code   322  dadd.o(.text)
    __aeabi_dsub                             0x080098c1   Thumb Code     6  dadd.o(.text)
    __aeabi_drsub                            0x080098c7   Thumb Code     6  dadd.o(.text)
    __aeabi_dmul                             0x080098cd   Thumb Code   228  dmul.o(.text)
    __aeabi_ddiv                             0x080099b1   Thumb Code   222  ddiv.o(.text)
    __ARM_scalbn                             0x08009a8f   Thumb Code    46  dscalb.o(.text)
    scalbn                                   0x08009a8f   Thumb Code     0  dscalb.o(.text)
    __aeabi_ui2d                             0x08009abd   Thumb Code    26  dfltui.o(.text)
    __aeabi_cdcmpeq                          0x08009ad9   Thumb Code     0  cdcmple.o(.text)
    __aeabi_cdcmple                          0x08009ad9   Thumb Code    38  cdcmple.o(.text)
    __aeabi_cdrcmple                         0x08009b01   Thumb Code    38  cdrcmple.o(.text)
    __aeabi_uidiv                            0x08009b29   Thumb Code     0  uidiv.o(.text)
    __aeabi_uidivmod                         0x08009b29   Thumb Code    44  uidiv.o(.text)
    __aeabi_llsl                             0x08009b55   Thumb Code    30  llshl.o(.text)
    _ll_shift_l                              0x08009b55   Thumb Code     0  llshl.o(.text)
    __aeabi_llsr                             0x08009b73   Thumb Code    32  llushr.o(.text)
    _ll_ushift_r                             0x08009b73   Thumb Code     0  llushr.o(.text)
    __aeabi_lasr                             0x08009b93   Thumb Code    36  llsshr.o(.text)
    _ll_sshift_r                             0x08009b93   Thumb Code     0  llsshr.o(.text)
    __I$use$fp                               0x08009bb7   Thumb Code     0  iusefp.o(.text)
    _double_round                            0x08009bb7   Thumb Code    26  depilogue.o(.text)
    _double_epilogue                         0x08009bd1   Thumb Code   164  depilogue.o(.text)
    _dsqrt                                   0x08009c75   Thumb Code   162  dsqrt.o(.text)
    __aeabi_i2d                              0x08009d17   Thumb Code    34  dflti.o(.text)
    __aeabi_d2ulz                            0x08009d39   Thumb Code    48  dfixul.o(.text)
    __scatterload                            0x08009d69   Thumb Code    28  init.o(.text)
    __scatterload_rt2                        0x08009d69   Thumb Code     0  init.o(.text)
    __decompress                             0x08009d8d   Thumb Code     0  __dczerorl2.o(.text)
    __decompress1                            0x08009d8d   Thumb Code    92  __dczerorl2.o(.text)
    OSStartHighRdy                           0x08009de9   Thumb Code     0  os_cpu_a.o(CODE)
    OSCtxSw                                  0x08009e0b   Thumb Code     0  os_cpu_a.o(CODE)
    OSIntCtxSw                               0x08009e15   Thumb Code     0  os_cpu_a.o(CODE)
    OS_CPU_PendSVHandler                     0x08009e1f   Thumb Code     0  os_cpu_a.o(CODE)
    __0printf                                0x08009e81   Thumb Code    22  printfa.o(i.__0printf)
    __1printf                                0x08009e81   Thumb Code     0  printfa.o(i.__0printf)
    __2printf                                0x08009e81   Thumb Code     0  printfa.o(i.__0printf)
    __c89printf                              0x08009e81   Thumb Code     0  printfa.o(i.__0printf)
    printf                                   0x08009e81   Thumb Code     0  printfa.o(i.__0printf)
    __0sprintf                               0x08009ea1   Thumb Code    34  printfa.o(i.__0sprintf)
    __1sprintf                               0x08009ea1   Thumb Code     0  printfa.o(i.__0sprintf)
    __2sprintf                               0x08009ea1   Thumb Code     0  printfa.o(i.__0sprintf)
    __c89sprintf                             0x08009ea1   Thumb Code     0  printfa.o(i.__0sprintf)
    sprintf                                  0x08009ea1   Thumb Code     0  printfa.o(i.__0sprintf)
    __kernel_poly                            0x08009ec9   Thumb Code   170  poly.o(i.__kernel_poly)
    __scatterload_copy                       0x08009f73   Thumb Code    14  handlers.o(i.__scatterload_copy)
    __scatterload_null                       0x08009f81   Thumb Code     2  handlers.o(i.__scatterload_null)
    __scatterload_zeroinit                   0x08009f83   Thumb Code    14  handlers.o(i.__scatterload_zeroinit)
    __set_errno                              0x08009f91   Thumb Code     6  errno.o(i.__set_errno)
    free                                     0x0800a849   Thumb Code    76  malloc.o(i.free)
    log                                      0x0800a899   Thumb Code   822  log.o(i.log)
    malloc                                   0x0800ac09   Thumb Code    92  malloc.o(i.malloc)
    sqrt                                     0x0800ac75   Thumb Code    76  sqrt.o(i.sqrt)
    szEndInfo                                0x0800acc0   Data           3  appmain.o(.constdata)
    szDeviceInfo                             0x0800acc3   Data           4  appmain.o(.constdata)
    szDeviceName                             0x0800acc7   Data           6  appmain.o(.constdata)
    szInfo1                                  0x0800accd   Data           7  appmain.o(.constdata)
    szErrorInfo1                             0x0800acd4   Data          11  appmain.o(.constdata)
    szErrorInfo2                             0x0800acdf   Data          14  appmain.o(.constdata)
    szInfo2                                  0x0800aced   Data           9  appmain.o(.constdata)
    szInqueryCmd                             0x0800acf6   Data          10  appmain.o(.constdata)
    OSCfg_IdleTaskStkBasePtr                 0x0800ae70   Data           4  os_cfg_app.o(.constdata)
    OSCfg_IdleTaskStkLimit                   0x0800ae74   Data           4  os_cfg_app.o(.constdata)
    OSCfg_IdleTaskStkSize                    0x0800ae78   Data           4  os_cfg_app.o(.constdata)
    OSCfg_ISRStkBasePtr                      0x0800ae7c   Data           4  os_cfg_app.o(.constdata)
    OSCfg_ISRStkSize                         0x0800ae80   Data           4  os_cfg_app.o(.constdata)
    OSCfg_MsgPoolSize                        0x0800ae84   Data           2  os_cfg_app.o(.constdata)
    OSCfg_MsgPoolBasePtr                     0x0800ae88   Data           4  os_cfg_app.o(.constdata)
    OSCfg_StatTaskPrio                       0x0800ae8c   Data           1  os_cfg_app.o(.constdata)
    OSCfg_StatTaskRate_Hz                    0x0800ae90   Data           4  os_cfg_app.o(.constdata)
    OSCfg_StatTaskStkBasePtr                 0x0800ae94   Data           4  os_cfg_app.o(.constdata)
    OSCfg_StatTaskStkLimit                   0x0800ae98   Data           4  os_cfg_app.o(.constdata)
    OSCfg_StatTaskStkSize                    0x0800ae9c   Data           4  os_cfg_app.o(.constdata)
    OSCfg_StkSizeMin                         0x0800aea0   Data           4  os_cfg_app.o(.constdata)
    OSCfg_TickRate_Hz                        0x0800aea4   Data           4  os_cfg_app.o(.constdata)
    OSCfg_TickTaskPrio                       0x0800aea8   Data           1  os_cfg_app.o(.constdata)
    OSCfg_TickTaskStkBasePtr                 0x0800aeac   Data           4  os_cfg_app.o(.constdata)
    OSCfg_TickTaskStkLimit                   0x0800aeb0   Data           4  os_cfg_app.o(.constdata)
    OSCfg_TickTaskStkSize                    0x0800aeb4   Data           4  os_cfg_app.o(.constdata)
    OSCfg_TickWheelSize                      0x0800aeb8   Data           2  os_cfg_app.o(.constdata)
    __mathlib_zero                           0x0800af88   Data           8  qnan.o(.constdata)
    Region$$Table$$Base                      0x0800af90   Number         0  anon$$obj.o(Region$$Table)
    Region$$Table$$Limit                     0x0800afb0   Number         0  anon$$obj.o(Region$$Table)
    pUart3QueueInfo                          0x20000000   Data           4  app.o(.data)
    PulseNUM                                 0x20000004   Data           1  freqmeasurement.o(.data)
    measureflag                              0x20000008   Data           1  stm32f4xx_it.o(.data)
    PulseNumFlag                             0x20000009   Data           1  stm32f4xx_it.o(.data)
    CountTimes                               0x2000000c   Data           4  stm32f4xx_it.o(.data)
    OnFreq                                   0x20000010   Data           8  stm32f4xx_it.o(.data)
    szInquery1Cmd                            0x20000018   Data          16  appmain.o(.data)
    szConfigureInfo1                         0x20000028   Data          32  appmain.o(.data)
    szConfigureInfo2                         0x20000048   Data          30  appmain.o(.data)
    szCmd1                                   0x20000066   Data          20  appmain.o(.data)
    szCmd2                                   0x2000007a   Data          18  appmain.o(.data)
    szResponse                               0x2000008c   Data          20  appmain.o(.data)
    preData                                  0x200000a0   Data           1  usart_serial.o(.data)
    finishflag                               0x200000a1   Data           1  usart_serial.o(.data)
    SystemCoreClock                          0x200000a8   Data           4  system_stm32f4xx.o(.data)
    AHBPrescTable                            0x200000ac   Data          16  system_stm32f4xx.o(.data)
    CPU_TS_TmrFreq_Hz                        0x200000cc   Data           4  cpu_core.o(.data)
    OS_CPU_ExceptStkBase                     0x200000d0   Data           4  os_cpu_c.o(.data)
    OSPrioTbl                                0x200000d4   Data           8  os_prio.o(.data)
    OS_AppTaskCreateHookPtr                  0x200000dc   Data           4  os_var.o(.data)
    OS_AppTaskDelHookPtr                     0x200000e0   Data           4  os_var.o(.data)
    OS_AppTaskReturnHookPtr                  0x200000e4   Data           4  os_var.o(.data)
    OS_AppIdleTaskHookPtr                    0x200000e8   Data           4  os_var.o(.data)
    OS_AppStatTaskHookPtr                    0x200000ec   Data           4  os_var.o(.data)
    OS_AppTaskSwHookPtr                      0x200000f0   Data           4  os_var.o(.data)
    OS_AppTimeTickHookPtr                    0x200000f4   Data           4  os_var.o(.data)
    OSIdleTaskCtr                            0x200000f8   Data           4  os_var.o(.data)
    OSIntNestingCtr                          0x200000fc   Data           1  os_var.o(.data)
    OSRunning                                0x200000fd   Data           1  os_var.o(.data)
    OSFlagDbgListPtr                         0x20000100   Data           4  os_var.o(.data)
    OSFlagQty                                0x20000104   Data           2  os_var.o(.data)
    OSMemDbgListPtr                          0x20000108   Data           4  os_var.o(.data)
    OSMemQty                                 0x2000010c   Data           2  os_var.o(.data)
    OSMutexDbgListPtr                        0x20000110   Data           4  os_var.o(.data)
    OSMutexQty                               0x20000114   Data           2  os_var.o(.data)
    OSPrioCur                                0x20000116   Data           1  os_var.o(.data)
    OSPrioHighRdy                            0x20000117   Data           1  os_var.o(.data)
    OSPrioSaved                              0x20000118   Data           1  os_var.o(.data)
    OSQDbgListPtr                            0x2000011c   Data           4  os_var.o(.data)
    OSQQty                                   0x20000120   Data           2  os_var.o(.data)
    OSSchedLockNestingCtr                    0x20000122   Data           1  os_var.o(.data)
    OSSchedRoundRobinDfltTimeQuanta          0x20000124   Data           4  os_var.o(.data)
    OSSchedRoundRobinEn                      0x20000128   Data           1  os_var.o(.data)
    OSSemDbgListPtr                          0x2000012c   Data           4  os_var.o(.data)
    OSSemQty                                 0x20000130   Data           2  os_var.o(.data)
    OSStatResetFlag                          0x20000132   Data           1  os_var.o(.data)
    OSStatTaskCPUUsage                       0x20000134   Data           2  os_var.o(.data)
    OSStatTaskCPUUsageMax                    0x20000136   Data           2  os_var.o(.data)
    OSStatTaskCtr                            0x20000138   Data           4  os_var.o(.data)
    OSStatTaskCtrMax                         0x2000013c   Data           4  os_var.o(.data)
    OSStatTaskCtrRun                         0x20000140   Data           4  os_var.o(.data)
    OSStatTaskRdy                            0x20000144   Data           1  os_var.o(.data)
    OSStatTaskTimeMax                        0x20000148   Data           4  os_var.o(.data)
    OSTaskCtxSwCtr                           0x2000014c   Data           4  os_var.o(.data)
    OSTaskDbgListPtr                         0x20000150   Data           4  os_var.o(.data)
    OSTaskQty                                0x20000154   Data           2  os_var.o(.data)
    OSTaskRegNextAvailID                     0x20000156   Data           1  os_var.o(.data)
    OSTickCtr                                0x20000158   Data           4  os_var.o(.data)
    OSTickTaskTimeMax                        0x2000015c   Data           4  os_var.o(.data)
    OSTCBCurPtr                              0x20000160   Data           4  os_var.o(.data)
    OSTCBHighRdyPtr                          0x20000164   Data           4  os_var.o(.data)
    Mem_PoolTbl                              0x20000168   Data           4  lib_mem.o(.data)
    __stdout                                 0x2000016c   Data           4  stdout.o(.data)
    __microlib_freelist                      0x20000170   Data           4  mvars.o(.data)
    __microlib_freelist_initialised          0x20000174   Data           4  mvars.o(.data)
    CPU_Name                                 0x2000507c   Data          16  cpu_core.o(.bss)
    OSCfg_IdleTaskStk                        0x2000508c   Data         512  os_cfg_app.o(.bss)
    OSCfg_ISRStk                             0x2000528c   Data        1024  os_cfg_app.o(.bss)
    OSCfg_MsgPool                            0x2000568c   Data        1600  os_cfg_app.o(.bss)
    OSCfg_StatTaskStk                        0x20005ccc   Data         512  os_cfg_app.o(.bss)
    OSCfg_TickTaskStk                        0x20005ecc   Data         512  os_cfg_app.o(.bss)
    OSCfg_TickWheel                          0x200060cc   Data         128  os_cfg_app.o(.bss)
    OSIdleTaskTCB                            0x2000614c   Data         192  os_var.o(.bss)
    OSMsgPool                                0x2000620c   Data          12  os_var.o(.bss)
    OSRdyList                                0x20006218   Data         768  os_var.o(.bss)
    OSStatTaskTCB                            0x20006518   Data         192  os_var.o(.bss)
    OSTickTaskTCB                            0x200065d8   Data         192  os_var.o(.bss)
    Mem_PoolHeap                             0x20006698   Data          72  lib_mem.o(.bss)
    Mem_Heap                                 0x200066e0   Data       23552  lib_mem.o(.bss)
    __heap_base                              0x2000c2e0   Data           0  startup_stm32f40_41xxx.o(HEAP)
    __heap_limit                             0x2000cae0   Data           0  startup_stm32f40_41xxx.o(HEAP)
    __initial_sp                             0x20010ae0   Data           0  startup_stm32f40_41xxx.o(STACK)



==============================================================================

Memory Map of the image

  Image Entry point : 0x08000189

  Load Region LR_IROM1 (Base: 0x08000000, Size: 0x0000b12c, Max: 0x00100000, ABSOLUTE, COMPRESSED[0x0000b014])

    Execution Region ER_IROM1 (Base: 0x08000000, Size: 0x0000afb0, Max: 0x00100000, ABSOLUTE)

    Base Addr    Size         Type   Attr      Idx    E Section Name        Object

    0x08000000   0x00000188   Data   RO          689    RESET               startup_stm32f40_41xxx.o
    0x08000188   0x00000000   Code   RO         1456  * .ARM.Collect$$$$00000000  mc_w.l(entry.o)
    0x08000188   0x00000004   Code   RO         1779    .ARM.Collect$$$$00000001  mc_w.l(entry2.o)
    0x0800018c   0x00000004   Code   RO         1782    .ARM.Collect$$$$00000004  mc_w.l(entry5.o)
    0x08000190   0x00000000   Code   RO         1784    .ARM.Collect$$$$00000008  mc_w.l(entry7b.o)
    0x08000190   0x00000000   Code   RO         1786    .ARM.Collect$$$$0000000A  mc_w.l(entry8b.o)
    0x08000190   0x00000008   Code   RO         1787    .ARM.Collect$$$$0000000B  mc_w.l(entry9a.o)
    0x08000198   0x00000000   Code   RO         1789    .ARM.Collect$$$$0000000D  mc_w.l(entry10a.o)
    0x08000198   0x00000000   Code   RO         1791    .ARM.Collect$$$$0000000F  mc_w.l(entry11a.o)
    0x08000198   0x00000004   Code   RO         1780    .ARM.Collect$$$$00002712  mc_w.l(entry2.o)
    0x0800019c   0x000000b0   Code   RO            3    .text               bsp.o
    0x0800024c   0x00000064   Code   RO          219    .text               main.o
    0x080002b0   0x00000194   Code   RO          256    .text               app.o
    0x08000444   0x00000650   Code   RO          280    .text               freqmeasurement.o
    0x08000a94   0x0000009c   Code   RO          303    .text               tools.o
    0x08000b30   0x000000f8   Code   RO          323    .text               bsp_init.o
    0x08000c28   0x00000228   Code   RO          343    .text               bsp_usart.o
    0x08000e50   0x00000378   Code   RO          367    .text               bsp_ltc2402.o
    0x080011c8   0x0000029c   Code   RO          409    .text               bsp_rtc.o
    0x08001464   0x00000154   Code   RO          429    .text               bsp_io_control.o
    0x080015b8   0x0000018c   Code   RO          449    .text               stm32f4xx_it.o
    0x08001744   0x000000d8   Code   RO          525    .text               bsp_adc.o
    0x0800181c   0x000005b0   Code   RO          545    .text               appmain.o
    0x08001dcc   0x00000082   Code   RO          590    .text               protocol.o
    0x08001e4e   0x00000002   PAD
    0x08001e50   0x00000150   Code   RO          613    .text               usart_serial.o
    0x08001fa0   0x00000170   Code   RO          663    .text               system_stm32f4xx.o
    0x08002110   0x00000024   Code   RO          690    .text               startup_stm32f40_41xxx.o
    0x08002134   0x000000b0   Code   RO          696    .text               misc.o
    0x080021e4   0x00000040   Code   RO          716    .text               stm32f4xx_crc.o
    0x08002224   0x000000e8   Code   RO          736    .text               stm32f4xx_exti.o
    0x0800230c   0x000001ec   Code   RO          756    .text               stm32f4xx_gpio.o
    0x080024f8   0x000003d4   Code   RO          776    .text               stm32f4xx_rcc.o
    0x080028cc   0x0000006c   Code   RO          798    .text               stm32f4xx_syscfg.o
    0x08002938   0x00000344   Code   RO          818    .text               stm32f4xx_usart.o
    0x08002c7c   0x000009dc   Code   RO          838    .text               stm32f4xx_tim.o
    0x08003658   0x000002f0   Code   RO          859    .text               stm32f4xx_spi.o
    0x08003948   0x00000a24   Code   RO          879    .text               stm32f4xx_rtc.o
    0x0800436c   0x000000d0   Code   RO          900    .text               stm32f4xx_pwr.o
    0x0800443c   0x00000080   Code   RO          920    .text               stm32f4xx_wwdg.o
    0x080044bc   0x0000003c   Code   RO          940    .text               stm32f4xx_iwdg.o
    0x080044f8   0x00000354   Code   RO          960    .text               stm32f4xx_adc.o
    0x0800484c   0x00000034   Code   RO          978    .text               cpu_a.o
    0x08004880   0x000001c0   Code   RO          993    .text               cpu_core.o
    0x08004a40   0x0000016c   Code   RO         1017    .text               os_cpu_c.o
    0x08004bac   0x00000002   Code   RO         1035    .text               os_cfg_app.o
    0x08004bae   0x00000002   PAD
    0x08004bb0   0x000009ec   Code   RO         1103    .text               os_core.o
    0x0800559c   0x00000002   Code   RO         1116    .text               os_dbg.o
    0x0800559e   0x00000002   PAD
    0x080055a0   0x0000065c   Code   RO         1136    .text               os_flag.o
    0x08005bfc   0x00000154   Code   RO         1155    .text               os_mem.o
    0x08005d50   0x0000017c   Code   RO         1167    .text               os_msg.o
    0x08005ecc   0x00000584   Code   RO         1179    .text               os_mutex.o
    0x08006450   0x00000070   Code   RO         1204    .text               os_prio.o
    0x080064c0   0x00000510   Code   RO         1223    .text               os_q.o
    0x080069d0   0x000004bc   Code   RO         1236    .text               os_sem.o
    0x08006e8c   0x00000388   Code   RO         1249    .text               os_stat.o
    0x08007214   0x00000c5c   Code   RO         1261    .text               os_task.o
    0x08007e70   0x00000320   Code   RO         1273    .text               os_tick.o
    0x08008190   0x00000298   Code   RO         1286    .text               os_time.o
    0x08008428   0x0000015a   Code   RO         1363    .text               lib_ascii.o
    0x08008582   0x00000002   PAD
    0x08008584   0x00000954   Code   RO         1398    .text               lib_mem.o
    0x08008ed8   0x00000220   Code   RO         1417    .text               lib_mem_a.o
    0x080090f8   0x0000059c   Code   RO         1420    .text               lib_str.o
    0x08009694   0x00000062   Code   RO         1459    .text               mc_w.l(uldiv.o)
    0x080096f6   0x00000024   Code   RO         1461    .text               mc_w.l(memcpya.o)
    0x0800971a   0x00000024   Code   RO         1463    .text               mc_w.l(memseta.o)
    0x0800973e   0x00000018   Code   RO         1465    .text               mc_w.l(strcat.o)
    0x08009756   0x0000000e   Code   RO         1467    .text               mc_w.l(strlen.o)
    0x08009764   0x0000001a   Code   RO         1469    .text               mc_w.l(memcmp.o)
    0x0800977e   0x0000014e   Code   RO         1762    .text               mf_w.l(dadd.o)
    0x080098cc   0x000000e4   Code   RO         1764    .text               mf_w.l(dmul.o)
    0x080099b0   0x000000de   Code   RO         1766    .text               mf_w.l(ddiv.o)
    0x08009a8e   0x0000002e   Code   RO         1768    .text               mf_w.l(dscalb.o)
    0x08009abc   0x0000001a   Code   RO         1770    .text               mf_w.l(dfltui.o)
    0x08009ad6   0x00000002   PAD
    0x08009ad8   0x00000028   Code   RO         1772    .text               mf_w.l(cdcmple.o)
    0x08009b00   0x00000028   Code   RO         1774    .text               mf_w.l(cdrcmple.o)
    0x08009b28   0x0000002c   Code   RO         1794    .text               mc_w.l(uidiv.o)
    0x08009b54   0x0000001e   Code   RO         1796    .text               mc_w.l(llshl.o)
    0x08009b72   0x00000020   Code   RO         1798    .text               mc_w.l(llushr.o)
    0x08009b92   0x00000024   Code   RO         1800    .text               mc_w.l(llsshr.o)
    0x08009bb6   0x00000000   Code   RO         1811    .text               mc_w.l(iusefp.o)
    0x08009bb6   0x000000be   Code   RO         1812    .text               mf_w.l(depilogue.o)
    0x08009c74   0x000000a2   Code   RO         1814    .text               mf_w.l(dsqrt.o)
    0x08009d16   0x00000022   Code   RO         1816    .text               mf_w.l(dflti.o)
    0x08009d38   0x00000030   Code   RO         1818    .text               mf_w.l(dfixul.o)
    0x08009d68   0x00000024   Code   RO         1820    .text               mc_w.l(init.o)
    0x08009d8c   0x0000005c   Code   RO         1830    .text               mc_w.l(__dczerorl2.o)
    0x08009de8   0x00000098   Code   RO         1014    CODE                os_cpu_a.o
    0x08009e80   0x00000020   Code   RO         1706    i.__0printf         mc_w.l(printfa.o)
    0x08009ea0   0x00000028   Code   RO         1708    i.__0sprintf        mc_w.l(printfa.o)
    0x08009ec8   0x000000aa   Code   RO         1776    i.__kernel_poly     m_ws.l(poly.o)
    0x08009f72   0x0000000e   Code   RO         1824    i.__scatterload_copy  mc_w.l(handlers.o)
    0x08009f80   0x00000002   Code   RO         1825    i.__scatterload_null  mc_w.l(handlers.o)
    0x08009f82   0x0000000e   Code   RO         1826    i.__scatterload_zeroinit  mc_w.l(handlers.o)
    0x08009f90   0x0000000c   Code   RO         1806    i.__set_errno       mc_w.l(errno.o)
    0x08009f9c   0x0000015c   Code   RO         1713    i._fp_digits        mc_w.l(printfa.o)
    0x0800a0f8   0x000006f0   Code   RO         1714    i._printf_core      mc_w.l(printfa.o)
    0x0800a7e8   0x00000026   Code   RO         1715    i._printf_post_padding  mc_w.l(printfa.o)
    0x0800a80e   0x00000030   Code   RO         1716    i._printf_pre_padding  mc_w.l(printfa.o)
    0x0800a83e   0x0000000a   Code   RO         1718    i._sputc            mc_w.l(printfa.o)
    0x0800a848   0x00000050   Code   RO         1734    i.free              mc_w.l(malloc.o)
    0x0800a898   0x00000370   Code   RO         1439    i.log               m_ws.l(log.o)
    0x0800ac08   0x0000006c   Code   RO         1735    i.malloc            mc_w.l(malloc.o)
    0x0800ac74   0x0000004c   Code   RO         1449    i.sqrt              m_ws.l(sqrt.o)
    0x0800acc0   0x000000ae   Data   RO          546    .constdata          appmain.o
    0x0800ad6e   0x00000100   Data   RO          995    .constdata          cpu_core.o
    0x0800ae6e   0x00000002   PAD
    0x0800ae70   0x00000004   Data   RO         1042    .constdata          os_cfg_app.o
    0x0800ae74   0x00000004   Data   RO         1043    .constdata          os_cfg_app.o
    0x0800ae78   0x00000004   Data   RO         1044    .constdata          os_cfg_app.o
    0x0800ae7c   0x00000004   Data   RO         1053    .constdata          os_cfg_app.o
    0x0800ae80   0x00000004   Data   RO         1054    .constdata          os_cfg_app.o
    0x0800ae84   0x00000002   Data   RO         1056    .constdata          os_cfg_app.o
    0x0800ae86   0x00000002   PAD
    0x0800ae88   0x00000004   Data   RO         1058    .constdata          os_cfg_app.o
    0x0800ae8c   0x00000001   Data   RO         1059    .constdata          os_cfg_app.o
    0x0800ae8d   0x00000003   PAD
    0x0800ae90   0x00000004   Data   RO         1060    .constdata          os_cfg_app.o
    0x0800ae94   0x00000004   Data   RO         1061    .constdata          os_cfg_app.o
    0x0800ae98   0x00000004   Data   RO         1062    .constdata          os_cfg_app.o
    0x0800ae9c   0x00000004   Data   RO         1063    .constdata          os_cfg_app.o
    0x0800aea0   0x00000004   Data   RO         1065    .constdata          os_cfg_app.o
    0x0800aea4   0x00000004   Data   RO         1066    .constdata          os_cfg_app.o
    0x0800aea8   0x00000001   Data   RO         1067    .constdata          os_cfg_app.o
    0x0800aea9   0x00000003   PAD
    0x0800aeac   0x00000004   Data   RO         1068    .constdata          os_cfg_app.o
    0x0800aeb0   0x00000004   Data   RO         1069    .constdata          os_cfg_app.o
    0x0800aeb4   0x00000004   Data   RO         1070    .constdata          os_cfg_app.o
    0x0800aeb8   0x00000002   Data   RO         1072    .constdata          os_cfg_app.o
    0x0800aeba   0x00000002   PAD
    0x0800aebc   0x00000094   Data   RO         1421    .constdata          lib_str.o
    0x0800af50   0x00000038   Data   RO         1440    .constdata          m_ws.l(log.o)
    0x0800af88   0x00000008   Data   RO         1778    .constdata          m_ws.l(qnan.o)
    0x0800af90   0x00000020   Data   RO         1822    Region$$Table       anon$$obj.o


    Execution Region RW_IRAM1 (Base: 0x20000000, Size: 0x00010ae0, Max: 0x00020000, ABSOLUTE, COMPRESSED[0x00000064])

    Base Addr    Size         Type   Attr      Idx    E Section Name        Object

    0x20000000   0x00000004   Data   RW          258    .data               app.o
    0x20000004   0x00000001   Data   RW          281    .data               freqmeasurement.o
    0x20000005   0x00000003   PAD
    0x20000008   0x00000010   Data   RW          451    .data               stm32f4xx_it.o
    0x20000018   0x00000088   Data   RW          547    .data               appmain.o
    0x200000a0   0x00000008   Data   RW          614    .data               usart_serial.o
    0x200000a8   0x00000014   Data   RW          664    .data               system_stm32f4xx.o
    0x200000bc   0x00000010   Data   RW          777    .data               stm32f4xx_rcc.o
    0x200000cc   0x00000004   Data   RW          996    .data               cpu_core.o
    0x200000d0   0x00000004   Data   RW         1018    .data               os_cpu_c.o
    0x200000d4   0x00000008   Data   RW         1205    .data               os_prio.o
    0x200000dc   0x00000004   Data   RW         1309    .data               os_var.o
    0x200000e0   0x00000004   Data   RW         1310    .data               os_var.o
    0x200000e4   0x00000004   Data   RW         1311    .data               os_var.o
    0x200000e8   0x00000004   Data   RW         1312    .data               os_var.o
    0x200000ec   0x00000004   Data   RW         1313    .data               os_var.o
    0x200000f0   0x00000004   Data   RW         1314    .data               os_var.o
    0x200000f4   0x00000004   Data   RW         1315    .data               os_var.o
    0x200000f8   0x00000004   Data   RW         1316    .data               os_var.o
    0x200000fc   0x00000001   Data   RW         1317    .data               os_var.o
    0x200000fd   0x00000001   Data   RW         1318    .data               os_var.o
    0x200000fe   0x00000002   PAD
    0x20000100   0x00000004   Data   RW         1319    .data               os_var.o
    0x20000104   0x00000002   Data   RW         1320    .data               os_var.o
    0x20000106   0x00000002   PAD
    0x20000108   0x00000004   Data   RW         1321    .data               os_var.o
    0x2000010c   0x00000002   Data   RW         1322    .data               os_var.o
    0x2000010e   0x00000002   PAD
    0x20000110   0x00000004   Data   RW         1323    .data               os_var.o
    0x20000114   0x00000002   Data   RW         1324    .data               os_var.o
    0x20000116   0x00000001   Data   RW         1325    .data               os_var.o
    0x20000117   0x00000001   Data   RW         1326    .data               os_var.o
    0x20000118   0x00000001   Data   RW         1327    .data               os_var.o
    0x20000119   0x00000003   PAD
    0x2000011c   0x00000004   Data   RW         1328    .data               os_var.o
    0x20000120   0x00000002   Data   RW         1329    .data               os_var.o
    0x20000122   0x00000001   Data   RW         1330    .data               os_var.o
    0x20000123   0x00000001   PAD
    0x20000124   0x00000004   Data   RW         1331    .data               os_var.o
    0x20000128   0x00000001   Data   RW         1332    .data               os_var.o
    0x20000129   0x00000003   PAD
    0x2000012c   0x00000004   Data   RW         1333    .data               os_var.o
    0x20000130   0x00000002   Data   RW         1334    .data               os_var.o
    0x20000132   0x00000001   Data   RW         1335    .data               os_var.o
    0x20000133   0x00000001   PAD
    0x20000134   0x00000002   Data   RW         1336    .data               os_var.o
    0x20000136   0x00000002   Data   RW         1337    .data               os_var.o
    0x20000138   0x00000004   Data   RW         1338    .data               os_var.o
    0x2000013c   0x00000004   Data   RW         1339    .data               os_var.o
    0x20000140   0x00000004   Data   RW         1340    .data               os_var.o
    0x20000144   0x00000001   Data   RW         1341    .data               os_var.o
    0x20000145   0x00000003   PAD
    0x20000148   0x00000004   Data   RW         1342    .data               os_var.o
    0x2000014c   0x00000004   Data   RW         1343    .data               os_var.o
    0x20000150   0x00000004   Data   RW         1344    .data               os_var.o
    0x20000154   0x00000002   Data   RW         1345    .data               os_var.o
    0x20000156   0x00000001   Data   RW         1346    .data               os_var.o
    0x20000157   0x00000001   PAD
    0x20000158   0x00000004   Data   RW         1347    .data               os_var.o
    0x2000015c   0x00000004   Data   RW         1348    .data               os_var.o
    0x20000160   0x00000004   Data   RW         1349    .data               os_var.o
    0x20000164   0x00000004   Data   RW         1350    .data               os_var.o
    0x20000168   0x00000004   Data   RW         1400    .data               lib_mem.o
    0x2000016c   0x00000004   Data   RW         1793    .data               mc_w.l(stdout.o)
    0x20000170   0x00000004   Data   RW         1802    .data               mc_w.l(mvars.o)
    0x20000174   0x00000004   Data   RW         1803    .data               mc_w.l(mvars.o)
    0x20000178   0x00000004   Data   RW         1807    .data               mc_w.l(errno.o)
    0x2000017c   0x000004c0   Zero   RW          220    .bss                main.o
    0x2000063c   0x00004a40   Zero   RW          257    .bss                app.o
    0x2000507c   0x00000010   Zero   RW          994    .bss                cpu_core.o
    0x2000508c   0x00000200   Zero   RW         1036    .bss                os_cfg_app.o
    0x2000528c   0x00000400   Zero   RW         1037    .bss                os_cfg_app.o
    0x2000568c   0x00000640   Zero   RW         1038    .bss                os_cfg_app.o
    0x20005ccc   0x00000200   Zero   RW         1039    .bss                os_cfg_app.o
    0x20005ecc   0x00000200   Zero   RW         1040    .bss                os_cfg_app.o
    0x200060cc   0x00000080   Zero   RW         1041    .bss                os_cfg_app.o
    0x2000614c   0x000000c0   Zero   RW         1304    .bss                os_var.o
    0x2000620c   0x0000000c   Zero   RW         1305    .bss                os_var.o
    0x20006218   0x00000300   Zero   RW         1306    .bss                os_var.o
    0x20006518   0x000000c0   Zero   RW         1307    .bss                os_var.o
    0x200065d8   0x000000c0   Zero   RW         1308    .bss                os_var.o
    0x20006698   0x00005c48   Zero   RW         1399    .bss                lib_mem.o
    0x2000c2e0   0x00000800   Zero   RW          688    HEAP                startup_stm32f40_41xxx.o
    0x2000cae0   0x00004000   Zero   RW          687    STACK               startup_stm32f40_41xxx.o


==============================================================================

Image component sizes


      Code (inc. data)   RO Data    RW Data    ZI Data      Debug   Object Name

       404         52          0          4      19008       1523   app.o
      1456         92        174        136          0       9813   appmain.o
       176         28          0          0          0     378532   bsp.o
       216         20          0          0          0        989   bsp_adc.o
       248          8          0          0          0       1071   bsp_init.o
       340         22          0          0          0       1232   bsp_io_control.o
       888        108          0          0          0       2565   bsp_ltc2402.o
       668         22          0          0          0       1936   bsp_rtc.o
       552         24          0          0          0       2522   bsp_usart.o
        52          0          0          0          0        236   cpu_a.o
       448         12        256          4         16       5702   cpu_core.o
      1616        102          0          1          0       3587   freqmeasurement.o
       346          0          0          0          0       3870   lib_ascii.o
      2388         40          0          4      23624      19780   lib_mem.o
       544          0          0          0          0        372   lib_mem_a.o
      1436          4        148          0          0       8684   lib_str.o
       100         26          0          0       1216        831   main.o
       176         16          0          0          0       1513   misc.o
         2          0         66          0       4288      18702   os_cfg_app.o
      2540        214          0          0          0       9726   os_core.o
       152         32          0          0          0        280   os_cpu_a.o
       364         62          0          4          0       2909   os_cpu_c.o
         2          0          0          0          0        770   os_dbg.o
      1628         70          0          0          0       5353   os_flag.o
       340         16          0          0          0       1968   os_mem.o
       380         12          0          0          0       2086   os_msg.o
      1412         84          0          0          0       4004   os_mutex.o
       112          6          0          8          0       1520   os_prio.o
      1296         50          0          0          0       4518   os_q.o
      1212         58          0          0          0       4442   os_sem.o
       904        116          0          0          0       2233   os_stat.o
      3164        164          0          0          0       9838   os_task.o
       800         72          0          0          0       2831   os_tick.o
       664         40          0          0          0       2505   os_time.o
         0          0          0        122       1356      17313   os_var.o
       130          0          0          0          0       1343   protocol.o
        36          8        392          0      18432        744   startup_stm32f40_41xxx.o
       852         24          0          0          0       8678   stm32f4xx_adc.o
        64          6          0          0          0       1446   stm32f4xx_crc.o
       232          8          0          0          0       1947   stm32f4xx_exti.o
       492         36          0          0          0       3277   stm32f4xx_gpio.o
       396         80          0         16          0     247880   stm32f4xx_it.o
        60          6          0          0          0       1113   stm32f4xx_iwdg.o
       208         12          0          0          0       2152   stm32f4xx_pwr.o
       980         42          0         16          0       9499   stm32f4xx_rcc.o
      2596         44          0          0          0      13398   stm32f4xx_rtc.o
       752         22          0          0          0       5613   stm32f4xx_spi.o
       108         14          0          0          0       1391   stm32f4xx_syscfg.o
      2524         52          0          0          0      17898   stm32f4xx_tim.o
       836         26          0          0          0       6360   stm32f4xx_usart.o
       128         10          0          0          0       2048   stm32f4xx_wwdg.o
       368         36          0         20          0       1631   system_stm32f4xx.o
       156         10          0          0          0       1181   tools.o
       336         14          0          8          0       2544   usart_serial.o

    ----------------------------------------------------------------------
     38288       2022       1080        364      67940     865899   Object Totals
         0          0         32          0          0          0   (incl. Generated)
         8          0         12         21          0          0   (incl. Padding)

    ----------------------------------------------------------------------

      Code (inc. data)   RO Data    RW Data    ZI Data      Debug   Library Member Name

       880         58         56          0          0        264   log.o
       170          0          0          0          0         96   poly.o
         0          0          8          0          0          0   qnan.o
        76          0          0          0          0         84   sqrt.o
        92          0          0          0          0          0   __dczerorl2.o
         0          0          0          0          0          0   entry.o
         0          0          0          0          0          0   entry10a.o
         0          0          0          0          0          0   entry11a.o
         8          4          0          0          0          0   entry2.o
         4          0          0          0          0          0   entry5.o
         0          0          0          0          0          0   entry7b.o
         0          0          0          0          0          0   entry8b.o
         8          4          0          0          0          0   entry9a.o
        12          6          0          4          0         68   errno.o
        30          0          0          0          0          0   handlers.o
        36          8          0          0          0         68   init.o
         0          0          0          0          0          0   iusefp.o
        30          0          0          0          0         68   llshl.o
        36          0          0          0          0         68   llsshr.o
        32          0          0          0          0         68   llushr.o
       188         20          0          0          0        160   malloc.o
        26          0          0          0          0         80   memcmp.o
        36          0          0          0          0         68   memcpya.o
        36          0          0          0          0        108   memseta.o
         0          0          0          8          0          0   mvars.o
      2292         96          0          0          0        596   printfa.o
         0          0          0          4          0          0   stdout.o
        24          0          0          0          0         68   strcat.o
        14          0          0          0          0         68   strlen.o
        44          0          0          0          0         80   uidiv.o
        98          0          0          0          0         92   uldiv.o
        40          2          0          0          0         68   cdcmple.o
        40          2          0          0          0         68   cdrcmple.o
       334          0          0          0          0        148   dadd.o
       222          0          0          0          0        100   ddiv.o
       190          0          0          0          0        176   depilogue.o
        48          0          0          0          0         68   dfixul.o
        34          0          0          0          0         76   dflti.o
        26          0          0          0          0         76   dfltui.o
       228          0          0          0          0         96   dmul.o
        46          0          0          0          0         80   dscalb.o
       162          0          0          0          0        100   dsqrt.o

    ----------------------------------------------------------------------
      5544        200         64         16          0       3160   Library Totals
         2          0          0          0          0          0   (incl. Padding)

    ----------------------------------------------------------------------

      Code (inc. data)   RO Data    RW Data    ZI Data      Debug   Library Name

      1126         58         64          0          0        444   m_ws.l
      3046        138          0         16          0       1660   mc_w.l
      1370          4          0          0          0       1056   mf_w.l

    ----------------------------------------------------------------------
      5544        200         64         16          0       3160   Library Totals

    ----------------------------------------------------------------------

==============================================================================


      Code (inc. data)   RO Data    RW Data    ZI Data      Debug   

     43832       2222       1144        380      67940     860531   Grand Totals
     43832       2222       1144        100      67940     860531   ELF Image Totals (compressed)
     43832       2222       1144        100          0          0   ROM Totals

==============================================================================

    Total RO  Size (Code + RO Data)                44976 (  43.92kB)
    Total RW  Size (RW Data + ZI Data)             68320 (  66.72kB)
    Total ROM Size (Code + RO Data + RW Data)      45076 (  44.02kB)

==============================================================================

