<html>
<body>
<pre>
<h1>礦ision Build Log</h1>
<h2>Project:</h2>
E:\PROJECT\SCT2016\123\郑徐回来后调试的去掉回车换行\RD15002_485_2_VW_6\prj\project.uvproj
Project File Date:  04/06/2016

<h2>Output:</h2>
Build target 'SCT'
linking...
Program Size: Code=37640 RO-data=488 RW-data=180 ZI-data=65540  
FromELF: creating hex file...
After Build - User command #1: fromelf.exe --bin --output .\bin\123.bin .\project.axf
".\project.axf" - 0 Error(s), 0 Warning(s).
 warning, 0 errors
compiling bsp_usart.c...
compiling bsp_flash.c...
..\code\drv\src\bsp_flash.c(95): warning:  #1166-D: returning pointer to local variable
        return Data;
..\code\drv\src\bsp_flash.c: 1 warning, 0 errors
compiling stm32f4xx_it.c...
compiling Tools.c...
compiling main.c...
..\code\user\main.c(6): warning:  #177-D: variable "ResetTimes" was declared but never referenced
        int  ResetTimes = 0;//重启次数超过5次
..\code\user\main.c: 1 warning, 0 errors
compiling Dtu.c...
compiling Protocol.c...
compiling serial.c...
compiling TestDtu.c...
compiling flash.c...
compiling kernal.c...
linking...
Program Size: Code=37640 RO-data=488 RW-data=180 ZI-data=65540  
FromELF: creating hex file...
After Build - User command #1: fromelf.exe --bin --output .\bin\123.bin .\project.axf
".\project.axf" - 0 Error(s), 3 Warning(s).
27): warning:  #177-D: variable "T_Value" was declared but never referenced
        float T_Value =0;
..\code\GSM\src\TestDtu.c(957): warning:  #177-D: variable "i" was declared but never referenced
        unsigned char i =0;
..\code\GSM\src\TestDtu.c(959): warning:  #177-D: variable "VM_Value" was declared but never referenced
        float VM_Value=0;
..\code\GSM\src\TestDtu.c(960): warning:  #177-D: variable "T_Value" was declared but never referenced
        float T_Value =0;
..\code\GSM\src\TestDtu.c(966): warning:  #177-D: variable "Temp485Str" was declared but never referenced
        unsigned char Temp485Str[50] = {0};
..\code\GSM\src\TestDtu.c(967): warning:  #177-D: variable "ExTempStr" was declared but never referenced
        unsigned char ExTempStr[100] = {0};
..\code\GSM\src\TestDtu.c(968): warning:  #177-D: variable "Temp485Strlength" was declared but never referenced
        U16 Temp485Strlength = 0;
..\code\GSM\src\TestDtu.c(969): warning:  #177-D: variable "RetryTimes" was declared but never referenced
        unsigned char RetryTimes = 0;
..\code\GSM\src\TestDtu.c: 10 warnings, 0 errors
compiling flash.c...
compiling kernal.c...
linking...
Program Size: Code=35808 RO-data=488 RW-data=180 ZI-data=65540  
FromELF: creating hex file...
After Build - User command #1: fromelf.exe --bin --output .\bin\123.bin .\project.axf
".\project.axf" - 0 Error(s), 13 Warning(s).
