Product: MDK-ARM Professional 5.10
Component: ARM Compiler 5.04 update 1 (build 49)
Tool: armlink [5040049]

==============================================================================

Section Cross References

    stm32f4xx_adc.o(.text) refers to stm32f4xx_rcc.o(.text) for RCC_APB2PeriphResetCmd
    stm32f4xx_fsmc.o(.text) refers to stm32f4xx_fsmc.o(.constdata) for FSMC_DefaultTimingStruct
    stm32f4xx_gpio.o(.text) refers to stm32f4xx_rcc.o(.text) for RCC_AHB1PeriphResetCmd
    stm32f4xx_pwr.o(.text) refers to stm32f4xx_rcc.o(.text) for RCC_APB1PeriphResetCmd
    stm32f4xx_rcc.o(.text) refers to stm32f4xx_rcc.o(.data) for APBAHBPrescTable
    stm32f4xx_spi.o(.text) refers to stm32f4xx_rcc.o(.text) for RCC_APB2PeriphResetCmd
    stm32f4xx_syscfg.o(.text) refers to stm32f4xx_rcc.o(.text) for RCC_APB2PeriphResetCmd
    stm32f4xx_tim.o(.text) refers to stm32f4xx_rcc.o(.text) for RCC_APB2PeriphResetCmd
    stm32f4xx_usart.o(.text) refers to stm32f4xx_rcc.o(.text) for RCC_APB2PeriphResetCmd
    stm32f4xx_wwdg.o(.text) refers to stm32f4xx_rcc.o(.text) for RCC_APB1PeriphResetCmd
    bsp_adc.o(.text) refers to stm32f4xx_rcc.o(.text) for RCC_AHB1PeriphClockCmd
    bsp_adc.o(.text) refers to stm32f4xx_gpio.o(.text) for GPIO_Init
    bsp_adc.o(.text) refers to stm32f4xx_adc.o(.text) for ADC_CommonInit
    bsp_adc.o(.text) refers to dfltui.o(.text) for __aeabi_ui2d
    bsp_adc.o(.text) refers to dmul.o(.text) for __aeabi_dmul
    bsp_adc.o(.text) refers to ddiv.o(.text) for __aeabi_ddiv
    bsp_init.o(.text) refers to stm32f4xx_rcc.o(.text) for RCC_DeInit
    bsp_init.o(.text) refers to stm32f4xx_wwdg.o(.text) for WWDG_DeInit
    bsp_init.o(.text) refers to stm32f4xx_iwdg.o(.text) for IWDG_WriteAccessCmd
    bsp_init.o(.text) refers to memseta.o(.text) for __aeabi_memclr
    bsp_init.o(.text) refers to tools.o(.text) for hextostr
    bsp_init.o(.text) refers to strcat.o(.text) for strcat
    bsp_io_control.o(.text) refers to stm32f4xx_rcc.o(.text) for RCC_AHB1PeriphClockCmd
    bsp_io_control.o(.text) refers to stm32f4xx_gpio.o(.text) for GPIO_Init
    bsp_rtc.o(.text) refers to stm32f4xx_rtc.o(.text) for RTC_SetDate
    bsp_rtc.o(.text) refers to stm32f4xx_rcc.o(.text) for RCC_APB1PeriphClockCmd
    bsp_rtc.o(.text) refers to stm32f4xx_pwr.o(.text) for PWR_BackupAccessCmd
    bsp_rtc.o(.text) refers to memseta.o(.text) for __aeabi_memclr4
    bsp_rtc.o(.text) refers to tools.o(.text) for hextostr
    bsp_rtc.o(.text) refers to printf5.o(i.__0sprintf$5) for __2sprintf
    bsp_rtc.o(.text) refers to stm32f4xx_exti.o(.text) for EXTI_Init
    bsp_rtc.o(.text) refers to misc.o(.text) for NVIC_Init
    bsp_sst25vf064.o(.text) refers to stm32f4xx_rcc.o(.text) for RCC_AHB1PeriphClockCmd
    bsp_sst25vf064.o(.text) refers to stm32f4xx_gpio.o(.text) for GPIO_Init
    bsp_sst25vf064.o(.text) refers to stm32f4xx_spi.o(.text) for SPI_Init
    bsp_sst25vf064.o(.text) refers to tools.o(.text) for DlyMs
    bsp_usart.o(.text) refers to stm32f4xx_rcc.o(.text) for RCC_APB2PeriphClockCmd
    bsp_usart.o(.text) refers to stm32f4xx_gpio.o(.text) for GPIO_Init
    bsp_usart.o(.text) refers to stm32f4xx_usart.o(.text) for USART_Init
    bsp_usart.o(.text) refers to misc.o(.text) for NVIC_Init
    bsp_flash.o(.text) refers to stm32f4xx_flash.o(.text) for FLASH_Unlock
    bsp_flash.o(.text) refers to memseta.o(.text) for __aeabi_memclr4
    system_stm32f4xx.o(.text) refers to system_stm32f4xx.o(.data) for SystemCoreClock
    startup_stm32f40xx.o(RESET) refers to startup_stm32f40xx.o(STACK) for __initial_sp
    startup_stm32f40xx.o(RESET) refers to startup_stm32f40xx.o(.text) for Reset_Handler
    startup_stm32f40xx.o(RESET) refers to kernal.o(.text) for NMI_Handler
    startup_stm32f40xx.o(RESET) refers to stm32f4xx_it.o(.text) for TIM3_IRQHandler
    startup_stm32f40xx.o(RESET) refers to serial.o(.text) for USART1_IRQHandler
    startup_stm32f40xx.o(RESET) refers to bsp_rtc.o(.text) for RTC_Alarm_IRQHandler
    startup_stm32f40xx.o(.text) refers to system_stm32f4xx.o(.text) for SystemInit
    startup_stm32f40xx.o(.text) refers to entry.o(.ARM.Collect$$$$00000000) for __main
    tools.o(.text) refers to stm32f4xx_usart.o(.text) for USART_SendData
    main.o(.text) refers to flash.o(.text) for FlashReadSTM32
    main.o(.text) refers to dtuboot.o(.text) for DtuBoot
    main.o(.text) refers to uartboot.o(.text) for UartBoot
    main.o(.text) refers to bsp_init.o(.text) for SetClock
    main.o(.text) refers to kernal.o(.text) for OsInit
    main.o(.text) refers to bsp_io_control.o(.text) for bsp_io_init
    main.o(.text) refers to serial.o(.text) for UartInit
    dtu.o(.text) refers to stm32f4xx_gpio.o(.text) for GPIO_ResetBits
    dtu.o(.text) refers to stm32f4xx_rcc.o(.text) for RCC_AHB1PeriphClockCmd
    protocol.o(.text) refers to stm32f4xx_crc.o(.text) for CRC_ResetDR
    serial.o(.text) refers to stm32f4xx_rcc.o(.text) for RCC_APB2PeriphClockCmd
    serial.o(.text) refers to stm32f4xx_gpio.o(.text) for GPIO_Init
[...]
    mallocra.o(i.__aligned_malloc$realloc) refers to mvars.o(.data) for __microlib_freelist_initialised
    mallocra.o(i.__aligned_malloc$realloc) refers to startup_stm32f40xx.o(HEAP) for __heap_base
    mallocra.o(i.__aligned_malloc$realloc) refers to mvars.o(.data) for __microlib_freelist
    mallocra.o(i.__free$realloc$memalign) refers to mvars.o(.data) for __microlib_freelist
    mallocra.o(i.__malloc$realloc$memalign) refers to mallocra.o(i.__aligned_malloc$realloc) for __aligned_malloc$realloc
    mallocra.o(i.__realloc$memalign) refers to mallocra.o(i.__free$realloc$memalign) for __free$realloc$memalign
    mallocra.o(i.__realloc$memalign) refers to mallocra.o(i.internal_alloc) for internal_alloc
    mallocra.o(i.__realloc$memalign) refers to mallocra.o(i.__malloc$realloc$memalign) for __malloc$realloc$memalign
    mallocra.o(i.__realloc$memalign) refers to mvars.o(.data) for __microlib_freelist
    mallocra.o(i.internal_alloc) refers to memcpya.o(.text) for __aeabi_memcpy
    mallocra.o(i.internal_alloc) refers to mvars.o(.data) for __microlib_freelist
    dmul.o(.text) refers (Special) to iusefp.o(.text) for __I$use$fp
    dmul.o(.text) refers to depilogue.o(.text) for _double_epilogue
    ddiv.o(.text) refers (Special) to iusefp.o(.text) for __I$use$fp
    ddiv.o(.text) refers to depilogue.o(.text) for _double_round
    dfltui.o(.text) refers (Special) to iusefp.o(.text) for __I$use$fp
    dfltui.o(.text) refers to depilogue.o(.text) for _double_epilogue
    entry2.o(.ARM.Collect$$$$00000001) refers to entry2.o(.ARM.Collect$$$$00002712) for __lit__00000000
    entry2.o(.ARM.Collect$$$$00002712) refers to startup_stm32f40xx.o(STACK) for __initial_sp
    entry2.o(__vectab_stack_and_reset_area) refers to startup_stm32f40xx.o(STACK) for __initial_sp
    entry2.o(__vectab_stack_and_reset_area) refers to entry.o(.ARM.Collect$$$$00000000) for __main
    entry5.o(.ARM.Collect$$$$00000004) refers to init.o(.text) for __scatterload
    entry9a.o(.ARM.Collect$$$$0000000B) refers to main.o(.text) for main
    entry9b.o(.ARM.Collect$$$$0000000C) refers to main.o(.text) for main
    uldiv.o(.text) refers to llushr.o(.text) for __aeabi_llsr
    uldiv.o(.text) refers to llshl.o(.text) for __aeabi_llsl
    depilogue.o(.text) refers to llshl.o(.text) for __aeabi_llsl
    depilogue.o(.text) refers to llushr.o(.text) for __aeabi_llsr
    dadd.o(.text) refers to llshl.o(.text) for __aeabi_llsl
    dadd.o(.text) refers to llsshr.o(.text) for __aeabi_lasr
    dadd.o(.text) refers to depilogue.o(.text) for _double_epilogue
    dfixul.o(.text) refers to llushr.o(.text) for __aeabi_llsr
    dfixul.o(.text) refers to llshl.o(.text) for __aeabi_llsl
    init.o(.text) refers to entry5.o(.ARM.Collect$$$$00000004) for __main_after_scatterload


==============================================================================

Removing Unused input sections from the image.

    Removing misc.o(.rev16_text), (4 bytes).
    Removing misc.o(.revsh_text), (4 bytes).
    Removing stm32f4xx_adc.o(.rev16_text), (4 bytes).
    Removing stm32f4xx_adc.o(.revsh_text), (4 bytes).
    Removing stm32f4xx_adc.o(.text), (1124 bytes).
    Removing stm32f4xx_crc.o(.rev16_text), (4 bytes).
    Removing stm32f4xx_crc.o(.revsh_text), (4 bytes).
    Removing stm32f4xx_dma.o(.rev16_text), (4 bytes).
    Removing stm32f4xx_dma.o(.revsh_text), (4 bytes).
    Removing stm32f4xx_dma.o(.text), (936 bytes).
    Removing stm32f4xx_exti.o(.rev16_text), (4 bytes).
    Removing stm32f4xx_exti.o(.revsh_text), (4 bytes).
    Removing stm32f4xx_flash.o(.rev16_text), (4 bytes).
    Removing stm32f4xx_flash.o(.revsh_text), (4 bytes).
    Removing stm32f4xx_fsmc.o(.rev16_text), (4 bytes).
    Removing stm32f4xx_fsmc.o(.revsh_text), (4 bytes).
    Removing stm32f4xx_fsmc.o(.text), (1480 bytes).
    Removing stm32f4xx_fsmc.o(.constdata), (28 bytes).
    Removing stm32f4xx_gpio.o(.rev16_text), (4 bytes).
    Removing stm32f4xx_gpio.o(.revsh_text), (4 bytes).
    Removing stm32f4xx_iwdg.o(.rev16_text), (4 bytes).
    Removing stm32f4xx_iwdg.o(.revsh_text), (4 bytes).
    Removing stm32f4xx_pwr.o(.rev16_text), (4 bytes).
    Removing stm32f4xx_pwr.o(.revsh_text), (4 bytes).
    Removing stm32f4xx_rcc.o(.rev16_text), (4 bytes).
    Removing stm32f4xx_rcc.o(.revsh_text), (4 bytes).
    Removing stm32f4xx_rtc.o(.rev16_text), (4 bytes).
    Removing stm32f4xx_rtc.o(.revsh_text), (4 bytes).
    Removing stm32f4xx_spi.o(.rev16_text), (4 bytes).
    Removing stm32f4xx_spi.o(.revsh_text), (4 bytes).
    Removing stm32f4xx_spi.o(.text), (1152 bytes).
    Removing stm32f4xx_syscfg.o(.rev16_text), (4 bytes).
    Removing stm32f4xx_syscfg.o(.revsh_text), (4 bytes).
    Removing stm32f4xx_syscfg.o(.text), (148 bytes).
    Removing stm32f4xx_tim.o(.rev16_text), (4 bytes).
    Removing stm32f4xx_tim.o(.revsh_text), (4 bytes).
    Removing stm32f4xx_tim.o(.text), (3234 bytes).
    Removing stm32f4xx_usart.o(.rev16_text), (4 bytes).
    Removing stm32f4xx_usart.o(.revsh_text), (4 bytes).
    Removing stm32f4xx_wwdg.o(.rev16_text), (4 bytes).
    Removing stm32f4xx_wwdg.o(.revsh_text), (4 bytes).
    Removing bsp_adc.o(.rev16_text), (4 bytes).
    Removing bsp_adc.o(.revsh_text), (4 bytes).
    Removing bsp_adc.o(.text), (308 bytes).
    Removing bsp_init.o(.rev16_text), (4 bytes).
    Removing bsp_init.o(.revsh_text), (4 bytes).
    Removing bsp_io_control.o(.rev16_text), (4 bytes).
    Removing bsp_io_control.o(.revsh_text), (4 bytes).
    Removing bsp_rtc.o(.rev16_text), (4 bytes).
    Removing bsp_rtc.o(.revsh_text), (4 bytes).
    Removing bsp_sst25vf064.o(.rev16_text), (4 bytes).
    Removing bsp_sst25vf064.o(.revsh_text), (4 bytes).
    Removing bsp_sst25vf064.o(.text), (1036 bytes).
    Removing bsp_usart.o(.rev16_text), (4 bytes).
    Removing bsp_usart.o(.revsh_text), (4 bytes).
    Removing bsp_usart.o(.text), (196 bytes).
    Removing bsp_usart.o(.data), (2 bytes).
    Removing bsp_flash.o(.rev16_text), (4 bytes).
    Removing bsp_flash.o(.revsh_text), (4 bytes).
    Removing stm32f4xx_it.o(.rev16_text), (4 bytes).
    Removing stm32f4xx_it.o(.revsh_text), (4 bytes).
    Removing system_stm32f4xx.o(.rev16_text), (4 bytes).
    Removing system_stm32f4xx.o(.revsh_text), (4 bytes).
    Removing tools.o(.rev16_text), (4 bytes).
    Removing tools.o(.revsh_text), (4 bytes).
    Removing main.o(.rev16_text), (4 bytes).
    Removing main.o(.revsh_text), (4 bytes).
    Removing dtu.o(.rev16_text), (4 bytes).
    Removing dtu.o(.revsh_text), (4 bytes).
    Removing serial.o(.rev16_text), (4 bytes).
    Removing serial.o(.revsh_text), (4 bytes).
    Removing flash.o(.rev16_text), (4 bytes).
    Removing flash.o(.revsh_text), (4 bytes).
    Removing kernal.o(.rev16_text), (4 bytes).
    Removing kernal.o(.revsh_text), (4 bytes).
    Removing dtuboot.o(.rev16_text), (4 bytes).
    Removing dtuboot.o(.revsh_text), (4 bytes).
    Removing uartboot.o(.rev16_text), (4 bytes).
    Removing uartboot.o(.revsh_text), (4 bytes).
    Removing iap.o(.rev16_text), (4 bytes).
    Removing iap.o(.revsh_text), (4 bytes).
    Removing dmul.o(.text), (228 bytes).
    Removing ddiv.o(.text), (222 bytes).
    Removing dfltui.o(.text), (26 bytes).
    Removing depilogue.o(.text), (182 bytes).
    Removing dadd.o(.text), (334 bytes).
    Removing dfixul.o(.text), (48 bytes).
    Removing cdrcmple.o(.text), (40 bytes).

88 unused section(s) (total 11004 bytes) removed from the image.

==============================================================================

Image Symbol Table

    Local Symbols

    Symbol Name                              Value     Ov Type        Size  Object(Section)

    ../clib/microlib/division.c              0x00000000   Number         0  uidiv.o ABSOLUTE
    ../clib/microlib/division.c              0x00000000   Number         0  uldiv.o ABSOLUTE
    ../clib/microlib/init/entry.s            0x00000000   Number         0  entry10b.o ABSOLUTE
    ../clib/microlib/init/entry.s            0x00000000   Number         0  entry9a.o ABSOLUTE
    ../clib/microlib/init/entry.s            0x00000000   Number         0  entry10a.o ABSOLUTE
    ../clib/microlib/init/entry.s            0x00000000   Number         0  entry2.o ABSOLUTE
    ../clib/microlib/init/entry.s            0x00000000   Number         0  entry8b.o ABSOLUTE
    ../clib/microlib/init/entry.s            0x00000000   Number         0  entry5.o ABSOLUTE
    ../clib/microlib/init/entry.s            0x00000000   Number         0  entry7a.o ABSOLUTE
    ../clib/microlib/init/entry.s            0x00000000   Number         0  entry9b.o ABSOLUTE
    ../clib/microlib/init/entry.s            0x00000000   Number         0  entry.o ABSOLUTE
    ../clib/microlib/init/entry.s            0x00000000   Number         0  entry7b.o ABSOLUTE
    ../clib/microlib/init/entry.s            0x00000000   Number         0  entry8a.o ABSOLUTE
    ../clib/microlib/init/entry.s            0x00000000   Number         0  entry11a.o ABSOLUTE
    ../clib/microlib/init/entry.s            0x00000000   Number         0  entry11b.o ABSOLUTE
    ../clib/microlib/longlong.c              0x00000000   Number         0  llshl.o ABSOLUTE
    ../clib/microlib/longlong.c              0x00000000   Number         0  llushr.o ABSOLUTE
    ../clib/microlib/longlong.c              0x00000000   Number         0  llsshr.o ABSOLUTE
    ../clib/microlib/malloc/malloc.c         0x00000000   Number         0  mallocr.o ABSOLUTE
    ../clib/microlib/malloc/malloc.c         0x00000000   Number         0  malloca.o ABSOLUTE
    ../clib/microlib/malloc/malloc.c         0x00000000   Number         0  mallocra.o ABSOLUTE
    ../clib/microlib/malloc/malloc.c         0x00000000   Number         0  malloc.o ABSOLUTE
    ../clib/microlib/malloc/mvars.c          0x00000000   Number         0  mvars.o ABSOLUTE
    ../clib/microlib/printf/printf.c         0x00000000   Number         0  printfa.o ABSOLUTE
    ../clib/microlib/printf/printf.c         0x00000000   Number         0  printf8.o ABSOLUTE
    ../clib/microlib/printf/printf.c         0x00000000   Number         0  printf6.o ABSOLUTE
    ../clib/microlib/printf/printf.c         0x00000000   Number         0  printf5.o ABSOLUTE
    ../clib/microlib/printf/printf.c         0x00000000   Number         0  printf7.o ABSOLUTE
    ../clib/microlib/printf/printf.c         0x00000000   Number         0  printf4.o ABSOLUTE
    ../clib/microlib/printf/printf.c         0x00000000   Number         0  printf3.o ABSOLUTE
    ../clib/microlib/printf/printf.c         0x00000000   Number         0  printf2.o ABSOLUTE
    ../clib/microlib/printf/printf.c         0x00000000   Number         0  printf1.o ABSOLUTE
    ../clib/microlib/printf/printf.c         0x00000000   Number         0  printf0.o ABSOLUTE
    ../clib/microlib/printf/printf.c         0x00000000   Number         0  printfb.o ABSOLUTE
    ../clib/microlib/printf/stubs.s          0x00000000   Number         0  stubs.o ABSOLUTE
    ../clib/microlib/string/memcpy.c         0x00000000   Number         0  memcpya.o ABSOLUTE
    ../clib/microlib/string/memcpy.c         0x00000000   Number         0  memcpyb.o ABSOLUTE
    ../clib/microlib/string/memset.c         0x00000000   Number         0  memseta.o ABSOLUTE
    ../clib/microlib/string/strcat.c         0x00000000   Number         0  strcat.o ABSOLUTE
    ../clib/microlib/string/strlen.c         0x00000000   Number         0  strlen.o ABSOLUTE
    ../clib/microlib/stubs.s                 0x00000000   Number         0  iusefp.o ABSOLUTE
    ../clib/microlib/stubs.s                 0x00000000   Number         0  useno.o ABSOLUTE
    ../fplib/microlib/fpadd.c                0x00000000   Number         0  dadd.o ABSOLUTE
    ../fplib/microlib/fpdiv.c                0x00000000   Number         0  ddiv.o ABSOLUTE
    ../fplib/microlib/fpepilogue.c           0x00000000   Number         0  depilogue.o ABSOLUTE
    ../fplib/microlib/fpfix.c                0x00000000   Number         0  dfixul.o ABSOLUTE
    ../fplib/microlib/fpflt.c                0x00000000   Number         0  dfltui.o ABSOLUTE
    ../fplib/microlib/fpmul.c                0x00000000   Number         0  dmul.o ABSOLUTE
    ..\\code\\GSM\\src\\Dtu.c                0x00000000   Number         0  dtu.o ABSOLUTE
    ..\\code\\GSM\\src\\DtuBoot.c            0x00000000   Number         0  dtuboot.o ABSOLUTE
    ..\\code\\GSM\\src\\UartBoot.c           0x00000000   Number         0  uartboot.o ABSOLUTE
    ..\\code\\GSM\\src\\flash.c              0x00000000   Number         0  flash.o ABSOLUTE
    ..\\code\\GSM\\src\\iap.c                0x00000000   Number         0  iap.o ABSOLUTE
    ..\\code\\GSM\\src\\kernal.c             0x00000000   Number         0  kernal.o ABSOLUTE
    ..\\code\\GSM\\src\\serial.c             0x00000000   Number         0  serial.o ABSOLUTE
    ..\\code\\bsp\\src\\misc.c               0x00000000   Number         0  misc.o ABSOLUTE
    ..\\code\\bsp\\src\\stm32f4xx_adc.c      0x00000000   Number         0  stm32f4xx_adc.o ABSOLUTE
    ..\\code\\bsp\\src\\stm32f4xx_crc.c      0x00000000   Number         0  stm32f4xx_crc.o ABSOLUTE
    ..\\code\\bsp\\src\\stm32f4xx_dma.c      0x00000000   Number         0  stm32f4xx_dma.o ABSOLUTE
    ..\\code\\bsp\\src\\stm32f4xx_exti.c     0x00000000   Number         0  stm32f4xx_exti.o ABSOLUTE
    ..\\code\\bsp\\src\\stm32f4xx_flash.c    0x00000000   Number         0  stm32f4xx_flash.o ABSOLUTE
    ..\\code\\bsp\\src\\stm32f4xx_fsmc.c     0x00000000   Number         0  stm32f4xx_fsmc.o ABSOLUTE
    ..\\code\\bsp\\src\\stm32f4xx_gpio.c     0x00000000   Number         0  stm32f4xx_gpio.o ABSOLUTE
    ..\\code\\bsp\\src\\stm32f4xx_iwdg.c     0x00000000   Number         0  stm32f4xx_iwdg.o ABSOLUTE
    ..\\code\\bsp\\src\\stm32f4xx_pwr.c      0x00000000   Number         0  stm32f4xx_pwr.o ABSOLUTE
    ..\\code\\bsp\\src\\stm32f4xx_rcc.c      0x00000000   Number         0  stm32f4xx_rcc.o ABSOLUTE
    ..\\code\\bsp\\src\\stm32f4xx_rtc.c      0x00000000   Number         0  stm32f4xx_rtc.o ABSOLUTE
    ..\\code\\bsp\\src\\stm32f4xx_spi.c      0x00000000   Number         0  stm32f4xx_spi.o ABSOLUTE
    ..\\code\\bsp\\src\\stm32f4xx_syscfg.c   0x00000000   Number         0  stm32f4xx_syscfg.o ABSOLUTE
    ..\\code\\bsp\\src\\stm32f4xx_tim.c      0x00000000   Number         0  stm32f4xx_tim.o ABSOLUTE
    ..\\code\\bsp\\src\\stm32f4xx_usart.c    0x00000000   Number         0  stm32f4xx_usart.o ABSOLUTE
    ..\\code\\bsp\\src\\stm32f4xx_wwdg.c     0x00000000   Number         0  stm32f4xx_wwdg.o ABSOLUTE
    ..\\code\\drv\\src\\bsp_adc.c            0x00000000   Number         0  bsp_adc.o ABSOLUTE
    ..\\code\\drv\\src\\bsp_flash.c          0x00000000   Number         0  bsp_flash.o ABSOLUTE
    ..\\code\\drv\\src\\bsp_init.c           0x00000000   Number         0  bsp_init.o ABSOLUTE
    ..\\code\\drv\\src\\bsp_io_control.c     0x00000000   Number         0  bsp_io_control.o ABSOLUTE
    ..\\code\\drv\\src\\bsp_rtc.c            0x00000000   Number         0  bsp_rtc.o ABSOLUTE
    ..\\code\\drv\\src\\bsp_sst25vf064.c     0x00000000   Number         0  bsp_sst25vf064.o ABSOLUTE
    ..\\code\\drv\\src\\bsp_usart.c          0x00000000   Number         0  bsp_usart.o ABSOLUTE
    ..\\code\\drv\\src\\stm32f4xx_it.c       0x00000000   Number         0  stm32f4xx_it.o ABSOLUTE
    ..\\code\\drv\\src\\system_stm32f4xx.c   0x00000000   Number         0  system_stm32f4xx.o ABSOLUTE
    ..\\code\\user\\Tools.c                  0x00000000   Number         0  tools.o ABSOLUTE
    ..\\code\\user\\main.c                   0x00000000   Number         0  main.o ABSOLUTE
    ..\code\GSM\src\Dtu.c                    0x00000000   Number         0  dtu.o ABSOLUTE
    ..\code\GSM\src\DtuBoot.c                0x00000000   Number         0  dtuboot.o ABSOLUTE
    ..\code\GSM\src\Protocol.c               0x00000000   Number         0  protocol.o ABSOLUTE
    ..\code\GSM\src\UartBoot.c               0x00000000   Number         0  uartboot.o ABSOLUTE
    ..\code\GSM\src\flash.c                  0x00000000   Number         0  flash.o ABSOLUTE
    ..\code\GSM\src\iap.c                    0x00000000   Number         0  iap.o ABSOLUTE
    ..\code\GSM\src\kernal.c                 0x00000000   Number         0  kernal.o ABSOLUTE
    ..\code\GSM\src\serial.c                 0x00000000   Number         0  serial.o ABSOLUTE
    ..\code\bsp\src\misc.c                   0x00000000   Number         0  misc.o ABSOLUTE
    ..\code\bsp\src\stm32f4xx_adc.c          0x00000000   Number         0  stm32f4xx_adc.o ABSOLUTE
    ..\code\bsp\src\stm32f4xx_crc.c          0x00000000   Number         0  stm32f4xx_crc.o ABSOLUTE
    ..\code\bsp\src\stm32f4xx_dma.c          0x00000000   Number         0  stm32f4xx_dma.o ABSOLUTE
    ..\code\bsp\src\stm32f4xx_exti.c         0x00000000   Number         0  stm32f4xx_exti.o ABSOLUTE
    ..\code\bsp\src\stm32f4xx_flash.c        0x00000000   Number         0  stm32f4xx_flash.o ABSOLUTE
    ..\code\bsp\src\stm32f4xx_fsmc.c         0x00000000   Number         0  stm32f4xx_fsmc.o ABSOLUTE
    ..\code\bsp\src\stm32f4xx_gpio.c         0x00000000   Number         0  stm32f4xx_gpio.o ABSOLUTE
    ..\code\bsp\src\stm32f4xx_iwdg.c         0x00000000   Number         0  stm32f4xx_iwdg.o ABSOLUTE
    ..\code\bsp\src\stm32f4xx_pwr.c          0x00000000   Number         0  stm32f4xx_pwr.o ABSOLUTE
    ..\code\bsp\src\stm32f4xx_rcc.c          0x00000000   Number         0  stm32f4xx_rcc.o ABSOLUTE
    ..\code\bsp\src\stm32f4xx_rtc.c          0x00000000   Number         0  stm32f4xx_rtc.o ABSOLUTE
    ..\code\bsp\src\stm32f4xx_spi.c          0x00000000   Number         0  stm32f4xx_spi.o ABSOLUTE
    ..\code\bsp\src\stm32f4xx_syscfg.c       0x00000000   Number         0  stm32f4xx_syscfg.o ABSOLUTE
    ..\code\bsp\src\stm32f4xx_tim.c          0x00000000   Number         0  stm32f4xx_tim.o ABSOLUTE
    ..\code\bsp\src\stm32f4xx_usart.c        0x00000000   Number         0  stm32f4xx_usart.o ABSOLUTE
    ..\code\bsp\src\stm32f4xx_wwdg.c         0x00000000   Number         0  stm32f4xx_wwdg.o ABSOLUTE
    ..\code\drv\src\bsp_adc.c                0x00000000   Number         0  bsp_adc.o ABSOLUTE
    ..\code\drv\src\bsp_flash.c              0x00000000   Number         0  bsp_flash.o ABSOLUTE
    ..\code\drv\src\bsp_init.c               0x00000000   Number         0  bsp_init.o ABSOLUTE
    ..\code\drv\src\bsp_io_control.c         0x00000000   Number         0  bsp_io_control.o ABSOLUTE
    ..\code\drv\src\bsp_rtc.c                0x00000000   Number         0  bsp_rtc.o ABSOLUTE
    ..\code\drv\src\bsp_sst25vf064.c         0x00000000   Number         0  bsp_sst25vf064.o ABSOLUTE
    ..\code\drv\src\bsp_usart.c              0x00000000   Number         0  bsp_usart.o ABSOLUTE
    ..\code\drv\src\stm32f4xx_it.c           0x00000000   Number         0  stm32f4xx_it.o ABSOLUTE
    ..\code\drv\src\system_stm32f4xx.c       0x00000000   Number         0  system_stm32f4xx.o ABSOLUTE
    ..\code\sys\startup_stm32f40xx.s         0x00000000   Number         0  startup_stm32f40xx.o ABSOLUTE
    ..\code\user\Tools.c                     0x00000000   Number         0  tools.o ABSOLUTE
    ..\code\user\main.c                      0x00000000   Number         0  main.o ABSOLUTE
    cdrcmple.s                               0x00000000   Number         0  cdrcmple.o ABSOLUTE
    dc.s                                     0x00000000   Number         0  dc.o ABSOLUTE
    handlers.s                               0x00000000   Number         0  handlers.o ABSOLUTE
    init.s                                   0x00000000   Number         0  init.o ABSOLUTE
    RESET                                    0x08000000   Section      392  startup_stm32f40xx.o(RESET)
    .ARM.Collect$$$$00000000                 0x08000188   Section        0  entry.o(.ARM.Collect$$$$00000000)
    .ARM.Collect$$$$00000001                 0x08000188   Section        4  entry2.o(.ARM.Collect$$$$00000001)
    .ARM.Collect$$$$00000004                 0x0800018c   Section        4  entry5.o(.ARM.Collect$$$$00000004)
    .ARM.Collect$$$$00000008                 0x08000190   Section        0  entry7b.o(.ARM.Collect$$$$00000008)
    .ARM.Collect$$$$0000000A                 0x08000190   Section        0  entry8b.o(.ARM.Collect$$$$0000000A)
    .ARM.Collect$$$$0000000B                 0x08000190   Section        8  entry9a.o(.ARM.Collect$$$$0000000B)
    .ARM.Collect$$$$0000000D                 0x08000198   Section        0  entry10a.o(.ARM.Collect$$$$0000000D)
    .ARM.Collect$$$$0000000F                 0x08000198   Section        0  entry11a.o(.ARM.Collect$$$$0000000F)
    .ARM.Collect$$$$00002712                 0x08000198   Section        4  entry2.o(.ARM.Collect$$$$00002712)
    __lit__00000000                          0x08000198   Data           4  entry2.o(.ARM.Collect$$$$00002712)
    .emb_text                                0x0800019c   Section       16  kernal.o(.emb_text)
    $v0                                      0x0800019c   Number         0  kernal.o(.emb_text)
    .text                                    0x080001ac   Section        0  misc.o(.text)
    .text                                    0x0800028c   Section        0  stm32f4xx_crc.o(.text)
    .text                                    0x080002d4   Section        0  stm32f4xx_exti.o(.text)
    .text                                    0x080003e4   Section        0  stm32f4xx_flash.o(.text)
    .text                                    0x08000a78   Section        0  stm32f4xx_gpio.o(.text)
    .text                                    0x08000df0   Section        0  stm32f4xx_iwdg.o(.text)
    .text                                    0x08000e30   Section        0  stm32f4xx_pwr.o(.text)
    .text                                    0x08000f9c   Section        0  stm32f4xx_rcc.o(.text)
    .text                                    0x080015f8   Section        0  stm32f4xx_rtc.o(.text)
    RTC_ByteToBcd2                           0x0800188b   Thumb Code    28  stm32f4xx_rtc.o(.text)
    RTC_Bcd2ToByte                           0x080018a7   Thumb Code    22  stm32f4xx_rtc.o(.text)
    .text                                    0x08002360   Section        0  stm32f4xx_usart.o(.text)
    .text                                    0x080027b4   Section        0  stm32f4xx_wwdg.o(.text)
    .text                                    0x08002844   Section        0  bsp_init.o(.text)
    .text                                    0x08002960   Section        0  bsp_io_control.o(.text)
    .text                                    0x08002b60   Section        0  bsp_rtc.o(.text)
    .text                                    0x0800300c   Section        0  bsp_flash.o(.text)
    .text                                    0x080030d2   Section        0  stm32f4xx_it.o(.text)
    .text                                    0x080030d8   Section        0  system_stm32f4xx.o(.text)
    SetSysClock                              0x080030d9   Thumb Code   220  system_stm32f4xx.o(.text)
    .text                                    0x080032e8   Section       36  startup_stm32f40xx.o(.text)
    $v0                                      0x080032e8   Number         0  startup_stm32f40xx.o(.text)
    .text                                    0x0800330c   Section        0  tools.o(.text)
    .text                                    0x080033b8   Section        0  main.o(.text)
    .text                                    0x0800342c   Section        0  dtu.o(.text)
    .text                                    0x080034d0   Section        0  protocol.o(.text)
    .text                                    0x080035cc   Section        0  serial.o(.text)
    .text                                    0x08003a84   Section        0  flash.o(.text)
    .text                                    0x08003cac   Section        0  kernal.o(.text)
    RCC_Configuration                        0x08003ce1   Thumb Code     2  kernal.o(.text)
    .text                                    0x08003e38   Section        0  dtuboot.o(.text)
    HandleDataPackage                        0x08003e7f   Thumb Code    34  dtuboot.o(.text)
    HandleCmdProc                            0x08003ea1   Thumb Code  2270  dtuboot.o(.text)
    .text                                    0x080049e8   Section        0  uartboot.o(.text)
    CalcCheckSum                             0x080049e9   Thumb Code    46  uartboot.o(.text)
    Response                                 0x08004a89   Thumb Code    44  uartboot.o(.text)
    EnterBootProc                            0x08004ab5   Thumb Code    34  uartboot.o(.text)
    EnterWriteProc                           0x08004ad7   Thumb Code    36  uartboot.o(.text)
    EnterReadProc                            0x08004afb   Thumb Code     2  uartboot.o(.text)
    EnterAppProc                             0x08004afd   Thumb Code    24  uartboot.o(.text)
    .text                                    0x08004c08   Section        0  iap.o(.text)
    .text                                    0x08004cb4   Section        0  memcpya.o(.text)
    .text                                    0x08004cd8   Section        0  memseta.o(.text)
    .text                                    0x08004cfc   Section        0  strcat.o(.text)
    .text                                    0x08004d14   Section        0  strlen.o(.text)
    .text                                    0x08004d22   Section        0  uldiv.o(.text)
    .text                                    0x08004d84   Section       36  init.o(.text)
    .text                                    0x08004da8   Section        0  llshl.o(.text)
    .text                                    0x08004dc6   Section        0  llushr.o(.text)
    i.__0printf$5                            0x08004de8   Section        0  printf5.o(i.__0printf$5)
    i.__0sprintf$5                           0x08004e08   Section        0  printf5.o(i.__0sprintf$5)
    i.__scatterload_copy                     0x08004e30   Section       14  handlers.o(i.__scatterload_copy)
    i.__scatterload_null                     0x08004e3e   Section        2  handlers.o(i.__scatterload_null)
    i.__scatterload_zeroinit                 0x08004e40   Section       14  handlers.o(i.__scatterload_zeroinit)
    i._printf_core                           0x08004e50   Section        0  printf5.o(i._printf_core)
    _printf_core                             0x08004e51   Thumb Code   654  printf5.o(i._printf_core)
    i._sputc                                 0x0800510c   Section        0  printf5.o(i._sputc)
    _sputc                                   0x0800510d   Thumb Code    10  printf5.o(i._sputc)
    i.free                                   0x08005118   Section        0  malloc.o(i.free)
    i.malloc                                 0x08005168   Section        0  malloc.o(i.malloc)
    .data                                    0x20000000   Section       16  stm32f4xx_rcc.o(.data)
    APBAHBPrescTable                         0x20000000   Data          16  stm32f4xx_rcc.o(.data)
    .data                                    0x20000010   Section       20  system_stm32f4xx.o(.data)
    .data                                    0x20000024   Section       40  serial.o(.data)
    g_u32Uart1RevCount                       0x2000003c   Data           4  serial.o(.data)
    g_u32Uart2RevCount                       0x20000040   Data           4  serial.o(.data)
    g_u32Uart3RevCount                       0x20000044   Data           4  serial.o(.data)
    .data                                    0x2000004c   Section        4  flash.o(.data)
    g_u32PacketDataddress                    0x2000004c   Data           4  flash.o(.data)
    .data                                    0x20000050   Section       12  kernal.o(.data)
    g_u32TickCount                           0x20000050   Data           4  kernal.o(.data)
    g_u32Second                              0x20000054   Data           4  kernal.o(.data)
    .data                                    0x2000005c   Section       40  dtuboot.o(.data)
    g_u8FlashType                            0x2000005c   Data           1  dtuboot.o(.data)
    g_bUpdate                                0x20000060   Data           4  dtuboot.o(.data)
    g_u32TimeOut                             0x20000064   Data           4  dtuboot.o(.data)
    g_u32WriteOffset                         0x20000068   Data           4  dtuboot.o(.data)
    g_u32AppAddress                          0x2000006c   Data           4  dtuboot.o(.data)
    g_u32HardEdition                         0x20000070   Data           4  dtuboot.o(.data)
    g_u32SoftEdition                         0x20000074   Data           4  dtuboot.o(.data)
    u16PackageNumber                         0x20000078   Data           2  dtuboot.o(.data)
    .data                                    0x20000084   Section        4  uartboot.o(.data)
    g_u32Offset                              0x20000084   Data           4  uartboot.o(.data)
    .data                                    0x20000088   Section        4  iap.o(.data)
    .data                                    0x2000008c   Section        4  mvars.o(.data)
    .data                                    0x20000090   Section        4  mvars.o(.data)
    .bss                                     0x20000094   Section     2048  iap.o(.bss)
    HEAP                                     0x20000898   Section    32768  startup_stm32f40xx.o(HEAP)
    STACK                                    0x20008898   Section    32768  startup_stm32f40xx.o(STACK)

    Global Symbols

    Symbol Name                              Value     Ov Type        Size  Object(Section)

    BuildAttributes$$THM_ISAv4$E$P$D$K$B$S$7EM$VFPi3$EXTD16$VFPS$VFMA$PE$A:L22UL41UL21$X:L11$S22US41US21$IEEE1$IW$USESV6$~STKCKD$USESV7$~SHL$OSPACE$ROPI$EBA8$MICROLIB$REQ8$PRES8$EABIv2 0x00000000   Number         0  anon$$obj.o ABSOLUTE
    __ARM_use_no_argv                        0x00000000   Number         0  main.o ABSOLUTE
    __use_no_errno                           0x00000000   Number         0  useno.o ABSOLUTE
    __use_no_exception_handling              0x00000000   Number         0  useno.o ABSOLUTE
    __use_no_fp                              0x00000000   Number         0  useno.o ABSOLUTE
    __use_no_heap                            0x00000000   Number         0  useno.o ABSOLUTE
    __use_no_heap_region                     0x00000000   Number         0  useno.o ABSOLUTE
    __use_no_semihosting                     0x00000000   Number         0  useno.o ABSOLUTE
    __use_no_semihosting_swi                 0x00000000   Number         0  useno.o ABSOLUTE
    __use_no_signal_handling                 0x00000000   Number         0  useno.o ABSOLUTE
    _printf_a                                0x00000000   Number         0  stubs.o ABSOLUTE
    _printf_c                                0x00000000   Number         0  stubs.o ABSOLUTE
    _printf_charcount                        0x00000000   Number         0  stubs.o ABSOLUTE
    _printf_d                                0x00000000   Number         0  stubs.o ABSOLUTE
    _printf_e                                0x00000000   Number         0  stubs.o ABSOLUTE
    _printf_f                                0x00000000   Number         0  stubs.o ABSOLUTE
    _printf_flags                            0x00000000   Number         0  stubs.o ABSOLUTE
    _printf_fp_dec                           0x00000000   Number         0  stubs.o ABSOLUTE
    _printf_fp_hex                           0x00000000   Number         0  stubs.o ABSOLUTE
    _printf_g                                0x00000000   Number         0  stubs.o ABSOLUTE
    _printf_i                                0x00000000   Number         0  stubs.o ABSOLUTE
    _printf_int_dec                          0x00000000   Number         0  stubs.o ABSOLUTE
    _printf_l                                0x00000000   Number         0  stubs.o ABSOLUTE
    _printf_lc                               0x00000000   Number         0  stubs.o ABSOLUTE
    _printf_ll                               0x00000000   Number         0  stubs.o ABSOLUTE
    _printf_lld                              0x00000000   Number         0  stubs.o ABSOLUTE
    _printf_lli                              0x00000000   Number         0  stubs.o ABSOLUTE
    _printf_llo                              0x00000000   Number         0  stubs.o ABSOLUTE
    _printf_llu                              0x00000000   Number         0  stubs.o ABSOLUTE
    _printf_llx                              0x00000000   Number         0  stubs.o ABSOLUTE
    _printf_longlong_dec                     0x00000000   Number         0  stubs.o ABSOLUTE
    _printf_longlong_hex                     0x00000000   Number         0  stubs.o ABSOLUTE
    _printf_longlong_oct                     0x00000000   Number         0  stubs.o ABSOLUTE
    _printf_ls                               0x00000000   Number         0  stubs.o ABSOLUTE
    _printf_mbtowc                           0x00000000   Number         0  stubs.o ABSOLUTE
    _printf_n                                0x00000000   Number         0  stubs.o ABSOLUTE
    _printf_o                                0x00000000   Number         0  stubs.o ABSOLUTE
    _printf_p                                0x00000000   Number         0  stubs.o ABSOLUTE
    _printf_percent                          0x00000000   Number         0  stubs.o ABSOLUTE
    _printf_pre_padding                      0x00000000   Number         0  stubs.o ABSOLUTE
    _printf_return_value                     0x00000000   Number         0  stubs.o ABSOLUTE
    _printf_s                                0x00000000   Number         0  stubs.o ABSOLUTE
    _printf_sizespec                         0x00000000   Number         0  stubs.o ABSOLUTE
    _printf_str                              0x00000000   Number         0  stubs.o ABSOLUTE
    _printf_truncate_signed                  0x00000000   Number         0  stubs.o ABSOLUTE
    _printf_truncate_unsigned                0x00000000   Number         0  stubs.o ABSOLUTE
    _printf_u                                0x00000000   Number         0  stubs.o ABSOLUTE
    _printf_wc                               0x00000000   Number         0  stubs.o ABSOLUTE
    _printf_wctomb                           0x00000000   Number         0  stubs.o ABSOLUTE
    _printf_widthprec                        0x00000000   Number         0  stubs.o ABSOLUTE
    _printf_x                                0x00000000   Number         0  stubs.o ABSOLUTE
    __cpp_initialize__aeabi_                  - Undefined Weak Reference
    __cxa_finalize                            - Undefined Weak Reference
    __decompress                              - Undefined Weak Reference
    _clock_init                               - Undefined Weak Reference
    _microlib_exit                            - Undefined Weak Reference
    __Vectors_Size                           0x00000188   Number         0  startup_stm32f40xx.o ABSOLUTE
    __Vectors                                0x08000000   Data           4  startup_stm32f40xx.o(RESET)
    __Vectors_End                            0x08000188   Data           0  startup_stm32f40xx.o(RESET)
    __main                                   0x08000189   Thumb Code     0  entry.o(.ARM.Collect$$$$00000000)
    _main_stk                                0x08000189   Thumb Code     0  entry2.o(.ARM.Collect$$$$00000001)
    _main_scatterload                        0x0800018d   Thumb Code     0  entry5.o(.ARM.Collect$$$$00000004)
    __main_after_scatterload                 0x08000191   Thumb Code     0  entry5.o(.ARM.Collect$$$$00000004)
    _main_clock                              0x08000191   Thumb Code     0  entry7b.o(.ARM.Collect$$$$00000008)
    _main_cpp_init                           0x08000191   Thumb Code     0  entry8b.o(.ARM.Collect$$$$0000000A)
    _main_init                               0x08000191   Thumb Code     0  entry9a.o(.ARM.Collect$$$$0000000B)
    __rt_final_cpp                           0x08000199   Thumb Code     0  entry10a.o(.ARM.Collect$$$$0000000D)
    __rt_final_exit                          0x08000199   Thumb Code     0  entry11a.o(.ARM.Collect$$$$0000000F)
    WFI_SET                                  0x0800019d   Thumb Code     2  kernal.o(.emb_text)
    INTX_DISABLE                             0x0800019f   Thumb Code     4  kernal.o(.emb_text)
    INTX_ENABLE                              0x080001a3   Thumb Code     4  kernal.o(.emb_text)
    MSR_MSP                                  0x080001a7   Thumb Code     6  kernal.o(.emb_text)
    NVIC_PriorityGroupConfig                 0x080001ad   Thumb Code    10  misc.o(.text)
    NVIC_Init                                0x080001b7   Thumb Code   106  misc.o(.text)
    NVIC_SetVectorTable                      0x08000221   Thumb Code    14  misc.o(.text)
    NVIC_SystemLPConfig                      0x0800022f   Thumb Code    34  misc.o(.text)
    SysTick_CLKSourceConfig                  0x08000251   Thumb Code    40  misc.o(.text)
    CRC_ResetDR                              0x0800028d   Thumb Code     8  stm32f4xx_crc.o(.text)
    CRC_CalcCRC                              0x08000295   Thumb Code    10  stm32f4xx_crc.o(.text)
    CRC_CalcBlockCRC                         0x0800029f   Thumb Code    32  stm32f4xx_crc.o(.text)
    CRC_GetCRC                               0x080002bf   Thumb Code     6  stm32f4xx_crc.o(.text)
    CRC_SetIDRegister                        0x080002c5   Thumb Code     6  stm32f4xx_crc.o(.text)
    CRC_GetIDRegister                        0x080002cb   Thumb Code     6  stm32f4xx_crc.o(.text)
    EXTI_DeInit                              0x080002d5   Thumb Code    28  stm32f4xx_exti.o(.text)
    EXTI_Init                                0x080002f1   Thumb Code   142  stm32f4xx_exti.o(.text)
    EXTI_StructInit                          0x0800037f   Thumb Code    16  stm32f4xx_exti.o(.text)
    EXTI_GenerateSWInterrupt                 0x0800038f   Thumb Code    16  stm32f4xx_exti.o(.text)
    EXTI_GetFlagStatus                       0x0800039f   Thumb Code    22  stm32f4xx_exti.o(.text)
    EXTI_ClearFlag                           0x080003b5   Thumb Code     8  stm32f4xx_exti.o(.text)
    EXTI_GetITStatus                         0x080003bd   Thumb Code    22  stm32f4xx_exti.o(.text)
    EXTI_ClearITPendingBit                   0x080003d3   Thumb Code     8  stm32f4xx_exti.o(.text)
    FLASH_SetLatency                         0x080003e5   Thumb Code     6  stm32f4xx_flash.o(.text)
    FLASH_PrefetchBufferCmd                  0x080003eb   Thumb Code    30  stm32f4xx_flash.o(.text)
    FLASH_InstructionCacheCmd                0x08000409   Thumb Code    30  stm32f4xx_flash.o(.text)
    FLASH_DataCacheCmd                       0x08000427   Thumb Code    30  stm32f4xx_flash.o(.text)
    FLASH_InstructionCacheReset              0x08000445   Thumb Code    14  stm32f4xx_flash.o(.text)
    FLASH_DataCacheReset                     0x08000453   Thumb Code    14  stm32f4xx_flash.o(.text)
    FLASH_Unlock                             0x08000461   Thumb Code    26  stm32f4xx_flash.o(.text)
    FLASH_Lock                               0x0800047b   Thumb Code    18  stm32f4xx_flash.o(.text)
    FLASH_GetStatus                          0x0800048d   Thumb Code    90  stm32f4xx_flash.o(.text)
    FLASH_WaitForLastOperation               0x080004e7   Thumb Code    34  stm32f4xx_flash.o(.text)
    FLASH_EraseSector                        0x08000509   Thumb Code   140  stm32f4xx_flash.o(.text)
    FLASH_EraseAllSectors                    0x08000595   Thumb Code   112  stm32f4xx_flash.o(.text)
    FLASH_EraseAllBank1Sectors               0x08000605   Thumb Code   112  stm32f4xx_flash.o(.text)
    FLASH_EraseAllBank2Sectors               0x08000675   Thumb Code   112  stm32f4xx_flash.o(.text)
    FLASH_ProgramDoubleWord                  0x080006e5   Thumb Code    86  stm32f4xx_flash.o(.text)
    FLASH_ProgramWord                        0x0800073b   Thumb Code    82  stm32f4xx_flash.o(.text)
    FLASH_ProgramHalfWord                    0x0800078d   Thumb Code    96  stm32f4xx_flash.o(.text)
    FLASH_ProgramByte                        0x080007ed   Thumb Code    70  stm32f4xx_flash.o(.text)
    FLASH_OB_Unlock                          0x08000833   Thumb Code    26  stm32f4xx_flash.o(.text)
    FLASH_OB_Lock                            0x0800084d   Thumb Code    18  stm32f4xx_flash.o(.text)
    FLASH_OB_WRPConfig                       0x0800085f   Thumb Code    54  stm32f4xx_flash.o(.text)
    FLASH_OB_WRP1Config                      0x08000895   Thumb Code    54  stm32f4xx_flash.o(.text)
    FLASH_OB_PCROPSelectionConfig            0x080008cb   Thumb Code    24  stm32f4xx_flash.o(.text)
    FLASH_OB_PCROPConfig                     0x080008e3   Thumb Code    54  stm32f4xx_flash.o(.text)
    FLASH_OB_PCROP1Config                    0x08000919   Thumb Code    54  stm32f4xx_flash.o(.text)
    FLASH_OB_RDPConfig                       0x0800094f   Thumb Code    24  stm32f4xx_flash.o(.text)
    FLASH_OB_UserConfig                      0x08000967   Thumb Code    46  stm32f4xx_flash.o(.text)
    FLASH_OB_BootConfig                      0x08000995   Thumb Code    26  stm32f4xx_flash.o(.text)
    FLASH_OB_BORConfig                       0x080009af   Thumb Code    26  stm32f4xx_flash.o(.text)
    FLASH_OB_Launch                          0x080009c9   Thumb Code    30  stm32f4xx_flash.o(.text)
    FLASH_OB_GetUser                         0x080009e7   Thumb Code    12  stm32f4xx_flash.o(.text)
    FLASH_OB_GetWRP                          0x080009f3   Thumb Code     8  stm32f4xx_flash.o(.text)
    FLASH_OB_GetWRP1                         0x080009fb   Thumb Code     8  stm32f4xx_flash.o(.text)
    FLASH_OB_GetPCROP                        0x08000a03   Thumb Code     8  stm32f4xx_flash.o(.text)
    FLASH_OB_GetPCROP1                       0x08000a0b   Thumb Code     8  stm32f4xx_flash.o(.text)
    FLASH_OB_GetRDP                          0x08000a13   Thumb Code    20  stm32f4xx_flash.o(.text)
    FLASH_OB_GetBOR                          0x08000a27   Thumb Code    12  stm32f4xx_flash.o(.text)
    FLASH_ITConfig                           0x08000a33   Thumb Code    26  stm32f4xx_flash.o(.text)
    FLASH_GetFlagStatus                      0x08000a4d   Thumb Code    22  stm32f4xx_flash.o(.text)
    FLASH_ClearFlag                          0x08000a63   Thumb Code     8  stm32f4xx_flash.o(.text)
    GPIO_DeInit                              0x08000a79   Thumb Code   268  stm32f4xx_gpio.o(.text)
    GPIO_Init                                0x08000b85   Thumb Code   144  stm32f4xx_gpio.o(.text)
    GPIO_Set                                 0x08000c15   Thumb Code   226  stm32f4xx_gpio.o(.text)
    GPIO_StructInit                          0x08000cf7   Thumb Code    18  stm32f4xx_gpio.o(.text)
    GPIO_PinLockConfig                       0x08000d09   Thumb Code    34  stm32f4xx_gpio.o(.text)
    GPIO_ReadInputDataBit                    0x08000d2b   Thumb Code    18  stm32f4xx_gpio.o(.text)
    GPIO_ReadInputData                       0x08000d3d   Thumb Code     8  stm32f4xx_gpio.o(.text)
    GPIO_ReadOutputDataBit                   0x08000d45   Thumb Code    18  stm32f4xx_gpio.o(.text)
    GPIO_ReadOutputData                      0x08000d57   Thumb Code     8  stm32f4xx_gpio.o(.text)
    GPIO_SetBits                             0x08000d5f   Thumb Code     4  stm32f4xx_gpio.o(.text)
    GPIO_ResetBits                           0x08000d63   Thumb Code     4  stm32f4xx_gpio.o(.text)
    GPIO_WriteBit                            0x08000d67   Thumb Code    10  stm32f4xx_gpio.o(.text)
    GPIO_Write                               0x08000d71   Thumb Code     4  stm32f4xx_gpio.o(.text)
    GPIO_ToggleBits                          0x08000d75   Thumb Code     8  stm32f4xx_gpio.o(.text)
    GPIO_PinAFConfig                         0x08000d7d   Thumb Code    70  stm32f4xx_gpio.o(.text)
    IWDG_WriteAccessCmd                      0x08000df1   Thumb Code     6  stm32f4xx_iwdg.o(.text)
    IWDG_SetPrescaler                        0x08000df7   Thumb Code     6  stm32f4xx_iwdg.o(.text)
    IWDG_SetReload                           0x08000dfd   Thumb Code     6  stm32f4xx_iwdg.o(.text)
    IWDG_ReloadCounter                       0x08000e03   Thumb Code    10  stm32f4xx_iwdg.o(.text)
    IWDG_Enable                              0x08000e0d   Thumb Code    10  stm32f4xx_iwdg.o(.text)
    IWDG_GetFlagStatus                       0x08000e17   Thumb Code    20  stm32f4xx_iwdg.o(.text)
    PWR_DeInit                               0x08000e31   Thumb Code    22  stm32f4xx_pwr.o(.text)
    PWR_BackupAccessCmd                      0x08000e47   Thumb Code     6  stm32f4xx_pwr.o(.text)
    PWR_PVDLevelConfig                       0x08000e4d   Thumb Code    18  stm32f4xx_pwr.o(.text)
    PWR_PVDCmd                               0x08000e5f   Thumb Code     6  stm32f4xx_pwr.o(.text)
    PWR_WakeUpPinCmd                         0x08000e65   Thumb Code     8  stm32f4xx_pwr.o(.text)
    PWR_BackupRegulatorCmd                   0x08000e6d   Thumb Code     8  stm32f4xx_pwr.o(.text)
    PWR_MainRegulatorModeConfig              0x08000e75   Thumb Code    18  stm32f4xx_pwr.o(.text)
    PWR_OverDriveCmd                         0x08000e87   Thumb Code     6  stm32f4xx_pwr.o(.text)
    PWR_OverDriveSWCmd                       0x08000e8d   Thumb Code     6  stm32f4xx_pwr.o(.text)
    PWR_UnderDriveCmd                        0x08000e93   Thumb Code    30  stm32f4xx_pwr.o(.text)
    PWR_MainRegulatorLowVoltageCmd           0x08000eb1   Thumb Code    18  stm32f4xx_pwr.o(.text)
    PWR_LowRegulatorLowVoltageCmd            0x08000ec3   Thumb Code    18  stm32f4xx_pwr.o(.text)
    PWR_FlashPowerDownCmd                    0x08000ed5   Thumb Code     6  stm32f4xx_pwr.o(.text)
    PWR_EnterSTOPMode                        0x08000edb   Thumb Code    58  stm32f4xx_pwr.o(.text)
    PWR_EnterUnderDriveSTOPMode              0x08000f15   Thumb Code    58  stm32f4xx_pwr.o(.text)
    PWR_EnterSTANDBYMode                     0x08000f4f   Thumb Code    32  stm32f4xx_pwr.o(.text)
    PWR_GetFlagStatus                        0x08000f6f   Thumb Code    20  stm32f4xx_pwr.o(.text)
    PWR_ClearFlag                            0x08000f83   Thumb Code    14  stm32f4xx_pwr.o(.text)
    RCC_DeInit                               0x08000f9d   Thumb Code    82  stm32f4xx_rcc.o(.text)
    RCC_HSEConfig                            0x08000fef   Thumb Code    14  stm32f4xx_rcc.o(.text)
    RCC_GetFlagStatus                        0x08000ffd   Thumb Code    60  stm32f4xx_rcc.o(.text)
    RCC_WaitForHSEStartUp                    0x08001039   Thumb Code    56  stm32f4xx_rcc.o(.text)
    RCC_AdjustHSICalibrationValue            0x08001071   Thumb Code    20  stm32f4xx_rcc.o(.text)
    RCC_HSICmd                               0x08001085   Thumb Code     6  stm32f4xx_rcc.o(.text)
    RCC_LSEConfig                            0x0800108b   Thumb Code    46  stm32f4xx_rcc.o(.text)
    RCC_LSICmd                               0x080010b9   Thumb Code     6  stm32f4xx_rcc.o(.text)
    RCC_PLLConfig                            0x080010bf   Thumb Code    32  stm32f4xx_rcc.o(.text)
    RCC_PLLCmd                               0x080010df   Thumb Code     6  stm32f4xx_rcc.o(.text)
    RCC_PLLI2SConfig                         0x080010e5   Thumb Code    14  stm32f4xx_rcc.o(.text)
    RCC_PLLI2SCmd                            0x080010f3   Thumb Code     6  stm32f4xx_rcc.o(.text)
    RCC_PLLSAIConfig                         0x080010f9   Thumb Code    20  stm32f4xx_rcc.o(.text)
    RCC_PLLSAICmd                            0x0800110d   Thumb Code     6  stm32f4xx_rcc.o(.text)
    RCC_ClockSecuritySystemCmd               0x08001113   Thumb Code     6  stm32f4xx_rcc.o(.text)
    RCC_MCO1Config                           0x08001119   Thumb Code    28  stm32f4xx_rcc.o(.text)
    RCC_MCO2Config                           0x08001135   Thumb Code    28  stm32f4xx_rcc.o(.text)
    RCC_SYSCLKConfig                         0x08001151   Thumb Code    20  stm32f4xx_rcc.o(.text)
    RCC_GetSYSCLKSource                      0x08001165   Thumb Code    12  stm32f4xx_rcc.o(.text)
    RCC_HCLKConfig                           0x08001171   Thumb Code    20  stm32f4xx_rcc.o(.text)
    RCC_PCLK1Config                          0x08001185   Thumb Code    20  stm32f4xx_rcc.o(.text)
    RCC_PCLK2Config                          0x08001199   Thumb Code    22  stm32f4xx_rcc.o(.text)
    RCC_GetClocksFreq                        0x080011af   Thumb Code   222  stm32f4xx_rcc.o(.text)
    RCC_RTCCLKConfig                         0x0800128d   Thumb Code    54  stm32f4xx_rcc.o(.text)
    RCC_RTCCLKCmd                            0x080012c3   Thumb Code     8  stm32f4xx_rcc.o(.text)
    RCC_BackupResetCmd                       0x080012cb   Thumb Code     8  stm32f4xx_rcc.o(.text)
    RCC_I2SCLKConfig                         0x080012d3   Thumb Code     6  stm32f4xx_rcc.o(.text)
    RCC_SAIPLLI2SClkDivConfig                0x080012d9   Thumb Code    26  stm32f4xx_rcc.o(.text)
    RCC_SAIPLLSAIClkDivConfig                0x080012f3   Thumb Code    28  stm32f4xx_rcc.o(.text)
    RCC_SAIBlockACLKConfig                   0x0800130f   Thumb Code    20  stm32f4xx_rcc.o(.text)
    RCC_SAIBlockBCLKConfig                   0x08001323   Thumb Code    20  stm32f4xx_rcc.o(.text)
    RCC_LTDCCLKDivConfig                     0x08001337   Thumb Code    20  stm32f4xx_rcc.o(.text)
    RCC_TIMCLKPresConfig                     0x0800134b   Thumb Code     6  stm32f4xx_rcc.o(.text)
    RCC_AHB1PeriphClockCmd                   0x08001351   Thumb Code    34  stm32f4xx_rcc.o(.text)
    RCC_AHB2PeriphClockCmd                   0x08001373   Thumb Code    78  stm32f4xx_rcc.o(.text)
    RCC_AHB3PeriphClockCmd                   0x080013c1   Thumb Code    34  stm32f4xx_rcc.o(.text)
    RCC_APB1PeriphClockCmd                   0x080013e3   Thumb Code    34  stm32f4xx_rcc.o(.text)
    RCC_APB2PeriphClockCmd                   0x08001405   Thumb Code    34  stm32f4xx_rcc.o(.text)
    RCC_AHB1PeriphResetCmd                   0x08001427   Thumb Code    34  stm32f4xx_rcc.o(.text)
    RCC_AHB2PeriphResetCmd                   0x08001449   Thumb Code    34  stm32f4xx_rcc.o(.text)
    RCC_AHB3PeriphResetCmd                   0x0800146b   Thumb Code    34  stm32f4xx_rcc.o(.text)
    RCC_APB1PeriphResetCmd                   0x0800148d   Thumb Code    34  stm32f4xx_rcc.o(.text)
    RCC_APB2PeriphResetCmd                   0x080014af   Thumb Code    34  stm32f4xx_rcc.o(.text)
    RCC_AHB1PeriphClockLPModeCmd             0x080014d1   Thumb Code    34  stm32f4xx_rcc.o(.text)
    RCC_AHB2PeriphClockLPModeCmd             0x080014f3   Thumb Code    34  stm32f4xx_rcc.o(.text)
    RCC_AHB3PeriphClockLPModeCmd             0x08001515   Thumb Code    34  stm32f4xx_rcc.o(.text)
    RCC_APB1PeriphClockLPModeCmd             0x08001537   Thumb Code    34  stm32f4xx_rcc.o(.text)
    RCC_APB2PeriphClockLPModeCmd             0x08001559   Thumb Code    34  stm32f4xx_rcc.o(.text)
    RCC_LSEModeConfig                        0x0800157b   Thumb Code    40  stm32f4xx_rcc.o(.text)
    RCC_ITConfig                             0x080015a3   Thumb Code    34  stm32f4xx_rcc.o(.text)
    RCC_ClearFlag                            0x080015c5   Thumb Code    18  stm32f4xx_rcc.o(.text)
    RCC_GetITStatus                          0x080015d7   Thumb Code    22  stm32f4xx_rcc.o(.text)
    RCC_ClearITPendingBit                    0x080015ed   Thumb Code     8  stm32f4xx_rcc.o(.text)
    RTC_WaitForSynchro                       0x080015f9   Thumb Code    92  stm32f4xx_rtc.o(.text)
    RTC_EnterInitMode                        0x08001655   Thumb Code    84  stm32f4xx_rtc.o(.text)
    RTC_DeInit                               0x080016a9   Thumb Code   204  stm32f4xx_rtc.o(.text)
    RTC_ExitInitMode                         0x08001775   Thumb Code    18  stm32f4xx_rtc.o(.text)
    RTC_Init                                 0x08001787   Thumb Code    94  stm32f4xx_rtc.o(.text)
    RTC_StructInit                           0x080017e5   Thumb Code    14  stm32f4xx_rtc.o(.text)
    RTC_WriteProtectionCmd                   0x080017f3   Thumb Code    22  stm32f4xx_rtc.o(.text)
    RTC_RefClockCmd                          0x08001809   Thumb Code    76  stm32f4xx_rtc.o(.text)
    RTC_BypassShadowCmd                      0x08001855   Thumb Code    54  stm32f4xx_rtc.o(.text)
    RTC_SetTime                              0x080018bd   Thumb Code   200  stm32f4xx_rtc.o(.text)
    RTC_TimeStructInit                       0x08001985   Thumb Code    12  stm32f4xx_rtc.o(.text)
    RTC_GetTime                              0x08001991   Thumb Code    74  stm32f4xx_rtc.o(.text)
    RTC_GetSubSecond                         0x080019db   Thumb Code    30  stm32f4xx_rtc.o(.text)
    RTC_SetDate                              0x080019f9   Thumb Code   190  stm32f4xx_rtc.o(.text)
    RTC_DateStructInit                       0x08001ab7   Thumb Code    14  stm32f4xx_rtc.o(.text)
    RTC_GetDate                              0x08001ac5   Thumb Code    70  stm32f4xx_rtc.o(.text)
    RTC_SetAlarm                             0x08001b0b   Thumb Code   230  stm32f4xx_rtc.o(.text)
    RTC_AlarmStructInit                      0x08001bf1   Thumb Code    22  stm32f4xx_rtc.o(.text)
    RTC_GetAlarm                             0x08001c07   Thumb Code   114  stm32f4xx_rtc.o(.text)
    RTC_AlarmCmd                             0x08001c79   Thumb Code   112  stm32f4xx_rtc.o(.text)
    RTC_AlarmSubSecondConfig                 0x08001ce9   Thumb Code    46  stm32f4xx_rtc.o(.text)
    RTC_GetAlarmSubSecond                    0x08001d17   Thumb Code    34  stm32f4xx_rtc.o(.text)
    RTC_WakeUpClockConfig                    0x08001d39   Thumb Code    42  stm32f4xx_rtc.o(.text)
    RTC_SetWakeUpCounter                     0x08001d63   Thumb Code    22  stm32f4xx_rtc.o(.text)
    RTC_GetWakeUpCounter                     0x08001d79   Thumb Code    10  stm32f4xx_rtc.o(.text)
    RTC_WakeUpCmd                            0x08001d83   Thumb Code   116  stm32f4xx_rtc.o(.text)
    RTC_DayLightSavingConfig                 0x08001df7   Thumb Code    50  stm32f4xx_rtc.o(.text)
    RTC_GetStoreOperation                    0x08001e29   Thumb Code    12  stm32f4xx_rtc.o(.text)
    RTC_OutputConfig                         0x08001e35   Thumb Code    60  stm32f4xx_rtc.o(.text)
    RTC_CoarseCalibConfig                    0x08001e71   Thumb Code    52  stm32f4xx_rtc.o(.text)
    RTC_CoarseCalibCmd                       0x08001ea5   Thumb Code    76  stm32f4xx_rtc.o(.text)
    RTC_CalibOutputCmd                       0x08001ef1   Thumb Code    54  stm32f4xx_rtc.o(.text)
    RTC_CalibOutputConfig                    0x08001f27   Thumb Code    42  stm32f4xx_rtc.o(.text)
    RTC_SmoothCalibConfig                    0x08001f51   Thumb Code    90  stm32f4xx_rtc.o(.text)
    RTC_TimeStampCmd                         0x08001fab   Thumb Code    54  stm32f4xx_rtc.o(.text)
    RTC_GetTimeStamp                         0x08001fe1   Thumb Code   144  stm32f4xx_rtc.o(.text)
    RTC_GetTimeStampSubSecond                0x08002071   Thumb Code     8  stm32f4xx_rtc.o(.text)
    RTC_TamperTriggerConfig                  0x08002079   Thumb Code    38  stm32f4xx_rtc.o(.text)
    RTC_TamperCmd                            0x0800209f   Thumb Code    34  stm32f4xx_rtc.o(.text)
    RTC_TamperFilterConfig                   0x080020c1   Thumb Code    26  stm32f4xx_rtc.o(.text)
    RTC_TamperSamplingFreqConfig             0x080020db   Thumb Code    26  stm32f4xx_rtc.o(.text)
    RTC_TamperPinsPrechargeDuration          0x080020f5   Thumb Code    26  stm32f4xx_rtc.o(.text)
    RTC_TimeStampOnTamperDetectionCmd        0x0800210f   Thumb Code    38  stm32f4xx_rtc.o(.text)
    RTC_TamperPullUpCmd                      0x08002135   Thumb Code    38  stm32f4xx_rtc.o(.text)
    RTC_WriteBackupRegister                  0x0800215b   Thumb Code    26  stm32f4xx_rtc.o(.text)
    RTC_ReadBackupRegister                   0x08002175   Thumb Code    28  stm32f4xx_rtc.o(.text)
    RTC_TamperPinSelection                   0x08002191   Thumb Code    26  stm32f4xx_rtc.o(.text)
    RTC_TimeStampPinSelection                0x080021ab   Thumb Code    26  stm32f4xx_rtc.o(.text)
    RTC_OutputTypeConfig                     0x080021c5   Thumb Code    26  stm32f4xx_rtc.o(.text)
    RTC_SynchroShiftConfig                   0x080021df   Thumb Code   130  stm32f4xx_rtc.o(.text)
    RTC_ITConfig                             0x08002261   Thumb Code    94  stm32f4xx_rtc.o(.text)
    RTC_GetFlagStatus                        0x080022bf   Thumb Code    34  stm32f4xx_rtc.o(.text)
    RTC_ClearFlag                            0x080022e1   Thumb Code    28  stm32f4xx_rtc.o(.text)
    RTC_GetITStatus                          0x080022fd   Thumb Code    60  stm32f4xx_rtc.o(.text)
    RTC_ClearITPendingBit                    0x08002339   Thumb Code    32  stm32f4xx_rtc.o(.text)
    USART_DeInit                             0x08002361   Thumb Code   206  stm32f4xx_usart.o(.text)
    USART_Init                               0x0800242f   Thumb Code   204  stm32f4xx_usart.o(.text)
    USART_StructInit                         0x080024fb   Thumb Code    24  stm32f4xx_usart.o(.text)
    USART_ClockInit                          0x08002513   Thumb Code    32  stm32f4xx_usart.o(.text)
    USART_ClockStructInit                    0x08002533   Thumb Code    12  stm32f4xx_usart.o(.text)
    USART_Cmd                                0x0800253f   Thumb Code    24  stm32f4xx_usart.o(.text)
    USART_SetPrescaler                       0x08002557   Thumb Code    16  stm32f4xx_usart.o(.text)
    USART_OverSampling8Cmd                   0x08002567   Thumb Code    22  stm32f4xx_usart.o(.text)
    USART_OneBitMethodCmd                    0x0800257d   Thumb Code    24  stm32f4xx_usart.o(.text)
    USART_SendData                           0x08002595   Thumb Code     8  stm32f4xx_usart.o(.text)
    USART_ReceiveData                        0x0800259d   Thumb Code    10  stm32f4xx_usart.o(.text)
    USART_SetAddress                         0x080025a7   Thumb Code    18  stm32f4xx_usart.o(.text)
    USART_ReceiverWakeUpCmd                  0x080025b9   Thumb Code    24  stm32f4xx_usart.o(.text)
    USART_WakeUpConfig                       0x080025d1   Thumb Code    18  stm32f4xx_usart.o(.text)
    USART_LINBreakDetectLengthConfig         0x080025e3   Thumb Code    18  stm32f4xx_usart.o(.text)
    USART_LINCmd                             0x080025f5   Thumb Code    24  stm32f4xx_usart.o(.text)
    USART_SendBreak                          0x0800260d   Thumb Code    10  stm32f4xx_usart.o(.text)
    USART_HalfDuplexCmd                      0x08002617   Thumb Code    24  stm32f4xx_usart.o(.text)
    USART_SetGuardTime                       0x0800262f   Thumb Code    16  stm32f4xx_usart.o(.text)
    USART_SmartCardCmd                       0x0800263f   Thumb Code    24  stm32f4xx_usart.o(.text)
    USART_SmartCardNACKCmd                   0x08002657   Thumb Code    24  stm32f4xx_usart.o(.text)
    USART_IrDAConfig                         0x0800266f   Thumb Code    18  stm32f4xx_usart.o(.text)
    USART_IrDACmd                            0x08002681   Thumb Code    24  stm32f4xx_usart.o(.text)
    USART_DMACmd                             0x08002699   Thumb Code    18  stm32f4xx_usart.o(.text)
    USART_ITConfig                           0x080026ab   Thumb Code    74  stm32f4xx_usart.o(.text)
    USART_GetFlagStatus                      0x080026f5   Thumb Code    26  stm32f4xx_usart.o(.text)
    USART_ClearFlag                          0x0800270f   Thumb Code    18  stm32f4xx_usart.o(.text)
    USART_GetITStatus                        0x08002721   Thumb Code   118  stm32f4xx_usart.o(.text)
    USART_ClearITPendingBit                  0x08002797   Thumb Code    30  stm32f4xx_usart.o(.text)
    WWDG_DeInit                              0x080027b5   Thumb Code    22  stm32f4xx_wwdg.o(.text)
    WWDG_SetPrescaler                        0x080027cb   Thumb Code    18  stm32f4xx_wwdg.o(.text)
    WWDG_SetWindowValue                      0x080027dd   Thumb Code    34  stm32f4xx_wwdg.o(.text)
    WWDG_EnableIT                            0x080027ff   Thumb Code     8  stm32f4xx_wwdg.o(.text)
    WWDG_SetCounter                          0x08002807   Thumb Code    12  stm32f4xx_wwdg.o(.text)
    WWDG_Enable                              0x08002813   Thumb Code    12  stm32f4xx_wwdg.o(.text)
    WWDG_GetFlagStatus                       0x0800281f   Thumb Code    18  stm32f4xx_wwdg.o(.text)
    WWDG_ClearFlag                           0x08002831   Thumb Code    10  stm32f4xx_wwdg.o(.text)
    SetClock                                 0x08002845   Thumb Code   136  bsp_init.o(.text)
    wwatch_dog_init                          0x080028cd   Thumb Code    36  bsp_init.o(.text)
    iwatch_dog_init                          0x080028f1   Thumb Code    28  bsp_init.o(.text)
    read_dev_id                              0x0800290d   Thumb Code    76  bsp_init.o(.text)
    bsp_io_init                              0x08002961   Thumb Code   160  bsp_io_control.o(.text)
    SW_12V                                   0x08002a01   Thumb Code    28  bsp_io_control.o(.text)
    SW_5V                                    0x08002a1d   Thumb Code    28  bsp_io_control.o(.text)
    SW_VW_TRCN                               0x08002a39   Thumb Code    30  bsp_io_control.o(.text)
    SW_VW                                    0x08002a57   Thumb Code   254  bsp_io_control.o(.text)
    set_time                                 0x08002b61   Thumb Code    82  bsp_rtc.o(.text)
    RTC_Config                               0x08002bb3   Thumb Code   160  bsp_rtc.o(.text)
    get_time                                 0x08002c53   Thumb Code   184  bsp_rtc.o(.text)
    get_time2                                0x08002d0b   Thumb Code   200  bsp_rtc.o(.text)
    set_alarm                                0x08002dd3   Thumb Code   484  bsp_rtc.o(.text)
    RTC_Alarm_IRQHandler                     0x08002fb7   Thumb Code    40  bsp_rtc.o(.text)
    MCUFlashUnlock                           0x0800300d   Thumb Code    14  bsp_flash.o(.text)
    MCUFlashErase                            0x0800301b   Thumb Code    34  bsp_flash.o(.text)
    MCUFlashWrite                            0x0800303d   Thumb Code    28  bsp_flash.o(.text)
    flash_w_buffer                           0x08003059   Thumb Code    34  bsp_flash.o(.text)
    Flash_w_Length                           0x0800307b   Thumb Code    32  bsp_flash.o(.text)
    flash_r_buffer                           0x0800309b   Thumb Code    56  bsp_flash.o(.text)
    TIM4_IRQHandler                          0x080030d3   Thumb Code     2  stm32f4xx_it.o(.text)
    TIM3_IRQHandler                          0x080030d5   Thumb Code     2  stm32f4xx_it.o(.text)
    SystemInit                               0x080031b5   Thumb Code    88  system_stm32f4xx.o(.text)
    SystemCoreClockUpdate                    0x0800320d   Thumb Code   174  system_stm32f4xx.o(.text)
    Reset_Handler                            0x080032e9   Thumb Code     8  startup_stm32f40xx.o(.text)
    ADC_IRQHandler                           0x08003303   Thumb Code     0  startup_stm32f40xx.o(.text)
    CAN1_RX0_IRQHandler                      0x08003303   Thumb Code     0  startup_stm32f40xx.o(.text)
    CAN1_RX1_IRQHandler                      0x08003303   Thumb Code     0  startup_stm32f40xx.o(.text)
    CAN1_SCE_IRQHandler                      0x08003303   Thumb Code     0  startup_stm32f40xx.o(.text)
    CAN1_TX_IRQHandler                       0x08003303   Thumb Code     0  startup_stm32f40xx.o(.text)
    CAN2_RX0_IRQHandler                      0x08003303   Thumb Code     0  startup_stm32f40xx.o(.text)
    CAN2_RX1_IRQHandler                      0x08003303   Thumb Code     0  startup_stm32f40xx.o(.text)
    CAN2_SCE_IRQHandler                      0x08003303   Thumb Code     0  startup_stm32f40xx.o(.text)
    CAN2_TX_IRQHandler                       0x08003303   Thumb Code     0  startup_stm32f40xx.o(.text)
    CRYP_IRQHandler                          0x08003303   Thumb Code     0  startup_stm32f40xx.o(.text)
    DCMI_IRQHandler                          0x08003303   Thumb Code     0  startup_stm32f40xx.o(.text)
    DMA1_Stream0_IRQHandler                  0x08003303   Thumb Code     0  startup_stm32f40xx.o(.text)
    DMA1_Stream1_IRQHandler                  0x08003303   Thumb Code     0  startup_stm32f40xx.o(.text)
    DMA1_Stream2_IRQHandler                  0x08003303   Thumb Code     0  startup_stm32f40xx.o(.text)
    DMA1_Stream3_IRQHandler                  0x08003303   Thumb Code     0  startup_stm32f40xx.o(.text)
    DMA1_Stream4_IRQHandler                  0x08003303   Thumb Code     0  startup_stm32f40xx.o(.text)
    DMA1_Stream5_IRQHandler                  0x08003303   Thumb Code     0  startup_stm32f40xx.o(.text)
    DMA1_Stream6_IRQHandler                  0x08003303   Thumb Code     0  startup_stm32f40xx.o(.text)
    DMA1_Stream7_IRQHandler                  0x08003303   Thumb Code     0  startup_stm32f40xx.o(.text)
    DMA2_Stream0_IRQHandler                  0x08003303   Thumb Code     0  startup_stm32f40xx.o(.text)
    DMA2_Stream1_IRQHandler                  0x08003303   Thumb Code     0  startup_stm32f40xx.o(.text)
    DMA2_Stream2_IRQHandler                  0x08003303   Thumb Code     0  startup_stm32f40xx.o(.text)
    DMA2_Stream3_IRQHandler                  0x08003303   Thumb Code     0  startup_stm32f40xx.o(.text)
    DMA2_Stream4_IRQHandler                  0x08003303   Thumb Code     0  startup_stm32f40xx.o(.text)
    DMA2_Stream5_IRQHandler                  0x08003303   Thumb Code     0  startup_stm32f40xx.o(.text)
    DMA2_Stream6_IRQHandler                  0x08003303   Thumb Code     0  startup_stm32f40xx.o(.text)
    DMA2_Stream7_IRQHandler                  0x08003303   Thumb Code     0  startup_stm32f40xx.o(.text)
    ETH_IRQHandler                           0x08003303   Thumb Code     0  startup_stm32f40xx.o(.text)
    ETH_WKUP_IRQHandler                      0x08003303   Thumb Code     0  startup_stm32f40xx.o(.text)
    EXTI0_IRQHandler                         0x08003303   Thumb Code     0  startup_stm32f40xx.o(.text)
    EXTI15_10_IRQHandler                     0x08003303   Thumb Code     0  startup_stm32f40xx.o(.text)
    EXTI1_IRQHandler                         0x08003303   Thumb Code     0  startup_stm32f40xx.o(.text)
    EXTI2_IRQHandler                         0x08003303   Thumb Code     0  startup_stm32f40xx.o(.text)
    EXTI3_IRQHandler                         0x08003303   Thumb Code     0  startup_stm32f40xx.o(.text)
    EXTI4_IRQHandler                         0x08003303   Thumb Code     0  startup_stm32f40xx.o(.text)
    EXTI9_5_IRQHandler                       0x08003303   Thumb Code     0  startup_stm32f40xx.o(.text)
    FLASH_IRQHandler                         0x08003303   Thumb Code     0  startup_stm32f40xx.o(.text)
    FPU_IRQHandler                           0x08003303   Thumb Code     0  startup_stm32f40xx.o(.text)
    FSMC_IRQHandler                          0x08003303   Thumb Code     0  startup_stm32f40xx.o(.text)
    HASH_RNG_IRQHandler                      0x08003303   Thumb Code     0  startup_stm32f40xx.o(.text)
    I2C1_ER_IRQHandler                       0x08003303   Thumb Code     0  startup_stm32f40xx.o(.text)
    I2C1_EV_IRQHandler                       0x08003303   Thumb Code     0  startup_stm32f40xx.o(.text)
    I2C2_ER_IRQHandler                       0x08003303   Thumb Code     0  startup_stm32f40xx.o(.text)
    I2C2_EV_IRQHandler                       0x08003303   Thumb Code     0  startup_stm32f40xx.o(.text)
    I2C3_ER_IRQHandler                       0x08003303   Thumb Code     0  startup_stm32f40xx.o(.text)
    I2C3_EV_IRQHandler                       0x08003303   Thumb Code     0  startup_stm32f40xx.o(.text)
    OTG_FS_IRQHandler                        0x08003303   Thumb Code     0  startup_stm32f40xx.o(.text)
    OTG_FS_WKUP_IRQHandler                   0x08003303   Thumb Code     0  startup_stm32f40xx.o(.text)
    OTG_HS_EP1_IN_IRQHandler                 0x08003303   Thumb Code     0  startup_stm32f40xx.o(.text)
    OTG_HS_EP1_OUT_IRQHandler                0x08003303   Thumb Code     0  startup_stm32f40xx.o(.text)
    OTG_HS_IRQHandler                        0x08003303   Thumb Code     0  startup_stm32f40xx.o(.text)
    OTG_HS_WKUP_IRQHandler                   0x08003303   Thumb Code     0  startup_stm32f40xx.o(.text)
    PVD_IRQHandler                           0x08003303   Thumb Code     0  startup_stm32f40xx.o(.text)
    RCC_IRQHandler                           0x08003303   Thumb Code     0  startup_stm32f40xx.o(.text)
    RTC_WKUP_IRQHandler                      0x08003303   Thumb Code     0  startup_stm32f40xx.o(.text)
    SDIO_IRQHandler                          0x08003303   Thumb Code     0  startup_stm32f40xx.o(.text)
    SPI1_IRQHandler                          0x08003303   Thumb Code     0  startup_stm32f40xx.o(.text)
    SPI2_IRQHandler                          0x08003303   Thumb Code     0  startup_stm32f40xx.o(.text)
    SPI3_IRQHandler                          0x08003303   Thumb Code     0  startup_stm32f40xx.o(.text)
    TAMP_STAMP_IRQHandler                    0x08003303   Thumb Code     0  startup_stm32f40xx.o(.text)
    TIM1_BRK_TIM9_IRQHandler                 0x08003303   Thumb Code     0  startup_stm32f40xx.o(.text)
    TIM1_CC_IRQHandler                       0x08003303   Thumb Code     0  startup_stm32f40xx.o(.text)
    TIM1_TRG_COM_TIM11_IRQHandler            0x08003303   Thumb Code     0  startup_stm32f40xx.o(.text)
    TIM1_UP_TIM10_IRQHandler                 0x08003303   Thumb Code     0  startup_stm32f40xx.o(.text)
    TIM2_IRQHandler                          0x08003303   Thumb Code     0  startup_stm32f40xx.o(.text)
    TIM5_IRQHandler                          0x08003303   Thumb Code     0  startup_stm32f40xx.o(.text)
    TIM6_DAC_IRQHandler                      0x08003303   Thumb Code     0  startup_stm32f40xx.o(.text)
    TIM7_IRQHandler                          0x08003303   Thumb Code     0  startup_stm32f40xx.o(.text)
    TIM8_BRK_TIM12_IRQHandler                0x08003303   Thumb Code     0  startup_stm32f40xx.o(.text)
    TIM8_CC_IRQHandler                       0x08003303   Thumb Code     0  startup_stm32f40xx.o(.text)
    TIM8_TRG_COM_TIM14_IRQHandler            0x08003303   Thumb Code     0  startup_stm32f40xx.o(.text)
    TIM8_UP_TIM13_IRQHandler                 0x08003303   Thumb Code     0  startup_stm32f40xx.o(.text)
    UART4_IRQHandler                         0x08003303   Thumb Code     0  startup_stm32f40xx.o(.text)
    UART5_IRQHandler                         0x08003303   Thumb Code     0  startup_stm32f40xx.o(.text)
    USART6_IRQHandler                        0x08003303   Thumb Code     0  startup_stm32f40xx.o(.text)
    WWDG_IRQHandler                          0x08003303   Thumb Code     0  startup_stm32f40xx.o(.text)
    hextostr                                 0x0800330d   Thumb Code   102  tools.o(.text)
    usart_update_packet                      0x08003373   Thumb Code    40  tools.o(.text)
    DlyMs                                    0x0800339b   Thumb Code    26  tools.o(.text)
    AppProc                                  0x080033b9   Thumb Code    58  main.o(.text)
    main                                     0x080033f3   Thumb Code    44  main.o(.text)
    DtuOn                                    0x0800342d   Thumb Code    12  dtu.o(.text)
    DtuPwrOn                                 0x08003439   Thumb Code    12  dtu.o(.text)
    DtuInit                                  0x08003445   Thumb Code    90  dtu.o(.text)
    DtuPwrOff                                0x0800349f   Thumb Code    12  dtu.o(.text)
    DtuOff                                   0x080034ab   Thumb Code    12  dtu.o(.text)
    DetectOnline                             0x080034b7   Thumb Code    22  dtu.o(.text)
    Init                                     0x080034d1   Thumb Code     8  protocol.o(.text)
    GetQueueLength                           0x080034d9   Thumb Code    36  protocol.o(.text)
    AddQueue                                 0x080034fd   Thumb Code    64  protocol.o(.text)
    DeleteQueue                              0x0800353d   Thumb Code    56  protocol.o(.text)
    SoftGenCrc32                             0x08003575   Thumb Code    62  protocol.o(.text)
    HardGenCrc32                             0x080035b3   Thumb Code    20  protocol.o(.text)
    UartInit                                 0x080035cd   Thumb Code   662  serial.o(.text)
    UartOpen                                 0x08003863   Thumb Code    14  serial.o(.text)
    UartClose                                0x08003871   Thumb Code    14  serial.o(.text)
    UartDeinit                               0x0800387f   Thumb Code   104  serial.o(.text)
    USART1_IRQHandler                        0x080038e7   Thumb Code    50  serial.o(.text)
    USART2_IRQHandler                        0x08003919   Thumb Code    50  serial.o(.text)
    USART3_IRQHandler                        0x0800394b   Thumb Code    50  serial.o(.text)
    GetUartReceiveTime                       0x0800397d   Thumb Code    26  serial.o(.text)
    UsartSend                                0x08003997   Thumb Code   106  serial.o(.text)
    ReadUsartData                            0x08003a01   Thumb Code    78  serial.o(.text)
    _ttywrch                                 0x08003a4f   Thumb Code     4  serial.o(.text)
    _sys_exit                                0x08003a53   Thumb Code     4  serial.o(.text)
    fputc                                    0x08003a57   Thumb Code    22  serial.o(.text)
    FlashInit                                0x08003a85   Thumb Code    90  flash.o(.text)
    WriteOnePage                             0x08003adf   Thumb Code     4  flash.o(.text)
    FlashReadSTM32                           0x08003ae3   Thumb Code    28  flash.o(.text)
    FlashWriteSTM32                          0x08003aff   Thumb Code    28  flash.o(.text)
    DownSTM32Flash                           0x08003b1b   Thumb Code    48  flash.o(.text)
    STMFLASH_ReadWord                        0x08003b4b   Thumb Code     6  flash.o(.text)
    STMFLASH_GetFlashSector                  0x08003b51   Thumb Code   116  flash.o(.text)
    STMFLASH_Write                           0x08003bc5   Thumb Code   146  flash.o(.text)
    STMFLASH_Read                            0x08003c57   Thumb Code    32  flash.o(.text)
    SysTick_Handler                          0x08003cad   Thumb Code    40  kernal.o(.text)
    GetSecondOfWeek                          0x08003cd5   Thumb Code     6  kernal.o(.text)
    SetSecondOfWeek                          0x08003cdb   Thumb Code     6  kernal.o(.text)
    OsInit                                   0x08003ce3   Thumb Code   104  kernal.o(.text)
    GetTickCount                             0x08003d4b   Thumb Code     6  kernal.o(.text)
    DelayMs                                  0x08003d51   Thumb Code    26  kernal.o(.text)
    DelayUs_Sft                              0x08003d6b   Thumb Code    22  kernal.o(.text)
    DelayMs_Sft                              0x08003d81   Thumb Code    18  kernal.o(.text)
    NMI_Handler                              0x08003d93   Thumb Code     2  kernal.o(.text)
    HardFault_Handler                        0x08003d95   Thumb Code    10  kernal.o(.text)
    MemManage_Handler                        0x08003d9f   Thumb Code     4  kernal.o(.text)
    BusFault_Handler                         0x08003da3   Thumb Code     4  kernal.o(.text)
    UsageFault_Handler                       0x08003da7   Thumb Code     4  kernal.o(.text)
    SVC_Handler                              0x08003dab   Thumb Code     2  kernal.o(.text)
    DebugMon_Handler                         0x08003dad   Thumb Code     2  kernal.o(.text)
    PendSV_Handler                           0x08003daf   Thumb Code     2  kernal.o(.text)
    EnterException                           0x08003db1   Thumb Code    68  kernal.o(.text)
    WriteFlashFlag                           0x08003e39   Thumb Code    70  dtuboot.o(.text)
    DtuBoot                                  0x0800477f   Thumb Code   568  dtuboot.o(.text)
    ParseCmd                                 0x08004a17   Thumb Code   114  uartboot.o(.text)
    UartBoot                                 0x08004b15   Thumb Code   218  uartboot.o(.text)
    iap_write_appbin                         0x08004c09   Thumb Code   102  iap.o(.text)
    iap_load_app                             0x08004c6f   Thumb Code    48  iap.o(.text)
    __aeabi_memcpy                           0x08004cb5   Thumb Code    36  memcpya.o(.text)
    __aeabi_memcpy4                          0x08004cb5   Thumb Code     0  memcpya.o(.text)
    __aeabi_memcpy8                          0x08004cb5   Thumb Code     0  memcpya.o(.text)
    __aeabi_memset                           0x08004cd9   Thumb Code    14  memseta.o(.text)
    __aeabi_memset4                          0x08004cd9   Thumb Code     0  memseta.o(.text)
    __aeabi_memset8                          0x08004cd9   Thumb Code     0  memseta.o(.text)
    __aeabi_memclr                           0x08004ce7   Thumb Code     4  memseta.o(.text)
    __aeabi_memclr4                          0x08004ce7   Thumb Code     0  memseta.o(.text)
    __aeabi_memclr8                          0x08004ce7   Thumb Code     0  memseta.o(.text)
    _memset$wrapper                          0x08004ceb   Thumb Code    18  memseta.o(.text)
    strcat                                   0x08004cfd   Thumb Code    24  strcat.o(.text)
    strlen                                   0x08004d15   Thumb Code    14  strlen.o(.text)
    __aeabi_uldivmod                         0x08004d23   Thumb Code    98  uldiv.o(.text)
    __scatterload                            0x08004d85   Thumb Code    28  init.o(.text)
    __scatterload_rt2                        0x08004d85   Thumb Code     0  init.o(.text)
    __aeabi_llsl                             0x08004da9   Thumb Code    30  llshl.o(.text)
    _ll_shift_l                              0x08004da9   Thumb Code     0  llshl.o(.text)
    __aeabi_llsr                             0x08004dc7   Thumb Code    32  llushr.o(.text)
    _ll_ushift_r                             0x08004dc7   Thumb Code     0  llushr.o(.text)
    __0printf$5                              0x08004de9   Thumb Code    22  printf5.o(i.__0printf$5)
    __1printf$5                              0x08004de9   Thumb Code     0  printf5.o(i.__0printf$5)
    __2printf                                0x08004de9   Thumb Code     0  printf5.o(i.__0printf$5)
    __0sprintf$5                             0x08004e09   Thumb Code    34  printf5.o(i.__0sprintf$5)
    __1sprintf$5                             0x08004e09   Thumb Code     0  printf5.o(i.__0sprintf$5)
    __2sprintf                               0x08004e09   Thumb Code     0  printf5.o(i.__0sprintf$5)
    __scatterload_copy                       0x08004e31   Thumb Code    14  handlers.o(i.__scatterload_copy)
    __scatterload_null                       0x08004e3f   Thumb Code     2  handlers.o(i.__scatterload_null)
    __scatterload_zeroinit                   0x08004e41   Thumb Code    14  handlers.o(i.__scatterload_zeroinit)
    free                                     0x08005119   Thumb Code    76  malloc.o(i.free)
    malloc                                   0x08005169   Thumb Code    92  malloc.o(i.malloc)
    Region$$Table$$Base                      0x080051d4   Number         0  anon$$obj.o(Region$$Table)
    Region$$Table$$Limit                     0x080051f4   Number         0  anon$$obj.o(Region$$Table)
    SystemCoreClock                          0x20000010   Data           4  system_stm32f4xx.o(.data)
    AHBPrescTable                            0x20000014   Data          16  system_stm32f4xx.o(.data)
    pUart1QueueInfo                          0x20000024   Data           4  serial.o(.data)
    pUart2QueueInfo                          0x20000028   Data           4  serial.o(.data)
    pUart3QueueInfo                          0x2000002c   Data           4  serial.o(.data)
    pUart1Queue                              0x20000030   Data           4  serial.o(.data)
    pUart2Queue                              0x20000034   Data           4  serial.o(.data)
    pUart3Queue                              0x20000038   Data           4  serial.o(.data)
    __stdout                                 0x20000048   Data           4  serial.o(.data)
    cSysInfo                                 0x20000058   Data           4  kernal.o(.data)
    pDtuQueueInfo                            0x2000007c   Data           4  dtuboot.o(.data)
    pDtuQueue                                0x20000080   Data           4  dtuboot.o(.data)
    jump2app                                 0x20000088   Data           4  iap.o(.data)
    __microlib_freelist                      0x2000008c   Data           4  mvars.o(.data)
    __microlib_freelist_initialised          0x20000090   Data           4  mvars.o(.data)
    iapbuf                                   0x20000094   Data        2048  iap.o(.bss)
    __heap_base                              0x20000898   Data           0  startup_stm32f40xx.o(HEAP)
    __heap_limit                             0x20008898   Data           0  startup_stm32f40xx.o(HEAP)
    __initial_sp                             0x20010898   Data           0  startup_stm32f40xx.o(STACK)



==============================================================================

Memory Map of the image

  Image Entry point : 0x08000189

  Load Region LR_IROM1 (Base: 0x08000000, Size: 0x00005288, Max: 0x00100000, ABSOLUTE)

    Execution Region ER_IROM1 (Base: 0x08000000, Size: 0x000051f4, Max: 0x00100000, ABSOLUTE)

    Base Addr    Size         Type   Attr      Idx    E Section Name        Object

    0x08000000   0x00000188   Data   RO          770    RESET               startup_stm32f40xx.o
    0x08000188   0x00000000   Code   RO         1036  * .ARM.Collect$$$$00000000  mc_w.l(entry.o)
    0x08000188   0x00000004   Code   RO         1344    .ARM.Collect$$$$00000001  mc_w.l(entry2.o)
    0x0800018c   0x00000004   Code   RO         1347    .ARM.Collect$$$$00000004  mc_w.l(entry5.o)
    0x08000190   0x00000000   Code   RO         1349    .ARM.Collect$$$$00000008  mc_w.l(entry7b.o)
    0x08000190   0x00000000   Code   RO         1351    .ARM.Collect$$$$0000000A  mc_w.l(entry8b.o)
    0x08000190   0x00000008   Code   RO         1352    .ARM.Collect$$$$0000000B  mc_w.l(entry9a.o)
    0x08000198   0x00000000   Code   RO         1354    .ARM.Collect$$$$0000000D  mc_w.l(entry10a.o)
    0x08000198   0x00000000   Code   RO         1356    .ARM.Collect$$$$0000000F  mc_w.l(entry11a.o)
    0x08000198   0x00000004   Code   RO         1345    .ARM.Collect$$$$00002712  mc_w.l(entry2.o)
    0x0800019c   0x00000010   Code   RO          921    .emb_text           kernal.o
    0x080001ac   0x000000e0   Code   RO            3    .text               misc.o
    0x0800028c   0x00000048   Code   RO          117    .text               stm32f4xx_crc.o
    0x080002d4   0x00000110   Code   RO          160    .text               stm32f4xx_exti.o
    0x080003e4   0x00000694   Code   RO          180    .text               stm32f4xx_flash.o
    0x08000a78   0x00000378   Code   RO          226    .text               stm32f4xx_gpio.o
    0x08000df0   0x00000040   Code   RO          246    .text               stm32f4xx_iwdg.o
    0x08000e30   0x0000016c   Code   RO          266    .text               stm32f4xx_pwr.o
    0x08000f9c   0x0000065c   Code   RO          286    .text               stm32f4xx_rcc.o
    0x080015f8   0x00000d68   Code   RO          308    .text               stm32f4xx_rtc.o
    0x08002360   0x00000454   Code   RO          388    .text               stm32f4xx_usart.o
    0x080027b4   0x00000090   Code   RO          408    .text               stm32f4xx_wwdg.o
    0x08002844   0x0000011c   Code   RO          448    .text               bsp_init.o
    0x08002960   0x00000200   Code   RO          484    .text               bsp_io_control.o
    0x08002b60   0x000004ac   Code   RO          504    .text               bsp_rtc.o
    0x0800300c   0x000000c6   Code   RO          701    .text               bsp_flash.o
    0x080030d2   0x00000004   Code   RO          721    .text               stm32f4xx_it.o
    0x080030d6   0x00000002   PAD
    0x080030d8   0x00000210   Code   RO          744    .text               system_stm32f4xx.o
    0x080032e8   0x00000024   Code   RO          771    .text               startup_stm32f40xx.o
    0x0800330c   0x000000ac   Code   RO          777    .text               tools.o
    0x080033b8   0x00000074   Code   RO          797    .text               main.o
    0x0800342c   0x000000a4   Code   RO          817    .text               dtu.o
    0x080034d0   0x000000fc   Code   RO          835    .text               protocol.o
    0x080035cc   0x000004b8   Code   RO          869    .text               serial.o
    0x08003a84   0x00000228   Code   RO          899    .text               flash.o
    0x08003cac   0x0000018c   Code   RO          922    .text               kernal.o
    0x08003e38   0x00000bb0   Code   RO          965    .text               dtuboot.o
    0x080049e8   0x00000220   Code   RO          992    .text               uartboot.o
    0x08004c08   0x000000ac   Code   RO         1014    .text               iap.o
    0x08004cb4   0x00000024   Code   RO         1039    .text               mc_w.l(memcpya.o)
    0x08004cd8   0x00000024   Code   RO         1041    .text               mc_w.l(memseta.o)
    0x08004cfc   0x00000018   Code   RO         1043    .text               mc_w.l(strcat.o)
    0x08004d14   0x0000000e   Code   RO         1045    .text               mc_w.l(strlen.o)
    0x08004d22   0x00000062   Code   RO         1360    .text               mc_w.l(uldiv.o)
    0x08004d84   0x00000024   Code   RO         1373    .text               mc_w.l(init.o)
    0x08004da8   0x0000001e   Code   RO         1375    .text               mc_w.l(llshl.o)
    0x08004dc6   0x00000020   Code   RO         1377    .text               mc_w.l(llushr.o)
    0x08004de6   0x00000002   PAD
    0x08004de8   0x00000020   Code   RO         1182    i.__0printf$5       mc_w.l(printf5.o)
    0x08004e08   0x00000028   Code   RO         1184    i.__0sprintf$5      mc_w.l(printf5.o)
    0x08004e30   0x0000000e   Code   RO         1383    i.__scatterload_copy  mc_w.l(handlers.o)
    0x08004e3e   0x00000002   Code   RO         1384    i.__scatterload_null  mc_w.l(handlers.o)
    0x08004e40   0x0000000e   Code   RO         1385    i.__scatterload_zeroinit  mc_w.l(handlers.o)
    0x08004e4e   0x00000002   PAD
    0x08004e50   0x000002bc   Code   RO         1189    i._printf_core      mc_w.l(printf5.o)
    0x0800510c   0x0000000a   Code   RO         1191    i._sputc            mc_w.l(printf5.o)
    0x08005116   0x00000002   PAD
    0x08005118   0x00000050   Code   RO         1310    i.free              mc_w.l(malloc.o)
    0x08005168   0x0000006c   Code   RO         1311    i.malloc            mc_w.l(malloc.o)
    0x080051d4   0x00000020   Data   RO         1381    Region$$Table       anon$$obj.o


    Execution Region RW_IRAM1 (Base: 0x20000000, Size: 0x00010898, Max: 0x00020000, ABSOLUTE)

    Base Addr    Size         Type   Attr      Idx    E Section Name        Object

    0x20000000   0x00000010   Data   RW          287    .data               stm32f4xx_rcc.o
    0x20000010   0x00000014   Data   RW          745    .data               system_stm32f4xx.o
    0x20000024   0x00000028   Data   RW          870    .data               serial.o
    0x2000004c   0x00000004   Data   RW          900    .data               flash.o
    0x20000050   0x0000000c   Data   RW          923    .data               kernal.o
    0x2000005c   0x00000028   Data   RW          966    .data               dtuboot.o
    0x20000084   0x00000004   Data   RW          993    .data               uartboot.o
    0x20000088   0x00000004   Data   RW         1016    .data               iap.o
    0x2000008c   0x00000004   Data   RW         1362    .data               mc_w.l(mvars.o)
    0x20000090   0x00000004   Data   RW         1363    .data               mc_w.l(mvars.o)
    0x20000094   0x00000800   Zero   RW         1015    .bss                iap.o
    0x20000894   0x00000004   PAD
    0x20000898   0x00008000   Zero   RW          769    HEAP                startup_stm32f40xx.o
    0x20008898   0x00008000   Zero   RW          768    STACK               startup_stm32f40xx.o


==============================================================================

Image component sizes


      Code (inc. data)   RO Data    RW Data    ZI Data      Debug   Object Name

       198          0          0          0          0       1794   bsp_flash.o
       284          8          0          0          0       1767   bsp_init.o
       512         22          0          0          0       1424   bsp_io_control.o
      1196         46          0          0          0     277456   bsp_rtc.o
       164          4          0          0          0       1151   dtu.o
      2992        660          0         40          0      29674   dtuboot.o
       552         54          0          4          0       3650   flash.o
       172         22          0          4       2048       1546   iap.o
       412         68          0         12          0      36771   kernal.o
       116         14          0          0          0        667   main.o
       224         20          0          0          0     290209   misc.o
       252          6          0          0          0       6921   protocol.o
      1208         82          0         40          0       5957   serial.o
        36          8        392          0      65536        868   startup_stm32f40xx.o
        72          4          0          0          0       1866   stm32f4xx_crc.o
       272         10          0          0          0       2355   stm32f4xx_exti.o
      1684         28          0          0          0       9246   stm32f4xx_flash.o
       888         46          0          0          0       4674   stm32f4xx_gpio.o
         4          0          0          0          0        562   stm32f4xx_it.o
        64          6          0          0          0       1373   stm32f4xx_iwdg.o
       364         12          0          0          0       3779   stm32f4xx_pwr.o
      1628         52          0         16          0      13016   stm32f4xx_rcc.o
      3432         44          0          0          0      15148   stm32f4xx_rtc.o
      1108         34          0          0          0       7888   stm32f4xx_usart.o
       144         10          0          0          0       2492   stm32f4xx_wwdg.o
       528         46          0         20          0       1987   system_stm32f4xx.o
       172          4          0          0          0       1081   tools.o
       544         34          0          4          0       2336   uartboot.o

    ----------------------------------------------------------------------
     19224       1344        424        140      67588     727658   Object Totals
         0          0         32          0          0          0   (incl. Generated)
         2          0          0          0          4          0   (incl. Padding)

    ----------------------------------------------------------------------

      Code (inc. data)   RO Data    RW Data    ZI Data      Debug   Library Member Name

         0          0          0          0          0          0   entry.o
         0          0          0          0          0          0   entry10a.o
         0          0          0          0          0          0   entry11a.o
         8          4          0          0          0          0   entry2.o
         4          0          0          0          0          0   entry5.o
         0          0          0          0          0          0   entry7b.o
         0          0          0          0          0          0   entry8b.o
         8          4          0          0          0          0   entry9a.o
        30          0          0          0          0          0   handlers.o
        36          8          0          0          0         68   init.o
        30          0          0          0          0         68   llshl.o
        32          0          0          0          0         68   llushr.o
       188         20          0          0          0        160   malloc.o
        36          0          0          0          0         68   memcpya.o
        36          0          0          0          0        108   memseta.o
         0          0          0          8          0          0   mvars.o
       782         62          0          0          0        336   printf5.o
        24          0          0          0          0         68   strcat.o
        14          0          0          0          0         68   strlen.o
        98          0          0          0          0         92   uldiv.o

    ----------------------------------------------------------------------
      1332         98          0          8          0       1104   Library Totals
         6          0          0          0          0          0   (incl. Padding)

    ----------------------------------------------------------------------

      Code (inc. data)   RO Data    RW Data    ZI Data      Debug   Library Name

      1326         98          0          8          0       1104   mc_w.l

    ----------------------------------------------------------------------
      1332         98          0          8          0       1104   Library Totals

    ----------------------------------------------------------------------

==============================================================================


      Code (inc. data)   RO Data    RW Data    ZI Data      Debug   

     20556       1442        424        148      67588     721846   Grand Totals
     20556       1442        424        148      67588     721846   ELF Image Totals
     20556       1442        424        148          0          0   ROM Totals

==============================================================================

    Total RO  Size (Code + RO Data)                20980 (  20.49kB)
    Total RW  Size (RW Data + ZI Data)             67736 (  66.15kB)
    Total ROM Size (Code + RO Data + RW Data)      21128 (  20.63kB)

==============================================================================

