ARM Linker, 5.03 [Build 76] [MDK-ARM Professional]

==============================================================================

Section Cross References

    system_stm32f4xx.o(i.SystemCoreClockUpdate) refers to system_stm32f4xx.o(.data) for .data
    system_stm32f4xx.o(i.SystemInit) refers to system_stm32f4xx.o(i.SetSysClock) for SetSysClock
    startup_stm32f40_41xxx.o(STACK) refers (Special) to heapauxi.o(.text) for __use_two_region_memory
    startup_stm32f40_41xxx.o(HEAP) refers (Special) to heapauxi.o(.text) for __use_two_region_memory
    startup_stm32f40_41xxx.o(RESET) refers (Special) to heapauxi.o(.text) for __use_two_region_memory
    startup_stm32f40_41xxx.o(RESET) refers to startup_stm32f40_41xxx.o(STACK) for __initial_sp
    startup_stm32f40_41xxx.o(RESET) refers to startup_stm32f40_41xxx.o(.text) for Reset_Handler
    startup_stm32f40_41xxx.o(RESET) refers to kernal.o(i.NMI_Handler) for NMI_Handler
    startup_stm32f40_41xxx.o(RESET) refers to kernal.o(i.HardFault_Handler) for HardFault_Handler
    startup_stm32f40_41xxx.o(RESET) refers to kernal.o(i.MemManage_Handler) for MemManage_Handler
    startup_stm32f40_41xxx.o(RESET) refers to kernal.o(i.BusFault_Handler) for BusFault_Handler
    startup_stm32f40_41xxx.o(RESET) refers to kernal.o(i.UsageFault_Handler) for UsageFault_Handler
    startup_stm32f40_41xxx.o(RESET) refers to kernal.o(i.SVC_Handler) for SVC_Handler
    startup_stm32f40_41xxx.o(RESET) refers to kernal.o(i.DebugMon_Handler) for DebugMon_Handler
    startup_stm32f40_41xxx.o(RESET) refers to kernal.o(i.PendSV_Handler) for PendSV_Handler
    startup_stm32f40_41xxx.o(RESET) refers to kernal.o(i.SysTick_Handler) for SysTick_Handler
    startup_stm32f40_41xxx.o(RESET) refers to rtc.o(i.RTC_WKUP_IRQHandler) for RTC_WKUP_IRQHandler
    startup_stm32f40_41xxx.o(RESET) refers to usart.o(i.DMA1_Stream2_IRQHandler) for DMA1_Stream2_IRQHandler
    startup_stm32f40_41xxx.o(RESET) refers to usart.o(i.DMA1_Stream3_IRQHandler) for DMA1_Stream3_IRQHandler
    startup_stm32f40_41xxx.o(RESET) refers to usart.o(i.DMA1_Stream6_IRQHandler) for DMA1_Stream6_IRQHandler
    startup_stm32f40_41xxx.o(RESET) refers to freqmeasurement.o(i.TIM3_IRQHandler) for TIM3_IRQHandler
    startup_stm32f40_41xxx.o(RESET) refers to freqmeasurement.o(i.TIM4_IRQHandler) for TIM4_IRQHandler
    startup_stm32f40_41xxx.o(RESET) refers to usart.o(i.USART1_IRQHandler) for USART1_IRQHandler
    startup_stm32f40_41xxx.o(RESET) refers to usart.o(i.USART2_IRQHandler) for USART2_IRQHandler
    startup_stm32f40_41xxx.o(RESET) refers to usart.o(i.USART3_IRQHandler) for USART3_IRQHandler
    startup_stm32f40_41xxx.o(RESET) refers to rtc.o(i.RTC_Alarm_IRQHandler) for RTC_Alarm_IRQHandler
    startup_stm32f40_41xxx.o(RESET) refers to usart.o(i.UART4_IRQHandler) for UART4_IRQHandler
    startup_stm32f40_41xxx.o(RESET) refers to usart.o(i.DMA2_Stream7_IRQHandler) for DMA2_Stream7_IRQHandler
    startup_stm32f40_41xxx.o(.text) refers (Special) to heapauxi.o(.text) for __use_two_region_memory
    startup_stm32f40_41xxx.o(.text) refers to system_stm32f4xx.o(i.SystemInit) for SystemInit
    startup_stm32f40_41xxx.o(.text) refers to __main.o(!!!main) for __main
    startup_stm32f40_41xxx.o(.text) refers to startup_stm32f40_41xxx.o(HEAP) for Heap_Mem
    startup_stm32f40_41xxx.o(.text) refers to startup_stm32f40_41xxx.o(STACK) for Stack_Mem
    malloc.o(i.my_mem_free) refers to malloc.o(.data) for .data
    malloc.o(i.my_mem_init) refers to malloc.o(i.mymemset) for mymemset
    malloc.o(i.my_mem_init) refers to malloc.o(.data) for .data
    malloc.o(i.my_mem_malloc) refers to malloc.o(.data) for .data
    malloc.o(i.my_mem_perused) refers to malloc.o(.data) for .data
    malloc.o(i.myfree) refers to malloc.o(i.my_mem_free) for my_mem_free
    malloc.o(i.myfree) refers to malloc.o(.data) for .data
    malloc.o(i.mymalloc) refers to malloc.o(i.my_mem_malloc) for my_mem_malloc
    malloc.o(i.mymalloc) refers to malloc.o(.data) for .data
    malloc.o(i.myrealloc) refers to malloc.o(i.my_mem_malloc) for my_mem_malloc
    malloc.o(i.myrealloc) refers to malloc.o(i.mymemcpy) for mymemcpy
    malloc.o(i.myrealloc) refers to malloc.o(i.myfree) for myfree
    malloc.o(i.myrealloc) refers to malloc.o(.data) for .data
    malloc.o(.data) refers to malloc.o(i.my_mem_init) for my_mem_init
    malloc.o(.data) refers to malloc.o(i.my_mem_perused) for my_mem_perused
    malloc.o(.data) refers to malloc.o(.bss) for mem1base
    malloc.o(.data) refers to malloc.o(.ARM.__AT_0x68000000) for mem2base
    malloc.o(.data) refers to malloc.o(.ARM.__AT_0x10000000) for mem3base
    malloc.o(.data) refers to malloc.o(.bss) for mem1mapbase
    malloc.o(.data) refers to malloc.o(.ARM.__AT_0x680F0000) for mem2mapbase
    malloc.o(.data) refers to malloc.o(.ARM.__AT_0x1000F000) for mem3mapbase
    kernal.o(i.DelayMs) refers to kernal.o(.data) for .data
    kernal.o(i.DelayMs_Sft) refers to kernal.o(i.DelayUs_Sft) for DelayUs_Sft
[...]
    ..\code\sys\kernal.c                     0x00000000   Number         0  kernal.o ABSOLUTE
    ..\code\sys\malloc.c                     0x00000000   Number         0  malloc.o ABSOLUTE
    ..\code\sys\startup_stm32f40_41xxx.s     0x00000000   Number         0  startup_stm32f40_41xxx.o ABSOLUTE
    ..\code\sys\system_stm32f4xx.c           0x00000000   Number         0  system_stm32f4xx.o ABSOLUTE
    ..\code\test\TestFrequency.c             0x00000000   Number         0  testfrequency.o ABSOLUTE
    ..\code\test\TestLtc2402.c               0x00000000   Number         0  testltc2402.o ABSOLUTE
    ..\code\test\TestRtc.c                   0x00000000   Number         0  testrtc.o ABSOLUTE
    ..\code\test\TestSST25VF0.c              0x00000000   Number         0  testsst25vf0.o ABSOLUTE
    ..\code\test\TestUsart.c                 0x00000000   Number         0  testusart.o ABSOLUTE
    ..\code\user\main.c                      0x00000000   Number         0  main.o ABSOLUTE
    ..\code\user\protocol.c                  0x00000000   Number         0  protocol.o ABSOLUTE
    dc.s                                     0x00000000   Number         0  dc.o ABSOLUTE
    RESET                                    0x08000000   Section      392  startup_stm32f40_41xxx.o(RESET)
    !!!main                                  0x08000188   Section        8  __main.o(!!!main)
    !!!scatter                               0x08000190   Section       52  __scatter.o(!!!scatter)
    !!handler_copy                           0x080001c4   Section       26  __scatter_copy.o(!!handler_copy)
    !!handler_zi                             0x080001e0   Section       28  __scatter_zi.o(!!handler_zi)
    .ARM.Collect$$_printf_percent$$00000000  0x080001fc   Section        0  _printf_percent.o(.ARM.Collect$$_printf_percent$$00000000)
    .ARM.Collect$$_printf_percent$$00000003  0x080001fc   Section        6  _printf_f.o(.ARM.Collect$$_printf_percent$$00000003)
    .ARM.Collect$$_printf_percent$$0000000C  0x08000202   Section        6  _printf_x.o(.ARM.Collect$$_printf_percent$$0000000C)
    .ARM.Collect$$_printf_percent$$00000017  0x08000208   Section        4  _printf_percent_end.o(.ARM.Collect$$_printf_percent$$00000017)
    .ARM.Collect$$libinit$$00000000          0x0800020c   Section        2  libinit.o(.ARM.Collect$$libinit$$00000000)
    .ARM.Collect$$libinit$$00000001          0x0800020e   Section        4  libinit2.o(.ARM.Collect$$libinit$$00000001)
    .ARM.Collect$$libinit$$00000008          0x08000212   Section        0  libinit2.o(.ARM.Collect$$libinit$$00000008)
    .ARM.Collect$$libinit$$0000000A          0x08000212   Section        0  libinit2.o(.ARM.Collect$$libinit$$0000000A)
    .ARM.Collect$$libinit$$0000000C          0x08000212   Section        0  libinit2.o(.ARM.Collect$$libinit$$0000000C)
    .ARM.Collect$$libinit$$0000000D          0x08000212   Section        6  libinit2.o(.ARM.Collect$$libinit$$0000000D)
    .ARM.Collect$$libinit$$0000000F          0x08000218   Section        0  libinit2.o(.ARM.Collect$$libinit$$0000000F)
    .ARM.Collect$$libinit$$00000011          0x08000218   Section        0  libinit2.o(.ARM.Collect$$libinit$$00000011)
    .ARM.Collect$$libinit$$00000013          0x08000218   Section        0  libinit2.o(.ARM.Collect$$libinit$$00000013)
    .ARM.Collect$$libinit$$00000014          0x08000218   Section       10  libinit2.o(.ARM.Collect$$libinit$$00000014)
    .ARM.Collect$$libinit$$00000015          0x08000222   Section        0  libinit2.o(.ARM.Collect$$libinit$$00000015)
    .ARM.Collect$$libinit$$00000017          0x08000222   Section        0  libinit2.o(.ARM.Collect$$libinit$$00000017)
    .ARM.Collect$$libinit$$00000019          0x08000222   Section        0  libinit2.o(.ARM.Collect$$libinit$$00000019)
    .ARM.Collect$$libinit$$0000001B          0x08000222   Section        0  libinit2.o(.ARM.Collect$$libinit$$0000001B)
    .ARM.Collect$$libinit$$0000001D          0x08000222   Section        0  libinit2.o(.ARM.Collect$$libinit$$0000001D)
    .ARM.Collect$$libinit$$0000001F          0x08000222   Section        0  libinit2.o(.ARM.Collect$$libinit$$0000001F)
    .ARM.Collect$$libinit$$00000021          0x08000222   Section        0  libinit2.o(.ARM.Collect$$libinit$$00000021)
    .ARM.Collect$$libinit$$00000023          0x08000222   Section        0  libinit2.o(.ARM.Collect$$libinit$$00000023)
    .ARM.Collect$$libinit$$0000002A          0x08000222   Section        0  libinit2.o(.ARM.Collect$$libinit$$0000002A)
    .ARM.Collect$$libinit$$0000002C          0x08000222   Section        0  libinit2.o(.ARM.Collect$$libinit$$0000002C)
    .ARM.Collect$$libinit$$0000002E          0x08000222   Section        0  libinit2.o(.ARM.Collect$$libinit$$0000002E)
    .ARM.Collect$$libinit$$00000030          0x08000222   Section        0  libinit2.o(.ARM.Collect$$libinit$$00000030)
    .ARM.Collect$$libinit$$00000031          0x08000222   Section        2  libinit2.o(.ARM.Collect$$libinit$$00000031)
    .ARM.Collect$$libshutdown$$00000000      0x08000224   Section        2  libshutdown.o(.ARM.Collect$$libshutdown$$00000000)
    .ARM.Collect$$libshutdown$$00000003      0x08000226   Section        0  libshutdown2.o(.ARM.Collect$$libshutdown$$00000003)
    .ARM.Collect$$libshutdown$$00000006      0x08000226   Section        0  libshutdown2.o(.ARM.Collect$$libshutdown$$00000006)
    .ARM.Collect$$libshutdown$$00000009      0x08000226   Section        0  libshutdown2.o(.ARM.Collect$$libshutdown$$00000009)
    .ARM.Collect$$libshutdown$$0000000B      0x08000226   Section        0  libshutdown2.o(.ARM.Collect$$libshutdown$$0000000B)
    .ARM.Collect$$libshutdown$$0000000E      0x08000226   Section        0  libshutdown2.o(.ARM.Collect$$libshutdown$$0000000E)
    .ARM.Collect$$libshutdown$$0000000F      0x08000226   Section        2  libshutdown2.o(.ARM.Collect$$libshutdown$$0000000F)
    .ARM.Collect$$rtentry$$00000000          0x08000228   Section        0  rtentry.o(.ARM.Collect$$rtentry$$00000000)
    .ARM.Collect$$rtentry$$00000002          0x08000228   Section        0  rtentry2.o(.ARM.Collect$$rtentry$$00000002)
    .ARM.Collect$$rtentry$$00000004          0x08000228   Section        6  rtentry4.o(.ARM.Collect$$rtentry$$00000004)
    .ARM.Collect$$rtentry$$00000009          0x0800022e   Section        0  rtentry2.o(.ARM.Collect$$rtentry$$00000009)
    .ARM.Collect$$rtentry$$0000000A          0x0800022e   Section        4  rtentry2.o(.ARM.Collect$$rtentry$$0000000A)
    .ARM.Collect$$rtentry$$0000000C          0x08000232   Section        0  rtentry2.o(.ARM.Collect$$rtentry$$0000000C)
    .ARM.Collect$$rtentry$$0000000D          0x08000232   Section        8  rtentry2.o(.ARM.Collect$$rtentry$$0000000D)
    .ARM.Collect$$rtexit$$00000000           0x0800023a   Section        2  rtexit.o(.ARM.Collect$$rtexit$$00000000)
    .ARM.Collect$$rtexit$$00000002           0x0800023c   Section        0  rtexit2.o(.ARM.Collect$$rtexit$$00000002)
    .ARM.Collect$$rtexit$$00000003           0x0800023c   Section        4  rtexit2.o(.ARM.Collect$$rtexit$$00000003)
    .ARM.Collect$$rtexit$$00000004           0x08000240   Section        6  rtexit2.o(.ARM.Collect$$rtexit$$00000004)
    .text                                    0x08000248   Section       64  startup_stm32f40_41xxx.o(.text)
    $v0                                      0x08000248   Number         0  startup_stm32f40_41xxx.o(.text)
    .text                                    0x08000288   Section        2  use_no_semi_2.o(.text)
    .text                                    0x0800028c   Section        0  noretval__2printf.o(.text)
    .text                                    0x080002a4   Section        0  _printf_hex_int.o(.text)
    .text                                    0x08000300   Section        0  __printf_flags_wp.o(.text)
    .text                                    0x0800043c   Section      138  rt_memcpy_v6.o(.text)
    .text                                    0x080004c6   Section        0  heapauxi.o(.text)
    .text                                    0x080004cc   Section        2  use_no_semi.o(.text)
    .text                                    0x080004ce   Section        0  _printf_intcommon.o(.text)
    .text                                    0x08000586   Section        0  _printf_fp_dec.o(.text)
    _fp_digits                               0x08000589   Thumb Code   426  _printf_fp_dec.o(.text)
    .text                                    0x080009a8   Section        0  _printf_char_file.o(.text)
    .text                                    0x080009cc   Section      100  rt_memcpy_w.o(.text)
    .text                                    0x08000a30   Section        8  rt_locale_intlibspace.o(.text)
    .text                                    0x08000a38   Section      138  lludiv10.o(.text)
    .text                                    0x08000ac4   Section        0  _printf_char_common.o(.text)
    _printf_input_char                       0x08000ac5   Thumb Code    10  _printf_char_common.o(.text)
    .text                                    0x08000af4   Section        0  _printf_fp_infnan.o(.text)
    .text                                    0x08000b74   Section        0  bigflt0.o(.text)
    .text                                    0x08000c58   Section        0  ferror.o(.text)
    .text                                    0x08000c60   Section        8  libspace.o(.text)
    .text                                    0x08000c68   Section       74  sys_stackheap_outer.o(.text)
    .text                                    0x08000cb2   Section        0  exit.o(.text)
    .text                                    0x08000cc0   Section      128  strcmpv7m.o(.text)
    CL$$btod_d2e                             0x08000d40   Section       62  btod.o(CL$$btod_d2e)
    CL$$btod_d2e_denorm_low                  0x08000d7e   Section       70  btod.o(CL$$btod_d2e_denorm_low)
    CL$$btod_d2e_norm_op1                    0x08000dc4   Section       96  btod.o(CL$$btod_d2e_norm_op1)
    CL$$btod_div_common                      0x08000e24   Section      824  btod.o(CL$$btod_div_common)
    CL$$btod_e2e                             0x0800115c   Section      198  btod.o(CL$$btod_e2e)
    CL$$btod_ediv                            0x08001222   Section       40  btod.o(CL$$btod_ediv)
    CL$$btod_emul                            0x0800124a   Section       40  btod.o(CL$$btod_emul)
    CL$$btod_mult_common                     0x08001272   Section      580  btod.o(CL$$btod_mult_common)
    i.AddQueue                               0x080014b6   Section        0  protocol.o(i.AddQueue)
    i.BusFault_Handler                       0x0800152c   Section        0  kernal.o(i.BusFault_Handler)
    i.DMA1_Stream2_IRQHandler                0x08001530   Section        0  usart.o(i.DMA1_Stream2_IRQHandler)
    i.DMA1_Stream3_IRQHandler                0x08001560   Section        0  usart.o(i.DMA1_Stream3_IRQHandler)
    i.DMA1_Stream6_IRQHandler                0x08001590   Section        0  usart.o(i.DMA1_Stream6_IRQHandler)
    i.DMA2_Stream7_IRQHandler                0x080015c4   Section        0  usart.o(i.DMA2_Stream7_IRQHandler)
    i.DMA_ClearFlag                          0x080015f4   Section        0  stm32f4xx_dma.o(i.DMA_ClearFlag)
    i.DMA_Cmd                                0x08001620   Section        0  stm32f4xx_dma.o(i.DMA_Cmd)
    i.DMA_DeInit                             0x08001634   Section        0  stm32f4xx_dma.o(i.DMA_DeInit)
    i.DMA_GetCurrDataCounter                 0x08001758   Section        0  stm32f4xx_dma.o(i.DMA_GetCurrDataCounter)
    i.DMA_GetITStatus                        0x08001760   Section        0  stm32f4xx_dma.o(i.DMA_GetITStatus)
    i.DMA_ITConfig                           0x080017b4   Section        0  stm32f4xx_dma.o(i.DMA_ITConfig)
    i.DMA_Init                               0x080017e0   Section        0  stm32f4xx_dma.o(i.DMA_Init)
    i.DMA_SetCurrDataCounter                 0x08001834   Section        0  stm32f4xx_dma.o(i.DMA_SetCurrDataCounter)
    i.DebugMon_Handler                       0x08001838   Section        0  kernal.o(i.DebugMon_Handler)
    i.DelayMs                                0x0800183c   Section        0  kernal.o(i.DelayMs)
    i.DelayMs_Sft                            0x08001858   Section        0  kernal.o(i.DelayMs_Sft)
    i.DelayUs_Sft                            0x08001868   Section        0  kernal.o(i.DelayUs_Sft)
    i.EXTI_ClearITPendingBit                 0x0800188c   Section        0  stm32f4xx_exti.o(i.EXTI_ClearITPendingBit)
    i.EnterException                         0x08001898   Section        0  kernal.o(i.EnterException)
    i.GPIO_Init                              0x080018c4   Section        0  stm32f4xx_gpio.o(i.GPIO_Init)
    i.GPIO_PinAFConfig                       0x0800193c   Section        0  stm32f4xx_gpio.o(i.GPIO_PinAFConfig)
    i.GPIO_ResetBits                         0x0800195c   Section        0  stm32f4xx_gpio.o(i.GPIO_ResetBits)
    i.GPIO_Set                               0x08001960   Section        0  stm32f4xx_gpio.o(i.GPIO_Set)
    i.GPIO_SetBits                           0x080019e2   Section        0  stm32f4xx_gpio.o(i.GPIO_SetBits)
    i.GetTickCount                           0x080019e8   Section        0  kernal.o(i.GetTickCount)
    i.HardFault_Handler                      0x080019f4   Section        0  kernal.o(i.HardFault_Handler)
    i.LTC2402Init                            0x080019f8   Section        0  ltc2402.o(i.LTC2402Init)
    i.LTC2402_GetResistance                  0x08001a3c   Section        0  ltc2402.o(i.LTC2402_GetResistance)
    i.LTC2402_ReadByte                       0x08001b34   Section        0  ltc2402.o(i.LTC2402_ReadByte)
    i.LTC2402_SWitchInit                     0x08001b3c   Section        0  ltc2402.o(i.LTC2402_SWitchInit)
    i.LTC2402_SwitchChannel                  0x08001bd4   Section        0  ltc2402.o(i.LTC2402_SwitchChannel)
    i.LTC2402_TEST_EOC                       0x08001c64   Section        0  ltc2402.o(i.LTC2402_TEST_EOC)
    i.MemManage_Handler                      0x08001c74   Section        0  kernal.o(i.MemManage_Handler)
    i.NMI_Handler                            0x08001c76   Section        0  kernal.o(i.NMI_Handler)
    i.NVIC_Init                              0x08001c78   Section        0  misc.o(i.NVIC_Init)
    i.NVIC_PriorityGroupConfig               0x08001cdc   Section        0  misc.o(i.NVIC_PriorityGroupConfig)
    i.OsInit                                 0x08001cf0   Section        0  kernal.o(i.OsInit)
    i.PendSV_Handler                         0x08001d48   Section        0  kernal.o(i.PendSV_Handler)
    i.RCC_AHB1PeriphClockCmd                 0x08001d4c   Section        0  stm32f4xx_rcc.o(i.RCC_AHB1PeriphClockCmd)
    i.RCC_APB2PeriphClockCmd                 0x08001d64   Section        0  stm32f4xx_rcc.o(i.RCC_APB2PeriphClockCmd)
    i.RCC_APB2PeriphResetCmd                 0x08001d7c   Section        0  stm32f4xx_rcc.o(i.RCC_APB2PeriphResetCmd)
    i.RCC_GetClocksFreq                      0x08001d94   Section        0  stm32f4xx_rcc.o(i.RCC_GetClocksFreq)
    i.RTC_Alarm_IRQHandler                   0x08001e24   Section        0  rtc.o(i.RTC_Alarm_IRQHandler)
    i.RTC_ClearFlag                          0x08001e48   Section        0  stm32f4xx_rtc.o(i.RTC_ClearFlag)
    i.RTC_GetFlagStatus                      0x08001e64   Section        0  stm32f4xx_rtc.o(i.RTC_GetFlagStatus)
    i.RTC_WKUP_IRQHandler                    0x08001e80   Section        0  rtc.o(i.RTC_WKUP_IRQHandler)
    i.ReceiveUsartData                       0x08001ea4   Section        0  usart.o(i.ReceiveUsartData)
    ReceiveUsartData                         0x08001ea5   Thumb Code   164  usart.o(i.ReceiveUsartData)
    i.SPI1_Init                              0x08001f4c   Section        0  spi.o(i.SPI1_Init)
    i.SPI1_ReadWriteByte                     0x08002008   Section        0  spi.o(i.SPI1_ReadWriteByte)
    i.SPI1_SetSpeed                          0x08002058   Section        0  spi.o(i.SPI1_SetSpeed)
    i.SPI_Cmd                                0x08002074   Section        0  stm32f4xx_spi.o(i.SPI_Cmd)
    i.SPI_I2S_GetFlagStatus                  0x08002088   Section        0  stm32f4xx_spi.o(i.SPI_I2S_GetFlagStatus)
    i.SPI_I2S_ReceiveData                    0x08002096   Section        0  stm32f4xx_spi.o(i.SPI_I2S_ReceiveData)
    i.SPI_I2S_SendData                       0x0800209a   Section        0  stm32f4xx_spi.o(i.SPI_I2S_SendData)
    i.SPI_Init                               0x0800209e   Section        0  stm32f4xx_spi.o(i.SPI_Init)
    i.SVC_Handler                            0x080020d6   Section        0  kernal.o(i.SVC_Handler)
    i.SetSysClock                            0x080020d8   Section        0  system_stm32f4xx.o(i.SetSysClock)
    SetSysClock                              0x080020d9   Thumb Code   162  system_stm32f4xx.o(i.SetSysClock)
    i.SysTick_Handler                        0x0800218c   Section        0  kernal.o(i.SysTick_Handler)
    i.SystemInit                             0x080021b4   Section        0  system_stm32f4xx.o(i.SystemInit)
    i.TIM3_IRQHandler                        0x08002210   Section        0  freqmeasurement.o(i.TIM3_IRQHandler)
    i.TIM4_IRQHandler                        0x08002254   Section        0  freqmeasurement.o(i.TIM4_IRQHandler)
    i.TIM_ClearITPendingBit                  0x080022dc   Section        0  stm32f4xx_tim.o(i.TIM_ClearITPendingBit)
    i.TIM_Cmd                                0x080022e2   Section        0  stm32f4xx_tim.o(i.TIM_Cmd)
    i.TIM_GetITStatus                        0x080022f6   Section        0  stm32f4xx_tim.o(i.TIM_GetITStatus)
    i.TestLtc2402                            0x08002310   Section        0  testltc2402.o(i.TestLtc2402)
    i.UART4_IRQHandler                       0x0800235c   Section        0  usart.o(i.UART4_IRQHandler)
    i.USART1_IRQHandler                      0x080023c0   Section        0  usart.o(i.USART1_IRQHandler)
    i.USART2_IRQHandler                      0x08002424   Section        0  usart.o(i.USART2_IRQHandler)
    i.USART3_IRQHandler                      0x08002488   Section        0  usart.o(i.USART3_IRQHandler)
    i.USART_Cmd                              0x080024ec   Section        0  stm32f4xx_usart.o(i.USART_Cmd)
    i.USART_DMACmd                           0x08002500   Section        0  stm32f4xx_usart.o(i.USART_DMACmd)
    i.USART_GetFlagStatus                    0x08002510   Section        0  stm32f4xx_usart.o(i.USART_GetFlagStatus)
    i.USART_GetITStatus                      0x0800251e   Section        0  stm32f4xx_usart.o(i.USART_GetITStatus)
    i.USART_ITConfig                         0x0800255c   Section        0  stm32f4xx_usart.o(i.USART_ITConfig)
    i.USART_Init                             0x0800258c   Section        0  stm32f4xx_usart.o(i.USART_Init)
    i.USART_SendData                         0x08002644   Section        0  stm32f4xx_usart.o(i.USART_SendData)
    i.UsageFault_Handler                     0x0800264c   Section        0  kernal.o(i.UsageFault_Handler)
    i.__ARM_fpclassify                       0x0800264e   Section        0  fpclassify.o(i.__ARM_fpclassify)
    i._is_digit                              0x0800267e   Section        0  __printf_wp.o(i._is_digit)
    i._sys_exit                              0x0800268c   Section        0  usart.o(i._sys_exit)
    i.fputc                                  0x08002690   Section        0  usart.o(i.fputc)
    i.main                                   0x080026a4   Section        0  main.o(i.main)
    i.my_mem_init                            0x080026c0   Section        0  malloc.o(i.my_mem_init)
    i.my_mem_malloc                          0x080026fc   Section        0  malloc.o(i.my_mem_malloc)
    i.my_mem_perused                         0x080027a8   Section        0  malloc.o(i.my_mem_perused)
    i.mymalloc                               0x080027f0   Section        0  malloc.o(i.mymalloc)
    i.mymemset                               0x08002818   Section        0  malloc.o(i.mymemset)
    i.uart1_init                             0x0800282c   Section        0  usart.o(i.uart1_init)
    locale$$code                             0x08002a9c   Section       44  lc_numeric_c.o(locale$$code)
    x$fpl$dadd                               0x08002ac8   Section      336  daddsub_clz.o(x$fpl$dadd)
    $v0                                      0x08002ac8   Number         0  daddsub_clz.o(x$fpl$dadd)
    _dadd1                                   0x08002ad9   Thumb Code     0  daddsub_clz.o(x$fpl$dadd)
    x$fpl$dcmpinf                            0x08002c18   Section       24  dcmpi.o(x$fpl$dcmpinf)
    $v0                                      0x08002c18   Number         0  dcmpi.o(x$fpl$dcmpinf)
    x$fpl$ddiv                               0x08002c30   Section      688  ddiv.o(x$fpl$ddiv)
    $v0                                      0x08002c30   Number         0  ddiv.o(x$fpl$ddiv)
    ddiv_entry                               0x08002c37   Thumb Code     0  ddiv.o(x$fpl$ddiv)
    x$fpl$dfltu                              0x08002ee0   Section       38  dflt_clz.o(x$fpl$dfltu)
    $v0                                      0x08002ee0   Number         0  dflt_clz.o(x$fpl$dfltu)
    x$fpl$dleqf                              0x08002f08   Section      120  dleqf.o(x$fpl$dleqf)
    $v0                                      0x08002f08   Number         0  dleqf.o(x$fpl$dleqf)
    x$fpl$dmul                               0x08002f80   Section      340  dmul.o(x$fpl$dmul)
    $v0                                      0x08002f80   Number         0  dmul.o(x$fpl$dmul)
    x$fpl$dnaninf                            0x080030d4   Section      156  dnaninf.o(x$fpl$dnaninf)
    $v0                                      0x080030d4   Number         0  dnaninf.o(x$fpl$dnaninf)
    x$fpl$dretinf                            0x08003170   Section       12  dretinf.o(x$fpl$dretinf)
    $v0                                      0x08003170   Number         0  dretinf.o(x$fpl$dretinf)
    x$fpl$drleqf                             0x0800317c   Section      108  drleqf.o(x$fpl$drleqf)
    $v0                                      0x0800317c   Number         0  drleqf.o(x$fpl$drleqf)
    x$fpl$dsub                               0x080031e8   Section      468  daddsub_clz.o(x$fpl$dsub)
    $v0                                      0x080031e8   Number         0  daddsub_clz.o(x$fpl$dsub)
    _dsub1                                   0x080031f9   Thumb Code     0  daddsub_clz.o(x$fpl$dsub)
    x$fpl$fpinit                             0x080033bc   Section       10  fpinit.o(x$fpl$fpinit)
    $v0                                      0x080033bc   Number         0  fpinit.o(x$fpl$fpinit)
    x$fpl$printf1                            0x080033c6   Section        4  printf1.o(x$fpl$printf1)
    $v0                                      0x080033c6   Number         0  printf1.o(x$fpl$printf1)
    .constdata                               0x080033ca   Section       40  _printf_hex_int.o(.constdata)
    x$fpl$usenofp                            0x080033ca   Section        0  usenofp.o(x$fpl$usenofp)
    uc_hextab                                0x080033ca   Data          20  _printf_hex_int.o(.constdata)
    lc_hextab                                0x080033de   Data          20  _printf_hex_int.o(.constdata)
    .constdata                               0x080033f2   Section       17  __printf_flags_wp.o(.constdata)
    maptable                                 0x080033f2   Data          17  __printf_flags_wp.o(.constdata)
    .constdata                               0x08003404   Section      148  bigflt0.o(.constdata)
    tenpwrs_x                                0x08003404   Data          60  bigflt0.o(.constdata)
    tenpwrs_i                                0x08003440   Data          64  bigflt0.o(.constdata)
    locale$$data                             0x080034b8   Section       28  lc_numeric_c.o(locale$$data)
    __lcnum_c_name                           0x080034bc   Data           2  lc_numeric_c.o(locale$$data)
    __lcnum_c_start                          0x080034c4   Data           0  lc_numeric_c.o(locale$$data)
    __lcnum_c_point                          0x080034d0   Data           0  lc_numeric_c.o(locale$$data)
    __lcnum_c_thousands                      0x080034d2   Data           0  lc_numeric_c.o(locale$$data)
    __lcnum_c_grouping                       0x080034d3   Data           0  lc_numeric_c.o(locale$$data)
    __lcnum_c_end                            0x080034d4   Data           0  lc_numeric_c.o(locale$$data)
    .ARM.__AT_0x10000000                     0x10000000   Section    61440  malloc.o(.ARM.__AT_0x10000000)
    .ARM.__AT_0x1000F000                     0x1000f000   Section     3840  malloc.o(.ARM.__AT_0x1000F000)
    .data                                    0x20000000   Section       72  malloc.o(.data)
    .data                                    0x20000048   Section        8  kernal.o(.data)
    g_u32TickCount                           0x20000048   Data           4  kernal.o(.data)
    g_u32SecondOfWeek                        0x2000004c   Data           4  kernal.o(.data)
    .data                                    0x20000050   Section       16  stm32f4xx_rcc.o(.data)
    APBAHBPrescTable                         0x20000050   Data          16  stm32f4xx_rcc.o(.data)
    .data                                    0x20000060   Section      124  usart.o(.data)
    g_bUart1Open                             0x20000060   Data           4  usart.o(.data)
    g_bUart2Open                             0x20000064   Data           4  usart.o(.data)
    g_bUart3Open                             0x20000068   Data           4  usart.o(.data)
    g_bUart4Open                             0x2000006c   Data           4  usart.o(.data)
    g_u32Uart1RevCount                       0x20000070   Data           4  usart.o(.data)
    g_u32Uart2RevCount                       0x20000074   Data           4  usart.o(.data)
    g_u32Uart3RevCount                       0x20000078   Data           4  usart.o(.data)
    g_u32Uart4RevCount                       0x2000007c   Data           4  usart.o(.data)
    g_pUsart1_tx_buf                         0x20000084   Data           4  usart.o(.data)
    g_pUsart2_tx_buf                         0x20000088   Data           4  usart.o(.data)
    g_pUsart3_tx_buf                         0x2000008c   Data           4  usart.o(.data)
    g_pUsart4_tx_buf                         0x20000090   Data           4  usart.o(.data)
    .data                                    0x200000dc   Section        4  usart.o(.data)
    .data                                    0x200000e0   Section       16  freqmeasurement.o(.data)
    .bss                                     0x20000100   Section    102400  malloc.o(.bss)
    .bss                                     0x20019100   Section     6400  malloc.o(.bss)
    .bss                                     0x2001aa00   Section       16  kernal.o(.bss)
    RCC_Clocks                               0x2001aa00   Data          16  kernal.o(.bss)
    .bss                                     0x2001aa10   Section       96  libspace.o(.bss)
    HEAP                                     0x2001aa70   Section      512  startup_stm32f40_41xxx.o(HEAP)
    Heap_Mem                                 0x2001aa70   Data         512  startup_stm32f40_41xxx.o(HEAP)
    STACK                                    0x2001ac70   Section     1024  startup_stm32f40_41xxx.o(STACK)
    Stack_Mem                                0x2001ac70   Data        1024  startup_stm32f40_41xxx.o(STACK)
    __initial_sp                             0x2001b070   Data           0  startup_stm32f40_41xxx.o(STACK)
    .ARM.__AT_0x68000000                     0x68000000   Section    983040  malloc.o(.ARM.__AT_0x68000000)
    .ARM.__AT_0x680F0000                     0x680f0000   Section    61440  malloc.o(.ARM.__AT_0x680F0000)

    Global Symbols

    Symbol Name                              Value     Ov Type        Size  Object(Section)

    BuildAttributes$$THM_ISAv4$E$P$D$K$B$S$7EM$VFPi3$EXTD16$VFPS$VFMA$PE$A:L22UL41UL21$X:L11$S22US41US21$IEEE1$IW$USESV6$~STKCKD$USESV7$~SHL$OTIME$ROPI$IEEEJ$EBA8$UX$STANDARDLIB$REQ8$PRES8$EABIv2 0x00000000   Number         0  anon$$obj.o ABSOLUTE
    __ARM_use_no_argv                        0x00000000   Number         0  main.o ABSOLUTE
    _printf_flags                            0x00000000   Number         0  printf_stubs.o ABSOLUTE
    _printf_return_value                     0x00000000   Number         0  printf_stubs.o ABSOLUTE
    _printf_sizespec                         0x00000000   Number         0  printf_stubs.o ABSOLUTE
    _printf_widthprec                        0x00000000   Number         0  printf_stubs.o ABSOLUTE
    __ARM_exceptions_init                     - Undefined Weak Reference
    __alloca_initialize                       - Undefined Weak Reference
    __cpp_initialize__aeabi_                  - Undefined Weak Reference
    __cxa_finalize                            - Undefined Weak Reference
    __sigvec_lookup                           - Undefined Weak Reference
    _atexit_init                              - Undefined Weak Reference
    _call_atexit_fns                          - Undefined Weak Reference
    _clock_init                               - Undefined Weak Reference
    _fp_trap_init                             - Undefined Weak Reference
    _fp_trap_shutdown                         - Undefined Weak Reference
    _get_lc_collate                           - Undefined Weak Reference
    _get_lc_ctype                             - Undefined Weak Reference
    _get_lc_monetary                          - Undefined Weak Reference
    _get_lc_time                              - Undefined Weak Reference
    _getenv_init                              - Undefined Weak Reference
    _handle_redirection                       - Undefined Weak Reference
    _init_alloc                               - Undefined Weak Reference
    _init_user_alloc                          - Undefined Weak Reference
    _initio                                   - Undefined Weak Reference
    _mutex_acquire                            - Undefined Weak Reference
    _mutex_release                            - Undefined Weak Reference
    _printf_truncate_signed                   - Undefined Weak Reference
    _printf_truncate_unsigned                 - Undefined Weak Reference
    _rand_init                                - Undefined Weak Reference
    _signal_finish                            - Undefined Weak Reference
    _signal_init                              - Undefined Weak Reference
    _terminate_alloc                          - Undefined Weak Reference
    _terminate_user_alloc                     - Undefined Weak Reference
    _terminateio                              - Undefined Weak Reference
    __Vectors_Size                           0x00000188   Number         0  startup_stm32f40_41xxx.o ABSOLUTE
    __Vectors                                0x08000000   Data           4  startup_stm32f40_41xxx.o(RESET)
    __Vectors_End                            0x08000188   Data           0  startup_stm32f40_41xxx.o(RESET)
    __main                                   0x08000189   Thumb Code     8  __main.o(!!!main)
    __scatterload                            0x08000191   Thumb Code     0  __scatter.o(!!!scatter)
    __scatterload_rt2                        0x08000191   Thumb Code    44  __scatter.o(!!!scatter)
    __scatterload_rt2_thumb_only             0x08000191   Thumb Code     0  __scatter.o(!!!scatter)
    __scatterload_null                       0x0800019f   Thumb Code     0  __scatter.o(!!!scatter)
    __scatterload_copy                       0x080001c5   Thumb Code    26  __scatter_copy.o(!!handler_copy)
    __scatterload_zeroinit                   0x080001e1   Thumb Code    28  __scatter_zi.o(!!handler_zi)
    _printf_f                                0x080001fd   Thumb Code     0  _printf_f.o(.ARM.Collect$$_printf_percent$$00000003)
    _printf_percent                          0x080001fd   Thumb Code     0  _printf_percent.o(.ARM.Collect$$_printf_percent$$00000000)
    _printf_x                                0x08000203   Thumb Code     0  _printf_x.o(.ARM.Collect$$_printf_percent$$0000000C)
    _printf_percent_end                      0x08000209   Thumb Code     0  _printf_percent_end.o(.ARM.Collect$$_printf_percent$$00000017)
    __rt_lib_init                            0x0800020d   Thumb Code     0  libinit.o(.ARM.Collect$$libinit$$00000000)
    __rt_lib_init_fp_1                       0x0800020f   Thumb Code     0  libinit2.o(.ARM.Collect$$libinit$$00000001)
    __rt_lib_init_heap_1                     0x08000213   Thumb Code     0  libinit2.o(.ARM.Collect$$libinit$$00000008)
    __rt_lib_init_lc_common                  0x08000213   Thumb Code     0  libinit2.o(.ARM.Collect$$libinit$$0000000D)
    __rt_lib_init_rand_1                     0x08000213   Thumb Code     0  libinit2.o(.ARM.Collect$$libinit$$0000000C)
    __rt_lib_init_user_alloc_1               0x08000213   Thumb Code     0  libinit2.o(.ARM.Collect$$libinit$$0000000A)
    __rt_lib_init_lc_collate_1               0x08000219   Thumb Code     0  libinit2.o(.ARM.Collect$$libinit$$0000000F)
    __rt_lib_init_lc_ctype_1                 0x08000219   Thumb Code     0  libinit2.o(.ARM.Collect$$libinit$$00000011)
    __rt_lib_init_lc_monetary_1              0x08000219   Thumb Code     0  libinit2.o(.ARM.Collect$$libinit$$00000013)
    __rt_lib_init_lc_numeric_2               0x08000219   Thumb Code     0  libinit2.o(.ARM.Collect$$libinit$$00000014)
    __rt_lib_init_alloca_1                   0x08000223   Thumb Code     0  libinit2.o(.ARM.Collect$$libinit$$0000002C)
    __rt_lib_init_argv_1                     0x08000223   Thumb Code     0  libinit2.o(.ARM.Collect$$libinit$$0000002A)
    __rt_lib_init_atexit_1                   0x08000223   Thumb Code     0  libinit2.o(.ARM.Collect$$libinit$$00000019)
    __rt_lib_init_clock_1                    0x08000223   Thumb Code     0  libinit2.o(.ARM.Collect$$libinit$$0000001F)
    __rt_lib_init_cpp_1                      0x08000223   Thumb Code     0  libinit2.o(.ARM.Collect$$libinit$$00000030)
    __rt_lib_init_exceptions_1               0x08000223   Thumb Code     0  libinit2.o(.ARM.Collect$$libinit$$0000002E)
    __rt_lib_init_fp_trap_1                  0x08000223   Thumb Code     0  libinit2.o(.ARM.Collect$$libinit$$0000001D)
    __rt_lib_init_getenv_1                   0x08000223   Thumb Code     0  libinit2.o(.ARM.Collect$$libinit$$00000021)
    __rt_lib_init_lc_numeric_1               0x08000223   Thumb Code     0  libinit2.o(.ARM.Collect$$libinit$$00000015)
    __rt_lib_init_lc_time_1                  0x08000223   Thumb Code     0  libinit2.o(.ARM.Collect$$libinit$$00000017)
    __rt_lib_init_return                     0x08000223   Thumb Code     0  libinit2.o(.ARM.Collect$$libinit$$00000031)
    __rt_lib_init_signal_1                   0x08000223   Thumb Code     0  libinit2.o(.ARM.Collect$$libinit$$0000001B)
    __rt_lib_init_stdio_1                    0x08000223   Thumb Code     0  libinit2.o(.ARM.Collect$$libinit$$00000023)
    __rt_lib_shutdown                        0x08000225   Thumb Code     0  libshutdown.o(.ARM.Collect$$libshutdown$$00000000)
    __rt_lib_shutdown_fp_trap_1              0x08000227   Thumb Code     0  libshutdown2.o(.ARM.Collect$$libshutdown$$00000006)
    __rt_lib_shutdown_heap_1                 0x08000227   Thumb Code     0  libshutdown2.o(.ARM.Collect$$libshutdown$$0000000E)
    __rt_lib_shutdown_return                 0x08000227   Thumb Code     0  libshutdown2.o(.ARM.Collect$$libshutdown$$0000000F)
    __rt_lib_shutdown_signal_1               0x08000227   Thumb Code     0  libshutdown2.o(.ARM.Collect$$libshutdown$$00000009)
    __rt_lib_shutdown_stdio_1                0x08000227   Thumb Code     0  libshutdown2.o(.ARM.Collect$$libshutdown$$00000003)
    __rt_lib_shutdown_user_alloc_1           0x08000227   Thumb Code     0  libshutdown2.o(.ARM.Collect$$libshutdown$$0000000B)
    __rt_entry                               0x08000229   Thumb Code     0  rtentry.o(.ARM.Collect$$rtentry$$00000000)
    __rt_entry_presh_1                       0x08000229   Thumb Code     0  rtentry2.o(.ARM.Collect$$rtentry$$00000002)
    __rt_entry_sh                            0x08000229   Thumb Code     0  rtentry4.o(.ARM.Collect$$rtentry$$00000004)
    __rt_entry_li                            0x0800022f   Thumb Code     0  rtentry2.o(.ARM.Collect$$rtentry$$0000000A)
    __rt_entry_postsh_1                      0x0800022f   Thumb Code     0  rtentry2.o(.ARM.Collect$$rtentry$$00000009)
    __rt_entry_main                          0x08000233   Thumb Code     0  rtentry2.o(.ARM.Collect$$rtentry$$0000000D)
    __rt_entry_postli_1                      0x08000233   Thumb Code     0  rtentry2.o(.ARM.Collect$$rtentry$$0000000C)
    __rt_exit                                0x0800023b   Thumb Code     0  rtexit.o(.ARM.Collect$$rtexit$$00000000)
    __rt_exit_ls                             0x0800023d   Thumb Code     0  rtexit2.o(.ARM.Collect$$rtexit$$00000003)
    __rt_exit_prels_1                        0x0800023d   Thumb Code     0  rtexit2.o(.ARM.Collect$$rtexit$$00000002)
    __rt_exit_exit                           0x08000241   Thumb Code     0  rtexit2.o(.ARM.Collect$$rtexit$$00000004)
    Reset_Handler                            0x08000249   Thumb Code     8  startup_stm32f40_41xxx.o(.text)
    ADC_IRQHandler                           0x08000263   Thumb Code     0  startup_stm32f40_41xxx.o(.text)
    CAN1_RX0_IRQHandler                      0x08000263   Thumb Code     0  startup_stm32f40_41xxx.o(.text)
    CAN1_RX1_IRQHandler                      0x08000263   Thumb Code     0  startup_stm32f40_41xxx.o(.text)
    CAN1_SCE_IRQHandler                      0x08000263   Thumb Code     0  startup_stm32f40_41xxx.o(.text)
    CAN1_TX_IRQHandler                       0x08000263   Thumb Code     0  startup_stm32f40_41xxx.o(.text)
    CAN2_RX0_IRQHandler                      0x08000263   Thumb Code     0  startup_stm32f40_41xxx.o(.text)
    CAN2_RX1_IRQHandler                      0x08000263   Thumb Code     0  startup_stm32f40_41xxx.o(.text)
    CAN2_SCE_IRQHandler                      0x08000263   Thumb Code     0  startup_stm32f40_41xxx.o(.text)
    CAN2_TX_IRQHandler                       0x08000263   Thumb Code     0  startup_stm32f40_41xxx.o(.text)
    CRYP_IRQHandler                          0x08000263   Thumb Code     0  startup_stm32f40_41xxx.o(.text)
    DCMI_IRQHandler                          0x08000263   Thumb Code     0  startup_stm32f40_41xxx.o(.text)
    DMA1_Stream0_IRQHandler                  0x08000263   Thumb Code     0  startup_stm32f40_41xxx.o(.text)
    DMA1_Stream1_IRQHandler                  0x08000263   Thumb Code     0  startup_stm32f40_41xxx.o(.text)
    DMA1_Stream4_IRQHandler                  0x08000263   Thumb Code     0  startup_stm32f40_41xxx.o(.text)
    DMA1_Stream5_IRQHandler                  0x08000263   Thumb Code     0  startup_stm32f40_41xxx.o(.text)
    DMA1_Stream7_IRQHandler                  0x08000263   Thumb Code     0  startup_stm32f40_41xxx.o(.text)
    DMA2_Stream0_IRQHandler                  0x08000263   Thumb Code     0  startup_stm32f40_41xxx.o(.text)
    DMA2_Stream1_IRQHandler                  0x08000263   Thumb Code     0  startup_stm32f40_41xxx.o(.text)
    DMA2_Stream2_IRQHandler                  0x08000263   Thumb Code     0  startup_stm32f40_41xxx.o(.text)
    DMA2_Stream3_IRQHandler                  0x08000263   Thumb Code     0  startup_stm32f40_41xxx.o(.text)
    DMA2_Stream4_IRQHandler                  0x08000263   Thumb Code     0  startup_stm32f40_41xxx.o(.text)
    DMA2_Stream5_IRQHandler                  0x08000263   Thumb Code     0  startup_stm32f40_41xxx.o(.text)
    DMA2_Stream6_IRQHandler                  0x08000263   Thumb Code     0  startup_stm32f40_41xxx.o(.text)
    ETH_IRQHandler                           0x08000263   Thumb Code     0  startup_stm32f40_41xxx.o(.text)
    ETH_WKUP_IRQHandler                      0x08000263   Thumb Code     0  startup_stm32f40_41xxx.o(.text)
    EXTI0_IRQHandler                         0x08000263   Thumb Code     0  startup_stm32f40_41xxx.o(.text)
    EXTI15_10_IRQHandler                     0x08000263   Thumb Code     0  startup_stm32f40_41xxx.o(.text)
    EXTI1_IRQHandler                         0x08000263   Thumb Code     0  startup_stm32f40_41xxx.o(.text)
    EXTI2_IRQHandler                         0x08000263   Thumb Code     0  startup_stm32f40_41xxx.o(.text)
    EXTI3_IRQHandler                         0x08000263   Thumb Code     0  startup_stm32f40_41xxx.o(.text)
    EXTI4_IRQHandler                         0x08000263   Thumb Code     0  startup_stm32f40_41xxx.o(.text)
    EXTI9_5_IRQHandler                       0x08000263   Thumb Code     0  startup_stm32f40_41xxx.o(.text)
    FLASH_IRQHandler                         0x08000263   Thumb Code     0  startup_stm32f40_41xxx.o(.text)
    FPU_IRQHandler                           0x08000263   Thumb Code     0  startup_stm32f40_41xxx.o(.text)
    FSMC_IRQHandler                          0x08000263   Thumb Code     0  startup_stm32f40_41xxx.o(.text)
    HASH_RNG_IRQHandler                      0x08000263   Thumb Code     0  startup_stm32f40_41xxx.o(.text)
    I2C1_ER_IRQHandler                       0x08000263   Thumb Code     0  startup_stm32f40_41xxx.o(.text)
    I2C1_EV_IRQHandler                       0x08000263   Thumb Code     0  startup_stm32f40_41xxx.o(.text)
    I2C2_ER_IRQHandler                       0x08000263   Thumb Code     0  startup_stm32f40_41xxx.o(.text)
    I2C2_EV_IRQHandler                       0x08000263   Thumb Code     0  startup_stm32f40_41xxx.o(.text)
    I2C3_ER_IRQHandler                       0x08000263   Thumb Code     0  startup_stm32f40_41xxx.o(.text)
    I2C3_EV_IRQHandler                       0x08000263   Thumb Code     0  startup_stm32f40_41xxx.o(.text)
    OTG_FS_IRQHandler                        0x08000263   Thumb Code     0  startup_stm32f40_41xxx.o(.text)
    OTG_FS_WKUP_IRQHandler                   0x08000263   Thumb Code     0  startup_stm32f40_41xxx.o(.text)
    OTG_HS_EP1_IN_IRQHandler                 0x08000263   Thumb Code     0  startup_stm32f40_41xxx.o(.text)
    OTG_HS_EP1_OUT_IRQHandler                0x08000263   Thumb Code     0  startup_stm32f40_41xxx.o(.text)
    OTG_HS_IRQHandler                        0x08000263   Thumb Code     0  startup_stm32f40_41xxx.o(.text)
    OTG_HS_WKUP_IRQHandler                   0x08000263   Thumb Code     0  startup_stm32f40_41xxx.o(.text)
    PVD_IRQHandler                           0x08000263   Thumb Code     0  startup_stm32f40_41xxx.o(.text)
    RCC_IRQHandler                           0x08000263   Thumb Code     0  startup_stm32f40_41xxx.o(.text)
    SDIO_IRQHandler                          0x08000263   Thumb Code     0  startup_stm32f40_41xxx.o(.text)
    SPI1_IRQHandler                          0x08000263   Thumb Code     0  startup_stm32f40_41xxx.o(.text)
    SPI2_IRQHandler                          0x08000263   Thumb Code     0  startup_stm32f40_41xxx.o(.text)
    SPI3_IRQHandler                          0x08000263   Thumb Code     0  startup_stm32f40_41xxx.o(.text)
    TAMP_STAMP_IRQHandler                    0x08000263   Thumb Code     0  startup_stm32f40_41xxx.o(.text)
    TIM1_BRK_TIM9_IRQHandler                 0x08000263   Thumb Code     0  startup_stm32f40_41xxx.o(.text)
    TIM1_CC_IRQHandler                       0x08000263   Thumb Code     0  startup_stm32f40_41xxx.o(.text)
    TIM1_TRG_COM_TIM11_IRQHandler            0x08000263   Thumb Code     0  startup_stm32f40_41xxx.o(.text)
    TIM1_UP_TIM10_IRQHandler                 0x08000263   Thumb Code     0  startup_stm32f40_41xxx.o(.text)
    TIM2_IRQHandler                          0x08000263   Thumb Code     0  startup_stm32f40_41xxx.o(.text)
    TIM5_IRQHandler                          0x08000263   Thumb Code     0  startup_stm32f40_41xxx.o(.text)
    TIM6_DAC_IRQHandler                      0x08000263   Thumb Code     0  startup_stm32f40_41xxx.o(.text)
    TIM7_IRQHandler                          0x08000263   Thumb Code     0  startup_stm32f40_41xxx.o(.text)
    TIM8_BRK_TIM12_IRQHandler                0x08000263   Thumb Code     0  startup_stm32f40_41xxx.o(.text)
    TIM8_CC_IRQHandler                       0x08000263   Thumb Code     0  startup_stm32f40_41xxx.o(.text)
    TIM8_TRG_COM_TIM14_IRQHandler            0x08000263   Thumb Code     0  startup_stm32f40_41xxx.o(.text)
    TIM8_UP_TIM13_IRQHandler                 0x08000263   Thumb Code     0  startup_stm32f40_41xxx.o(.text)
    UART5_IRQHandler                         0x08000263   Thumb Code     0  startup_stm32f40_41xxx.o(.text)
    USART6_IRQHandler                        0x08000263   Thumb Code     0  startup_stm32f40_41xxx.o(.text)
    WWDG_IRQHandler                          0x08000263   Thumb Code     0  startup_stm32f40_41xxx.o(.text)
    __user_initial_stackheap                 0x08000265   Thumb Code     0  startup_stm32f40_41xxx.o(.text)
    __use_no_semihosting                     0x08000289   Thumb Code     2  use_no_semi_2.o(.text)
    __2printf                                0x0800028d   Thumb Code    20  noretval__2printf.o(.text)
    _printf_int_hex                          0x080002a5   Thumb Code    88  _printf_hex_int.o(.text)
    _printf_longlong_hex                     0x080002a5   Thumb Code     0  _printf_hex_int.o(.text)
    __printf                                 0x08000301   Thumb Code   310  __printf_flags_wp.o(.text)
    __aeabi_memcpy                           0x0800043d   Thumb Code     0  rt_memcpy_v6.o(.text)
    __rt_memcpy                              0x0800043d   Thumb Code   138  rt_memcpy_v6.o(.text)
    _memcpy_lastbytes                        0x080004a3   Thumb Code     0  rt_memcpy_v6.o(.text)
    __use_two_region_memory                  0x080004c7   Thumb Code     2  heapauxi.o(.text)
    __rt_heap_escrow$2region                 0x080004c9   Thumb Code     2  heapauxi.o(.text)
    __rt_heap_expand$2region                 0x080004cb   Thumb Code     2  heapauxi.o(.text)
    __I$use$semihosting                      0x080004cd   Thumb Code     0  use_no_semi.o(.text)
    __use_no_semihosting_swi                 0x080004cd   Thumb Code     2  use_no_semi.o(.text)
    _printf_int_common                       0x080004cf   Thumb Code   184  _printf_intcommon.o(.text)
    __lib_sel_fp_printf                      0x08000587   Thumb Code     2  _printf_fp_dec.o(.text)
    _printf_fp_dec_real                      0x08000733   Thumb Code   628  _printf_fp_dec.o(.text)
    _printf_char_file                        0x080009a9   Thumb Code    32  _printf_char_file.o(.text)
    __aeabi_memcpy4                          0x080009cd   Thumb Code     0  rt_memcpy_w.o(.text)
    __aeabi_memcpy8                          0x080009cd   Thumb Code     0  rt_memcpy_w.o(.text)
    __rt_memcpy_w                            0x080009cd   Thumb Code   100  rt_memcpy_w.o(.text)
    _memcpy_lastbytes_aligned                0x08000a15   Thumb Code     0  rt_memcpy_w.o(.text)
    __rt_locale                              0x08000a31   Thumb Code     8  rt_locale_intlibspace.o(.text)
    _ll_udiv10                               0x08000a39   Thumb Code   138  lludiv10.o(.text)
    _printf_char_common                      0x08000acf   Thumb Code    32  _printf_char_common.o(.text)
    _printf_fp_infnan                        0x08000af5   Thumb Code   112  _printf_fp_infnan.o(.text)
    _btod_etento                             0x08000b75   Thumb Code   222  bigflt0.o(.text)
    ferror                                   0x08000c59   Thumb Code     8  ferror.o(.text)
    __user_libspace                          0x08000c61   Thumb Code     8  libspace.o(.text)
    __user_perproc_libspace                  0x08000c61   Thumb Code     0  libspace.o(.text)
    __user_perthread_libspace                0x08000c61   Thumb Code     0  libspace.o(.text)
    __user_setup_stackheap                   0x08000c69   Thumb Code    74  sys_stackheap_outer.o(.text)
    exit                                     0x08000cb3   Thumb Code    12  exit.o(.text)
    strcmp                                   0x08000cc1   Thumb Code   128  strcmpv7m.o(.text)
    _btod_d2e                                0x08000d41   Thumb Code    62  btod.o(CL$$btod_d2e)
    _d2e_denorm_low                          0x08000d7f   Thumb Code    70  btod.o(CL$$btod_d2e_denorm_low)
    _d2e_norm_op1                            0x08000dc5   Thumb Code    96  btod.o(CL$$btod_d2e_norm_op1)
    __btod_div_common                        0x08000e25   Thumb Code   696  btod.o(CL$$btod_div_common)
    _e2e                                     0x0800115d   Thumb Code   198  btod.o(CL$$btod_e2e)
    _btod_ediv                               0x08001223   Thumb Code    40  btod.o(CL$$btod_ediv)
    _btod_emul                               0x0800124b   Thumb Code    40  btod.o(CL$$btod_emul)
    __btod_mult_common                       0x08001273   Thumb Code   580  btod.o(CL$$btod_mult_common)
    AddQueue                                 0x080014b7   Thumb Code   118  protocol.o(i.AddQueue)
    BusFault_Handler                         0x0800152d   Thumb Code     2  kernal.o(i.BusFault_Handler)
    DMA1_Stream2_IRQHandler                  0x08001531   Thumb Code    40  usart.o(i.DMA1_Stream2_IRQHandler)
    DMA1_Stream3_IRQHandler                  0x08001561   Thumb Code    40  usart.o(i.DMA1_Stream3_IRQHandler)
    DMA1_Stream6_IRQHandler                  0x08001591   Thumb Code    38  usart.o(i.DMA1_Stream6_IRQHandler)
    DMA2_Stream7_IRQHandler                  0x080015c5   Thumb Code    40  usart.o(i.DMA2_Stream7_IRQHandler)
    DMA_ClearFlag                            0x080015f5   Thumb Code    32  stm32f4xx_dma.o(i.DMA_ClearFlag)
    DMA_Cmd                                  0x08001621   Thumb Code    20  stm32f4xx_dma.o(i.DMA_Cmd)
    DMA_DeInit                               0x08001635   Thumb Code   272  stm32f4xx_dma.o(i.DMA_DeInit)
    DMA_GetCurrDataCounter                   0x08001759   Thumb Code     6  stm32f4xx_dma.o(i.DMA_GetCurrDataCounter)
    DMA_GetITStatus                          0x08001761   Thumb Code    68  stm32f4xx_dma.o(i.DMA_GetITStatus)
    DMA_ITConfig                             0x080017b5   Thumb Code    44  stm32f4xx_dma.o(i.DMA_ITConfig)
    DMA_Init                                 0x080017e1   Thumb Code    80  stm32f4xx_dma.o(i.DMA_Init)
    DMA_SetCurrDataCounter                   0x08001835   Thumb Code     4  stm32f4xx_dma.o(i.DMA_SetCurrDataCounter)
    DebugMon_Handler                         0x08001839   Thumb Code     2  kernal.o(i.DebugMon_Handler)
    DelayMs                                  0x0800183d   Thumb Code    24  kernal.o(i.DelayMs)
    DelayMs_Sft                              0x08001859   Thumb Code    16  kernal.o(i.DelayMs_Sft)
    DelayUs_Sft                              0x08001869   Thumb Code    34  kernal.o(i.DelayUs_Sft)
    EXTI_ClearITPendingBit                   0x0800188d   Thumb Code     6  stm32f4xx_exti.o(i.EXTI_ClearITPendingBit)
    EnterException                           0x08001899   Thumb Code    22  kernal.o(i.EnterException)
    GPIO_Init                                0x080018c5   Thumb Code   120  stm32f4xx_gpio.o(i.GPIO_Init)
    GPIO_PinAFConfig                         0x0800193d   Thumb Code    32  stm32f4xx_gpio.o(i.GPIO_PinAFConfig)
    GPIO_ResetBits                           0x0800195d   Thumb Code     4  stm32f4xx_gpio.o(i.GPIO_ResetBits)
    GPIO_Set                                 0x08001961   Thumb Code   130  stm32f4xx_gpio.o(i.GPIO_Set)
    GPIO_SetBits                             0x080019e3   Thumb Code     4  stm32f4xx_gpio.o(i.GPIO_SetBits)
    GetTickCount                             0x080019e9   Thumb Code     6  kernal.o(i.GetTickCount)
    HardFault_Handler                        0x080019f5   Thumb Code     2  kernal.o(i.HardFault_Handler)
    LTC2402Init                              0x080019f9   Thumb Code    62  ltc2402.o(i.LTC2402Init)
    LTC2402_GetResistance                    0x08001a3d   Thumb Code   210  ltc2402.o(i.LTC2402_GetResistance)
    LTC2402_ReadByte                         0x08001b35   Thumb Code     6  ltc2402.o(i.LTC2402_ReadByte)
    LTC2402_SWitchInit                       0x08001b3d   Thumb Code   144  ltc2402.o(i.LTC2402_SWitchInit)
    LTC2402_SwitchChannel                    0x08001bd5   Thumb Code   134  ltc2402.o(i.LTC2402_SwitchChannel)
    LTC2402_TEST_EOC                         0x08001c65   Thumb Code    16  ltc2402.o(i.LTC2402_TEST_EOC)
    MemManage_Handler                        0x08001c75   Thumb Code     2  kernal.o(i.MemManage_Handler)
    NMI_Handler                              0x08001c77   Thumb Code     2  kernal.o(i.NMI_Handler)
    NVIC_Init                                0x08001c79   Thumb Code    92  misc.o(i.NVIC_Init)
    NVIC_PriorityGroupConfig                 0x08001cdd   Thumb Code    10  misc.o(i.NVIC_PriorityGroupConfig)
    OsInit                                   0x08001cf1   Thumb Code    78  kernal.o(i.OsInit)
    PendSV_Handler                           0x08001d49   Thumb Code     2  kernal.o(i.PendSV_Handler)
    RCC_AHB1PeriphClockCmd                   0x08001d4d   Thumb Code    18  stm32f4xx_rcc.o(i.RCC_AHB1PeriphClockCmd)
    RCC_APB2PeriphClockCmd                   0x08001d65   Thumb Code    18  stm32f4xx_rcc.o(i.RCC_APB2PeriphClockCmd)
    RCC_APB2PeriphResetCmd                   0x08001d7d   Thumb Code    18  stm32f4xx_rcc.o(i.RCC_APB2PeriphResetCmd)
    RCC_GetClocksFreq                        0x08001d95   Thumb Code   132  stm32f4xx_rcc.o(i.RCC_GetClocksFreq)
    RTC_Alarm_IRQHandler                     0x08001e25   Thumb Code    34  rtc.o(i.RTC_Alarm_IRQHandler)
    RTC_ClearFlag                            0x08001e49   Thumb Code    22  stm32f4xx_rtc.o(i.RTC_ClearFlag)
    RTC_GetFlagStatus                        0x08001e65   Thumb Code    20  stm32f4xx_rtc.o(i.RTC_GetFlagStatus)
    RTC_WKUP_IRQHandler                      0x08001e81   Thumb Code    34  rtc.o(i.RTC_WKUP_IRQHandler)
    SPI1_Init                                0x08001f4d   Thumb Code   180  spi.o(i.SPI1_Init)
    SPI1_ReadWriteByte                       0x08002009   Thumb Code    76  spi.o(i.SPI1_ReadWriteByte)
    SPI1_SetSpeed                            0x08002059   Thumb Code    24  spi.o(i.SPI1_SetSpeed)
    SPI_Cmd                                  0x08002075   Thumb Code    20  stm32f4xx_spi.o(i.SPI_Cmd)
    SPI_I2S_GetFlagStatus                    0x08002089   Thumb Code    14  stm32f4xx_spi.o(i.SPI_I2S_GetFlagStatus)
    SPI_I2S_ReceiveData                      0x08002097   Thumb Code     4  stm32f4xx_spi.o(i.SPI_I2S_ReceiveData)
    SPI_I2S_SendData                         0x0800209b   Thumb Code     4  stm32f4xx_spi.o(i.SPI_I2S_SendData)
    SPI_Init                                 0x0800209f   Thumb Code    56  stm32f4xx_spi.o(i.SPI_Init)
    SVC_Handler                              0x080020d7   Thumb Code     2  kernal.o(i.SVC_Handler)
    SysTick_Handler                          0x0800218d   Thumb Code    34  kernal.o(i.SysTick_Handler)
    SystemInit                               0x080021b5   Thumb Code    74  system_stm32f4xx.o(i.SystemInit)
    TIM3_IRQHandler                          0x08002211   Thumb Code    60  freqmeasurement.o(i.TIM3_IRQHandler)
    TIM4_IRQHandler                          0x08002255   Thumb Code   118  freqmeasurement.o(i.TIM4_IRQHandler)
    TIM_ClearITPendingBit                    0x080022dd   Thumb Code     6  stm32f4xx_tim.o(i.TIM_ClearITPendingBit)
    TIM_Cmd                                  0x080022e3   Thumb Code    20  stm32f4xx_tim.o(i.TIM_Cmd)
    TIM_GetITStatus                          0x080022f7   Thumb Code    24  stm32f4xx_tim.o(i.TIM_GetITStatus)
    TestLtc2402                              0x08002311   Thumb Code    48  testltc2402.o(i.TestLtc2402)
    UART4_IRQHandler                         0x0800235d   Thumb Code    86  usart.o(i.UART4_IRQHandler)
    USART1_IRQHandler                        0x080023c1   Thumb Code    82  usart.o(i.USART1_IRQHandler)
    USART2_IRQHandler                        0x08002425   Thumb Code    84  usart.o(i.USART2_IRQHandler)
    USART3_IRQHandler                        0x08002489   Thumb Code    84  usart.o(i.USART3_IRQHandler)
    USART_Cmd                                0x080024ed   Thumb Code    20  stm32f4xx_usart.o(i.USART_Cmd)
    USART_DMACmd                             0x08002501   Thumb Code    16  stm32f4xx_usart.o(i.USART_DMACmd)
    USART_GetFlagStatus                      0x08002511   Thumb Code    14  stm32f4xx_usart.o(i.USART_GetFlagStatus)
    USART_GetITStatus                        0x0800251f   Thumb Code    62  stm32f4xx_usart.o(i.USART_GetITStatus)
    USART_ITConfig                           0x0800255d   Thumb Code    48  stm32f4xx_usart.o(i.USART_ITConfig)
    USART_Init                               0x0800258d   Thumb Code   174  stm32f4xx_usart.o(i.USART_Init)
    USART_SendData                           0x08002645   Thumb Code     8  stm32f4xx_usart.o(i.USART_SendData)
    UsageFault_Handler                       0x0800264d   Thumb Code     2  kernal.o(i.UsageFault_Handler)
    __ARM_fpclassify                         0x0800264f   Thumb Code    48  fpclassify.o(i.__ARM_fpclassify)
    _is_digit                                0x0800267f   Thumb Code    14  __printf_wp.o(i._is_digit)
    _sys_exit                                0x0800268d   Thumb Code     2  usart.o(i._sys_exit)
    fputc                                    0x08002691   Thumb Code    14  usart.o(i.fputc)
    main                                     0x080026a5   Thumb Code    28  main.o(i.main)
    my_mem_init                              0x080026c1   Thumb Code    54  malloc.o(i.my_mem_init)
    my_mem_malloc                            0x080026fd   Thumb Code   168  malloc.o(i.my_mem_malloc)
    my_mem_perused                           0x080027a9   Thumb Code    66  malloc.o(i.my_mem_perused)
    mymalloc                                 0x080027f1   Thumb Code    34  malloc.o(i.mymalloc)
    mymemset                                 0x08002819   Thumb Code    20  malloc.o(i.mymemset)
    uart1_init                               0x0800282d   Thumb Code   608  usart.o(i.uart1_init)
    _get_lc_numeric                          0x08002a9d   Thumb Code    44  lc_numeric_c.o(locale$$code)
    __aeabi_dadd                             0x08002ac9   Thumb Code     0  daddsub_clz.o(x$fpl$dadd)
    _dadd                                    0x08002ac9   Thumb Code   332  daddsub_clz.o(x$fpl$dadd)
    __fpl_dcmp_Inf                           0x08002c19   Thumb Code    24  dcmpi.o(x$fpl$dcmpinf)
    __aeabi_ddiv                             0x08002c31   Thumb Code     0  ddiv.o(x$fpl$ddiv)
    _ddiv                                    0x08002c31   Thumb Code   552  ddiv.o(x$fpl$ddiv)
    __aeabi_ui2d                             0x08002ee1   Thumb Code     0  dflt_clz.o(x$fpl$dfltu)
    _dfltu                                   0x08002ee1   Thumb Code    38  dflt_clz.o(x$fpl$dfltu)
    __aeabi_cdcmple                          0x08002f09   Thumb Code     0  dleqf.o(x$fpl$dleqf)
    _dcmple                                  0x08002f09   Thumb Code   120  dleqf.o(x$fpl$dleqf)
    __fpl_dcmple_InfNaN                      0x08002f6b   Thumb Code     0  dleqf.o(x$fpl$dleqf)
    __aeabi_dmul                             0x08002f81   Thumb Code     0  dmul.o(x$fpl$dmul)
    _dmul                                    0x08002f81   Thumb Code   332  dmul.o(x$fpl$dmul)
    __fpl_dnaninf                            0x080030d5   Thumb Code   156  dnaninf.o(x$fpl$dnaninf)
    __fpl_dretinf                            0x08003171   Thumb Code    12  dretinf.o(x$fpl$dretinf)
    __aeabi_cdrcmple                         0x0800317d   Thumb Code     0  drleqf.o(x$fpl$drleqf)
    _drcmple                                 0x0800317d   Thumb Code   108  drleqf.o(x$fpl$drleqf)
    __aeabi_dsub                             0x080031e9   Thumb Code     0  daddsub_clz.o(x$fpl$dsub)
    _dsub                                    0x080031e9   Thumb Code   464  daddsub_clz.o(x$fpl$dsub)
    _fp_init                                 0x080033bd   Thumb Code    10  fpinit.o(x$fpl$fpinit)
    __fplib_config_fpu_vfp                   0x080033c5   Thumb Code     0  fpinit.o(x$fpl$fpinit)
    __fplib_config_pureend_doubles           0x080033c5   Thumb Code     0  fpinit.o(x$fpl$fpinit)
    _printf_fp_dec                           0x080033c7   Thumb Code     4  printf1.o(x$fpl$printf1)
    __I$use$fp                               0x080033ca   Number         0  usenofp.o(x$fpl$usenofp)
    Region$$Table$$Base                      0x08003498   Number         0  anon$$obj.o(Region$$Table)
    Region$$Table$$Limit                     0x080034b8   Number         0  anon$$obj.o(Region$$Table)
    mem3base                                 0x10000000   Data       61440  malloc.o(.ARM.__AT_0x10000000)
    mem3mapbase                              0x1000f000   Data        3840  malloc.o(.ARM.__AT_0x1000F000)
    memtblsize                               0x20000000   Data          12  malloc.o(.data)
    memblksize                               0x2000000c   Data          12  malloc.o(.data)
    memsize                                  0x20000018   Data          12  malloc.o(.data)
    mallco_dev                               0x20000024   Data          36  malloc.o(.data)
    g_bStorage                               0x20000080   Data           4  usart.o(.data)
    g_pUsart1_rx_buf                         0x20000094   Data           4  usart.o(.data)
    g_pUsart2_rx_buf                         0x20000098   Data           4  usart.o(.data)
    g_pUsart3_rx_buf                         0x2000009c   Data           4  usart.o(.data)
    g_pUsart4_rx_buf                         0x200000a0   Data           4  usart.o(.data)
    pUsart1Data                              0x200000a4   Data           4  usart.o(.data)
    pUsart2Data                              0x200000a8   Data           4  usart.o(.data)
    pUsart3Data                              0x200000ac   Data           4  usart.o(.data)
    pUsart4Data                              0x200000b0   Data           4  usart.o(.data)
    pQueueUsart1Info                         0x200000b4   Data           4  usart.o(.data)
    pQueueUsart2Info                         0x200000b8   Data           4  usart.o(.data)
    pQueueUsart3Info                         0x200000bc   Data           4  usart.o(.data)
    pQueueUsart4Info                         0x200000c0   Data           4  usart.o(.data)
    g_cUsart1Info                            0x200000c4   Data           6  usart.o(.data)
    g_cUsart2Info                            0x200000ca   Data           6  usart.o(.data)
    g_cUsart3Info                            0x200000d0   Data           6  usart.o(.data)
    g_cUsart4Info                            0x200000d6   Data           6  usart.o(.data)
    __stdout                                 0x200000dc   Data           4  usart.o(.data)
    PulseNUM                                 0x200000e0   Data           1  freqmeasurement.o(.data)
    measureflag                              0x200000e1   Data           1  freqmeasurement.o(.data)
    PulseNumFlag                             0x200000e2   Data           1  freqmeasurement.o(.data)
    CountTimes                               0x200000e4   Data           4  freqmeasurement.o(.data)
    OnFreq                                   0x200000e8   Data           8  freqmeasurement.o(.data)
    mem1base                                 0x20000100   Data       102400  malloc.o(.bss)
    mem1mapbase                              0x20019100   Data        6400  malloc.o(.bss)
    __libspace_start                         0x2001aa10   Data          96  libspace.o(.bss)
    __temporary_stack_top$libspace           0x2001aa70   Data           0  libspace.o(.bss)
    mem2base                                 0x68000000   Data       983040  malloc.o(.ARM.__AT_0x68000000)
    mem2mapbase                              0x680f0000   Data       61440  malloc.o(.ARM.__AT_0x680F0000)



==============================================================================

Memory Map of the image

  Image Entry point : 0x08000189

  Load Region LR_IROM1 (Base: 0x08000000, Size: 0x000035c4, Max: 0x00100000, ABSOLUTE)

    Execution Region ER_IROM1 (Base: 0x08000000, Size: 0x000034d4, Max: 0x00100000, ABSOLUTE)

    Base Addr    Size         Type   Attr      Idx    E Section Name        Object

    0x08000000   0x00000188   Data   RO          143    RESET               startup_stm32f40_41xxx.o
    0x08000188   0x00000008   Code   RO         4304  * !!!main             c_w.l(__main.o)
    0x08000190   0x00000034   Code   RO         4587    !!!scatter          c_w.l(__scatter.o)
    0x080001c4   0x0000001a   Code   RO         4589    !!handler_copy      c_w.l(__scatter_copy.o)
    0x080001de   0x00000002   PAD
    0x080001e0   0x0000001c   Code   RO         4591    !!handler_zi        c_w.l(__scatter_zi.o)
    0x080001fc   0x00000000   Code   RO         4295    .ARM.Collect$$_printf_percent$$00000000  c_w.l(_printf_percent.o)
    0x080001fc   0x00000006   Code   RO         4294    .ARM.Collect$$_printf_percent$$00000003  c_w.l(_printf_f.o)
    0x08000202   0x00000006   Code   RO         4292    .ARM.Collect$$_printf_percent$$0000000C  c_w.l(_printf_x.o)
    0x08000208   0x00000004   Code   RO         4367    .ARM.Collect$$_printf_percent$$00000017  c_w.l(_printf_percent_end.o)
    0x0800020c   0x00000002   Code   RO         4467    .ARM.Collect$$libinit$$00000000  c_w.l(libinit.o)
    0x0800020e   0x00000004   Code   RO         4468    .ARM.Collect$$libinit$$00000001  c_w.l(libinit2.o)
    0x08000212   0x00000000   Code   RO         4472    .ARM.Collect$$libinit$$00000008  c_w.l(libinit2.o)
    0x08000212   0x00000000   Code   RO         4474    .ARM.Collect$$libinit$$0000000A  c_w.l(libinit2.o)
    0x08000212   0x00000000   Code   RO         4476    .ARM.Collect$$libinit$$0000000C  c_w.l(libinit2.o)
    0x08000212   0x00000006   Code   RO         4477    .ARM.Collect$$libinit$$0000000D  c_w.l(libinit2.o)
    0x08000218   0x00000000   Code   RO         4479    .ARM.Collect$$libinit$$0000000F  c_w.l(libinit2.o)
    0x08000218   0x00000000   Code   RO         4481    .ARM.Collect$$libinit$$00000011  c_w.l(libinit2.o)
    0x08000218   0x00000000   Code   RO         4483    .ARM.Collect$$libinit$$00000013  c_w.l(libinit2.o)
    0x08000218   0x0000000a   Code   RO         4484    .ARM.Collect$$libinit$$00000014  c_w.l(libinit2.o)
    0x08000222   0x00000000   Code   RO         4485    .ARM.Collect$$libinit$$00000015  c_w.l(libinit2.o)
    0x08000222   0x00000000   Code   RO         4487    .ARM.Collect$$libinit$$00000017  c_w.l(libinit2.o)
    0x08000222   0x00000000   Code   RO         4489    .ARM.Collect$$libinit$$00000019  c_w.l(libinit2.o)
    0x08000222   0x00000000   Code   RO         4491    .ARM.Collect$$libinit$$0000001B  c_w.l(libinit2.o)
    0x08000222   0x00000000   Code   RO         4493    .ARM.Collect$$libinit$$0000001D  c_w.l(libinit2.o)
    0x08000222   0x00000000   Code   RO         4495    .ARM.Collect$$libinit$$0000001F  c_w.l(libinit2.o)
    0x08000222   0x00000000   Code   RO         4497    .ARM.Collect$$libinit$$00000021  c_w.l(libinit2.o)
    0x08000222   0x00000000   Code   RO         4499    .ARM.Collect$$libinit$$00000023  c_w.l(libinit2.o)
    0x08000222   0x00000000   Code   RO         4503    .ARM.Collect$$libinit$$0000002A  c_w.l(libinit2.o)
    0x08000222   0x00000000   Code   RO         4505    .ARM.Collect$$libinit$$0000002C  c_w.l(libinit2.o)
    0x08000222   0x00000000   Code   RO         4507    .ARM.Collect$$libinit$$0000002E  c_w.l(libinit2.o)
    0x08000222   0x00000000   Code   RO         4509    .ARM.Collect$$libinit$$00000030  c_w.l(libinit2.o)
    0x08000222   0x00000002   Code   RO         4510    .ARM.Collect$$libinit$$00000031  c_w.l(libinit2.o)
    0x08000224   0x00000002   Code   RO         4538    .ARM.Collect$$libshutdown$$00000000  c_w.l(libshutdown.o)
    0x08000226   0x00000000   Code   RO         4548    .ARM.Collect$$libshutdown$$00000003  c_w.l(libshutdown2.o)
    0x08000226   0x00000000   Code   RO         4551    .ARM.Collect$$libshutdown$$00000006  c_w.l(libshutdown2.o)
    0x08000226   0x00000000   Code   RO         4554    .ARM.Collect$$libshutdown$$00000009  c_w.l(libshutdown2.o)
    0x08000226   0x00000000   Code   RO         4556    .ARM.Collect$$libshutdown$$0000000B  c_w.l(libshutdown2.o)
    0x08000226   0x00000000   Code   RO         4559    .ARM.Collect$$libshutdown$$0000000E  c_w.l(libshutdown2.o)
    0x08000226   0x00000002   Code   RO         4560    .ARM.Collect$$libshutdown$$0000000F  c_w.l(libshutdown2.o)
    0x08000228   0x00000000   Code   RO         4358    .ARM.Collect$$rtentry$$00000000  c_w.l(rtentry.o)
    0x08000228   0x00000000   Code   RO         4385    .ARM.Collect$$rtentry$$00000002  c_w.l(rtentry2.o)
    0x08000228   0x00000006   Code   RO         4397    .ARM.Collect$$rtentry$$00000004  c_w.l(rtentry4.o)
    0x0800022e   0x00000000   Code   RO         4387    .ARM.Collect$$rtentry$$00000009  c_w.l(rtentry2.o)
    0x0800022e   0x00000004   Code   RO         4388    .ARM.Collect$$rtentry$$0000000A  c_w.l(rtentry2.o)
    0x08000232   0x00000000   Code   RO         4390    .ARM.Collect$$rtentry$$0000000C  c_w.l(rtentry2.o)
    0x08000232   0x00000008   Code   RO         4391    .ARM.Collect$$rtentry$$0000000D  c_w.l(rtentry2.o)
    0x0800023a   0x00000002   Code   RO         4511    .ARM.Collect$$rtexit$$00000000  c_w.l(rtexit.o)
    0x0800023c   0x00000000   Code   RO         4518    .ARM.Collect$$rtexit$$00000002  c_w.l(rtexit2.o)
    0x0800023c   0x00000004   Code   RO         4519    .ARM.Collect$$rtexit$$00000003  c_w.l(rtexit2.o)
    0x08000240   0x00000006   Code   RO         4520    .ARM.Collect$$rtexit$$00000004  c_w.l(rtexit2.o)
    0x08000246   0x00000002   PAD
    0x08000248   0x00000040   Code   RO          144    .text               startup_stm32f40_41xxx.o
    0x08000288   0x00000002   Code   RO         4239    .text               c_w.l(use_no_semi_2.o)
    0x0800028a   0x00000002   PAD
    0x0800028c   0x00000018   Code   RO         4243    .text               c_w.l(noretval__2printf.o)
    0x080002a4   0x0000005c   Code   RO         4254    .text               c_w.l(_printf_hex_int.o)
    0x08000300   0x0000013c   Code   RO         4284    .text               c_w.l(__printf_flags_wp.o)
    0x0800043c   0x0000008a   Code   RO         4298    .text               c_w.l(rt_memcpy_v6.o)
    0x080004c6   0x00000006   Code   RO         4302    .text               c_w.l(heapauxi.o)
    0x080004cc   0x00000002   Code   RO         4356    .text               c_w.l(use_no_semi.o)
    0x080004ce   0x000000b8   Code   RO         4361    .text               c_w.l(_printf_intcommon.o)
    0x08000586   0x00000420   Code   RO         4363    .text               c_w.l(_printf_fp_dec.o)
    0x080009a6   0x00000002   PAD
    0x080009a8   0x00000024   Code   RO         4365    .text               c_w.l(_printf_char_file.o)
    0x080009cc   0x00000064   Code   RO         4368    .text               c_w.l(rt_memcpy_w.o)
    0x08000a30   0x00000008   Code   RO         4402    .text               c_w.l(rt_locale_intlibspace.o)
    0x08000a38   0x0000008a   Code   RO         4409    .text               c_w.l(lludiv10.o)
    0x08000ac2   0x00000002   PAD
    0x08000ac4   0x00000030   Code   RO         4411    .text               c_w.l(_printf_char_common.o)
    0x08000af4   0x00000080   Code   RO         4413    .text               c_w.l(_printf_fp_infnan.o)
    0x08000b74   0x000000e4   Code   RO         4415    .text               c_w.l(bigflt0.o)
    0x08000c58   0x00000008   Code   RO         4440    .text               c_w.l(ferror.o)
    0x08000c60   0x00000008   Code   RO         4451    .text               c_w.l(libspace.o)
    0x08000c68   0x0000004a   Code   RO         4454    .text               c_w.l(sys_stackheap_outer.o)
    0x08000cb2   0x0000000c   Code   RO         4458    .text               c_w.l(exit.o)
    0x08000cbe   0x00000002   PAD
    0x08000cc0   0x00000080   Code   RO         4460    .text               c_w.l(strcmpv7m.o)
    0x08000d40   0x0000003e   Code   RO         4418    CL$$btod_d2e        c_w.l(btod.o)
    0x08000d7e   0x00000046   Code   RO         4420    CL$$btod_d2e_denorm_low  c_w.l(btod.o)
    0x08000dc4   0x00000060   Code   RO         4419    CL$$btod_d2e_norm_op1  c_w.l(btod.o)
    0x08000e24   0x00000338   Code   RO         4428    CL$$btod_div_common  c_w.l(btod.o)
    0x0800115c   0x000000c6   Code   RO         4425    CL$$btod_e2e        c_w.l(btod.o)
    0x08001222   0x00000028   Code   RO         4422    CL$$btod_ediv       c_w.l(btod.o)
    0x0800124a   0x00000028   Code   RO         4421    CL$$btod_emul       c_w.l(btod.o)
    0x08001272   0x00000244   Code   RO         4427    CL$$btod_mult_common  c_w.l(btod.o)
    0x080014b6   0x00000076   Code   RO         3397    i.AddQueue          protocol.o
    0x0800152c   0x00000002   Code   RO          240    i.BusFault_Handler  kernal.o
    0x0800152e   0x00000002   PAD
    0x08001530   0x00000030   Code   RO         3448    i.DMA1_Stream2_IRQHandler  usart.o
    0x08001560   0x00000030   Code   RO         3449    i.DMA1_Stream3_IRQHandler  usart.o
    0x08001590   0x00000034   Code   RO         3450    i.DMA1_Stream6_IRQHandler  usart.o
    0x080015c4   0x00000030   Code   RO         3451    i.DMA2_Stream7_IRQHandler  usart.o
    0x080015f4   0x0000002c   Code   RO          673    i.DMA_ClearFlag     stm32f4xx_dma.o
    0x08001620   0x00000014   Code   RO          675    i.DMA_Cmd           stm32f4xx_dma.o
    0x08001634   0x00000124   Code   RO          676    i.DMA_DeInit        stm32f4xx_dma.o
    0x08001758   0x00000006   Code   RO          681    i.DMA_GetCurrDataCounter  stm32f4xx_dma.o
    0x0800175e   0x00000002   PAD
    0x08001760   0x00000054   Code   RO          685    i.DMA_GetITStatus   stm32f4xx_dma.o
    0x080017b4   0x0000002c   Code   RO          686    i.DMA_ITConfig      stm32f4xx_dma.o
    0x080017e0   0x00000054   Code   RO          687    i.DMA_Init          stm32f4xx_dma.o
    0x08001834   0x00000004   Code   RO          690    i.DMA_SetCurrDataCounter  stm32f4xx_dma.o
    0x08001838   0x00000002   Code   RO          241    i.DebugMon_Handler  kernal.o
    0x0800183a   0x00000002   PAD
    0x0800183c   0x0000001c   Code   RO          242    i.DelayMs           kernal.o
    0x08001858   0x00000010   Code   RO          243    i.DelayMs_Sft       kernal.o
    0x08001868   0x00000022   Code   RO          244    i.DelayUs_Sft       kernal.o
    0x0800188a   0x00000002   PAD
    0x0800188c   0x0000000c   Code   RO          802    i.EXTI_ClearITPendingBit  stm32f4xx_exti.o
    0x08001898   0x0000002c   Code   RO          245    i.EnterException    kernal.o
    0x080018c4   0x00000078   Code   RO         1249    i.GPIO_Init         stm32f4xx_gpio.o
    0x0800193c   0x00000020   Code   RO         1250    i.GPIO_PinAFConfig  stm32f4xx_gpio.o
    0x0800195c   0x00000004   Code   RO         1256    i.GPIO_ResetBits    stm32f4xx_gpio.o
    0x08001960   0x00000082   Code   RO         1257    i.GPIO_Set          stm32f4xx_gpio.o
    0x080019e2   0x00000004   Code   RO         1258    i.GPIO_SetBits      stm32f4xx_gpio.o
    0x080019e6   0x00000002   PAD
    0x080019e8   0x0000000c   Code   RO          247    i.GetTickCount      kernal.o
    0x080019f4   0x00000002   Code   RO          248    i.HardFault_Handler  kernal.o
    0x080019f6   0x00000002   PAD
    0x080019f8   0x00000044   Code   RO         3823    i.LTC2402Init       ltc2402.o
    0x08001a3c   0x000000f8   Code   RO         3825    i.LTC2402_GetResistance  ltc2402.o
    0x08001b34   0x00000006   Code   RO         3826    i.LTC2402_ReadByte  ltc2402.o
    0x08001b3a   0x00000002   PAD
    0x08001b3c   0x00000098   Code   RO         3827    i.LTC2402_SWitchInit  ltc2402.o
    0x08001bd4   0x00000090   Code   RO         3828    i.LTC2402_SwitchChannel  ltc2402.o
    0x08001c64   0x00000010   Code   RO         3829    i.LTC2402_TEST_EOC  ltc2402.o
    0x08001c74   0x00000002   Code   RO          250    i.MemManage_Handler  kernal.o
    0x08001c76   0x00000002   Code   RO          251    i.NMI_Handler       kernal.o
    0x08001c78   0x00000064   Code   RO          387    i.NVIC_Init         misc.o
    0x08001cdc   0x00000014   Code   RO          388    i.NVIC_PriorityGroupConfig  misc.o
    0x08001cf0   0x00000058   Code   RO          252    i.OsInit            kernal.o
    0x08001d48   0x00000002   Code   RO          253    i.PendSV_Handler    kernal.o
    0x08001d4a   0x00000002   PAD
    0x08001d4c   0x00000018   Code   RO         1352    i.RCC_AHB1PeriphClockCmd  stm32f4xx_rcc.o
    0x08001d64   0x00000018   Code   RO         1364    i.RCC_APB2PeriphClockCmd  stm32f4xx_rcc.o
    0x08001d7c   0x00000018   Code   RO         1366    i.RCC_APB2PeriphResetCmd  stm32f4xx_rcc.o
    0x08001d94   0x00000090   Code   RO         1373    i.RCC_GetClocksFreq  stm32f4xx_rcc.o
    0x08001e24   0x00000022   Code   RO         3763    i.RTC_Alarm_IRQHandler  rtc.o
    0x08001e46   0x00000002   PAD
    0x08001e48   0x0000001c   Code   RO         2843    i.RTC_ClearFlag     stm32f4xx_rtc.o
    0x08001e64   0x0000001c   Code   RO         2855    i.RTC_GetFlagStatus  stm32f4xx_rtc.o
    0x08001e80   0x00000022   Code   RO         3764    i.RTC_WKUP_IRQHandler  rtc.o
    0x08001ea2   0x00000002   PAD
    0x08001ea4   0x000000a8   Code   RO         3455    i.ReceiveUsartData  usart.o
    0x08001f4c   0x000000bc   Code   RO         3898    i.SPI1_Init         spi.o
    0x08002008   0x00000050   Code   RO         3899    i.SPI1_ReadWriteByte  spi.o
    0x08002058   0x0000001c   Code   RO         3900    i.SPI1_SetSpeed     spi.o
    0x08002074   0x00000014   Code   RO         1886    i.SPI_Cmd           stm32f4xx_spi.o
    0x08002088   0x0000000e   Code   RO         1894    i.SPI_I2S_GetFlagStatus  stm32f4xx_spi.o
    0x08002096   0x00000004   Code   RO         1897    i.SPI_I2S_ReceiveData  stm32f4xx_spi.o
    0x0800209a   0x00000004   Code   RO         1898    i.SPI_I2S_SendData  stm32f4xx_spi.o
    0x0800209e   0x00000038   Code   RO         1899    i.SPI_Init          stm32f4xx_spi.o
    0x080020d6   0x00000002   Code   RO          254    i.SVC_Handler       kernal.o
    0x080020d8   0x000000b4   Code   RO            3    i.SetSysClock       system_stm32f4xx.o
    0x0800218c   0x00000028   Code   RO          257    i.SysTick_Handler   kernal.o
    0x080021b4   0x0000005c   Code   RO            5    i.SystemInit        system_stm32f4xx.o
    0x08002210   0x00000044   Code   RO         3935    i.TIM3_IRQHandler   freqmeasurement.o
    0x08002254   0x00000088   Code   RO         3936    i.TIM4_IRQHandler   freqmeasurement.o
    0x080022dc   0x00000006   Code   RO         2109    i.TIM_ClearITPendingBit  stm32f4xx_tim.o
    0x080022e2   0x00000014   Code   RO         2114    i.TIM_Cmd           stm32f4xx_tim.o
    0x080022f6   0x00000018   Code   RO         2135    i.TIM_GetITStatus   stm32f4xx_tim.o
    0x0800230e   0x00000002   PAD
    0x08002310   0x0000004c   Code   RO         4195    i.TestLtc2402       testltc2402.o
    0x0800235c   0x00000064   Code   RO         3457    i.UART4_IRQHandler  usart.o
    0x080023c0   0x00000064   Code   RO         3459    i.USART1_IRQHandler  usart.o
    0x08002424   0x00000064   Code   RO         3461    i.USART2_IRQHandler  usart.o
    0x08002488   0x00000064   Code   RO         3463    i.USART3_IRQHandler  usart.o
    0x080024ec   0x00000014   Code   RO         2651    i.USART_Cmd         stm32f4xx_usart.o
    0x08002500   0x00000010   Code   RO         2652    i.USART_DMACmd      stm32f4xx_usart.o
    0x08002510   0x0000000e   Code   RO         2654    i.USART_GetFlagStatus  stm32f4xx_usart.o
    0x0800251e   0x0000003e   Code   RO         2655    i.USART_GetITStatus  stm32f4xx_usart.o
    0x0800255c   0x00000030   Code   RO         2657    i.USART_ITConfig    stm32f4xx_usart.o
    0x0800258c   0x000000b8   Code   RO         2658    i.USART_Init        stm32f4xx_usart.o
    0x08002644   0x00000008   Code   RO         2668    i.USART_SendData    stm32f4xx_usart.o
    0x0800264c   0x00000002   Code   RO          258    i.UsageFault_Handler  kernal.o
    0x0800264e   0x00000030   Code   RO         4449    i.__ARM_fpclassify  m_wm.l(fpclassify.o)
    0x0800267e   0x0000000e   Code   RO         4282    i._is_digit         c_w.l(__printf_wp.o)
    0x0800268c   0x00000002   Code   RO         3469    i._sys_exit         usart.o
    0x0800268e   0x00000002   PAD
    0x08002690   0x00000014   Code   RO         3470    i.fputc             usart.o
    0x080026a4   0x0000001c   Code   RO         3361    i.main              main.o
    0x080026c0   0x0000003c   Code   RO          149    i.my_mem_init       malloc.o
    0x080026fc   0x000000ac   Code   RO          150    i.my_mem_malloc     malloc.o
    0x080027a8   0x00000048   Code   RO          151    i.my_mem_perused    malloc.o
    0x080027f0   0x00000028   Code   RO          153    i.mymalloc          malloc.o
    0x08002818   0x00000014   Code   RO          155    i.mymemset          malloc.o
    0x0800282c   0x00000270   Code   RO         3472    i.uart1_init        usart.o
    0x08002a9c   0x0000002c   Code   RO         4445    locale$$code        c_w.l(lc_numeric_c.o)
    0x08002ac8   0x00000150   Code   RO         4306    x$fpl$dadd          fz_wm.l(daddsub_clz.o)
    0x08002c18   0x00000018   Code   RO         4370    x$fpl$dcmpinf       fz_wm.l(dcmpi.o)
    0x08002c30   0x000002b0   Code   RO         4313    x$fpl$ddiv          fz_wm.l(ddiv.o)
    0x08002ee0   0x00000026   Code   RO         4316    x$fpl$dfltu         fz_wm.l(dflt_clz.o)
    0x08002f06   0x00000002   PAD
    0x08002f08   0x00000078   Code   RO         4322    x$fpl$dleqf         fz_wm.l(dleqf.o)
    0x08002f80   0x00000154   Code   RO         4324    x$fpl$dmul          fz_wm.l(dmul.o)
    0x080030d4   0x0000009c   Code   RO         4374    x$fpl$dnaninf       fz_wm.l(dnaninf.o)
    0x08003170   0x0000000c   Code   RO         4376    x$fpl$dretinf       fz_wm.l(dretinf.o)
    0x0800317c   0x0000006c   Code   RO         4326    x$fpl$drleqf        fz_wm.l(drleqf.o)
    0x080031e8   0x000001d4   Code   RO         4308    x$fpl$dsub          fz_wm.l(daddsub_clz.o)
    0x080033bc   0x0000000a   Code   RO         4515    x$fpl$fpinit        fz_wm.l(fpinit.o)
    0x080033c6   0x00000004   Code   RO         4328    x$fpl$printf1       fz_wm.l(printf1.o)
    0x080033ca   0x00000000   Code   RO         4380    x$fpl$usenofp       fz_wm.l(usenofp.o)
    0x080033ca   0x00000028   Data   RO         4255    .constdata          c_w.l(_printf_hex_int.o)
    0x080033f2   0x00000011   Data   RO         4285    .constdata          c_w.l(__printf_flags_wp.o)
    0x08003403   0x00000001   PAD
    0x08003404   0x00000094   Data   RO         4416    .constdata          c_w.l(bigflt0.o)
    0x08003498   0x00000020   Data   RO         4585    Region$$Table       anon$$obj.o
    0x080034b8   0x0000001c   Data   RO         4444    locale$$data        c_w.l(lc_numeric_c.o)


    Execution Region RW_IRAM1 (Base: 0x20000000, Size: 0x0001b070, Max: 0x00020000, ABSOLUTE)

    Base Addr    Size         Type   Attr      Idx    E Section Name        Object

    0x20000000   0x00000048   Data   RW          163    .data               malloc.o
    0x20000048   0x00000008   Data   RW          260    .data               kernal.o
    0x20000050   0x00000010   Data   RW         1405    .data               stm32f4xx_rcc.o
    0x20000060   0x0000007c   Data   RW         3476    .data               usart.o
    0x200000dc   0x00000004   Data   RW         3477    .data               usart.o
    0x200000e0   0x00000010   Data   RW         3938    .data               freqmeasurement.o
    0x200000f0   0x00000010   PAD
    0x20000100   0x00019000   Zero   RW          161    .bss                malloc.o
    0x20019100   0x00001900   Zero   RW          162    .bss                malloc.o
    0x2001aa00   0x00000010   Zero   RW          259    .bss                kernal.o
    0x2001aa10   0x00000060   Zero   RW         4452    .bss                c_w.l(libspace.o)
    0x2001aa70   0x00000200   Zero   RW          142    HEAP                startup_stm32f40_41xxx.o
    0x2001ac70   0x00000400   Zero   RW          141    STACK               startup_stm32f40_41xxx.o



  Load Region LR$$.ARM.__AT_0x10000000 (Base: 0x10000000, Size: 0x00000000, Max: 0x0000f000, ABSOLUTE)

    Execution Region ER$$.ARM.__AT_0x10000000 (Base: 0x10000000, Size: 0x0000f000, Max: 0x0000f000, ABSOLUTE, UNINIT)

    Base Addr    Size         Type   Attr      Idx    E Section Name        Object

    0x10000000   0x0000f000   Zero   RW          157    .ARM.__AT_0x10000000  malloc.o



  Load Region LR$$.ARM.__AT_0x1000F000 (Base: 0x1000f000, Size: 0x00000000, Max: 0x00000f00, ABSOLUTE)

    Execution Region ER$$.ARM.__AT_0x1000F000 (Base: 0x1000f000, Size: 0x00000f00, Max: 0x00000f00, ABSOLUTE, UNINIT)

    Base Addr    Size         Type   Attr      Idx    E Section Name        Object

    0x1000f000   0x00000f00   Zero   RW          158    .ARM.__AT_0x1000F000  malloc.o



  Load Region LR$$.ARM.__AT_0x68000000 (Base: 0x68000000, Size: 0x00000000, Max: 0x000f0000, ABSOLUTE)

    Execution Region ER$$.ARM.__AT_0x68000000 (Base: 0x68000000, Size: 0x000f0000, Max: 0x000f0000, ABSOLUTE, UNINIT)

    Base Addr    Size         Type   Attr      Idx    E Section Name        Object

    0x68000000   0x000f0000   Zero   RW          159    .ARM.__AT_0x68000000  malloc.o



  Load Region LR$$.ARM.__AT_0x680F0000 (Base: 0x680f0000, Size: 0x00000000, Max: 0x0000f000, ABSOLUTE)

    Execution Region ER$$.ARM.__AT_0x680F0000 (Base: 0x680f0000, Size: 0x0000f000, Max: 0x0000f000, ABSOLUTE, UNINIT)

    Base Addr    Size         Type   Attr      Idx    E Section Name        Object

    0x680f0000   0x0000f000   Zero   RW          160    .ARM.__AT_0x680F0000  malloc.o


==============================================================================

Image component sizes


      Code (inc. data)   RO Data    RW Data    ZI Data      Debug   Object Name

       204         26          0         16          0       1462   freqmeasurement.o
       278         48          0          8         16      33440   kernal.o
       634         72          0          0          0       5311   ltc2402.o
        28          0          0          0          0       1175   main.o
       364         22          0         72    1218560       8459   malloc.o
       120         18          0          0          0       1291   misc.o
       118          0          0          0          0        643   protocol.o
        68          0          0          0          0        957   rtc.o
       296         16          0          0          0       1705   spi.o
        64         26        392          0       1536        792   startup_stm32f40_41xxx.o
       578         52          0          0          0       5725   stm32f4xx_dma.o
        12          6          0          0          0        469   stm32f4xx_exti.o
       290          0          0          0          0       3094   stm32f4xx_gpio.o
       216         30          0         16          0       4215   stm32f4xx_rcc.o
        56         14          0          0          0        988   stm32f4xx_rtc.o
        98          0          0          0          0       2998   stm32f4xx_spi.o
        50          0          0          0          0       2995   stm32f4xx_tim.o
       352         10          0          0          0       4644   stm32f4xx_usart.o
       272         36          0          0          0     303265   system_stm32f4xx.o
        76         28          0          0          0        470   testltc2402.o
      1410        128          0        128          0      10127   usart.o

    ----------------------------------------------------------------------
      5608        532        424        240    1220128     394225   Object Totals
         0          0         32          0          0          0   (incl. Generated)
        24          0          0          0         16          0   (incl. Padding)

    ----------------------------------------------------------------------

      Code (inc. data)   RO Data    RW Data    ZI Data      Debug   Library Member Name

         8          0          0          0          0         68   __main.o
       316          6         17          0          0         92   __printf_flags_wp.o
        14          0          0          0          0         68   __printf_wp.o
        52          8          0          0          0          0   __scatter.o
        26          0          0          0          0          0   __scatter_copy.o
        28          0          0          0          0          0   __scatter_zi.o
        48          6          0          0          0         96   _printf_char_common.o
        36          4          0          0          0         80   _printf_char_file.o
         6          0          0          0          0          0   _printf_f.o
      1056          0          0          0          0        216   _printf_fp_dec.o
       128         16          0          0          0         84   _printf_fp_infnan.o
        92          4         40          0          0         88   _printf_hex_int.o
       184          0          0          0          0         88   _printf_intcommon.o
         0          0          0          0          0          0   _printf_percent.o
         4          0          0          0          0          0   _printf_percent_end.o
         6          0          0          0          0          0   _printf_x.o
       228          6        148          0          0         96   bigflt0.o
      1910        128          0          0          0        672   btod.o
        12          0          0          0          0         72   exit.o
         8          0          0          0          0         68   ferror.o
         6          0          0          0          0        152   heapauxi.o
        44         10         28          0          0         76   lc_numeric_c.o
         2          0          0          0          0          0   libinit.o
        22          0          0          0          0          0   libinit2.o
         2          0          0          0          0          0   libshutdown.o
         2          0          0          0          0          0   libshutdown2.o
         8          4          0          0         96         68   libspace.o
       138          0          0          0          0         80   lludiv10.o
        24          4          0          0          0         84   noretval__2printf.o
         8          4          0          0          0         68   rt_locale_intlibspace.o
       138          0          0          0          0         68   rt_memcpy_v6.o
       100          0          0          0          0         80   rt_memcpy_w.o
         0          0          0          0          0          0   rtentry.o
        12          0          0          0          0          0   rtentry2.o
         6          0          0          0          0          0   rtentry4.o
         2          0          0          0          0          0   rtexit.o
        10          0          0          0          0          0   rtexit2.o
       128          0          0          0          0         68   strcmpv7m.o
        74          0          0          0          0         80   sys_stackheap_outer.o
         2          0          0          0          0         68   use_no_semi.o
         2          0          0          0          0         68   use_no_semi_2.o
       804         16          0          0          0        368   daddsub_clz.o
        24          0          0          0          0        116   dcmpi.o
       688        140          0          0          0        256   ddiv.o
        38          0          0          0          0        116   dflt_clz.o
       120          4          0          0          0        140   dleqf.o
       340         12          0          0          0        152   dmul.o
       156          4          0          0          0        140   dnaninf.o
        12          0          0          0          0        116   dretinf.o
       108          0          0          0          0        128   drleqf.o
        10          0          0          0          0        116   fpinit.o
         4          0          0          0          0        116   printf1.o
         0          0          0          0          0          0   usenofp.o
        48          0          0          0          0        124   fpclassify.o

    ----------------------------------------------------------------------
      7258        376        234          0         96       4636   Library Totals
        14          0          1          0          0          0   (incl. Padding)

    ----------------------------------------------------------------------

      Code (inc. data)   RO Data    RW Data    ZI Data      Debug   Library Name

      4892        200        233          0         96       2748   c_w.l
      2304        176          0          0          0       1764   fz_wm.l
        48          0          0          0          0        124   m_wm.l

    ----------------------------------------------------------------------
      7258        376        234          0         96       4636   Library Totals

    ----------------------------------------------------------------------

==============================================================================


      Code (inc. data)   RO Data    RW Data    ZI Data      Debug   

     12866        908        658        240    1220224     387949   Grand Totals
     12866        908        658        240    1220224     387949   ELF Image Totals
     12866        908        658        240          0          0   ROM Totals

==============================================================================

    Total RO  Size (Code + RO Data)                13524 (  13.21kB)
    Total RW  Size (RW Data + ZI Data)           1220464 (1191.86kB)
    Total ROM Size (Code + RO Data + RW Data)      13764 (  13.44kB)

==============================================================================

