<html>
<body>
<pre>
<h1>µVision Build Log</h1>
<h2>Project:</h2>
E:\PROJECT\’≈≥…”Ó\PDM\003_RD15003\code\RD15003M-app\prj\user.uvproj
Project File Date:  01/04/2016

<h2>Output:</h2>
Build target 'Target 1'
compiling system_stm32f4xx.c...
assembling startup_stm32f40_41xxx.s...
compiling malloc.c...
compiling kernal.c...
compiling misc.c...
compiling stm32f4xx_adc.c...
compiling stm32f4xx_dbgmcu.c...
compiling stm32f4xx_dma.c...
compiling stm32f4xx_exti.c...
compiling stm32f4xx_flash.c...
compiling stm32f4xx_fsmc.c...
compiling stm32f4xx_gpio.c...
compiling stm32f4xx_iwdg.c...
compiling stm32f4xx_rcc.c...
compiling stm32f4xx_sdio.c...
compiling stm32f4xx_spi.c...
compiling stm32f4xx_syscfg.c...
compiling stm32f4xx_tim.c...
compiling stm32f4xx_usart.c...
compiling stm32f4xx_wwdg.c...
compiling stm32f4xx_dma2d.c...
compiling stm32f4xx_can.c...
compiling diskio.c...
..\code\FATFS\src\diskio.c(164): warning: C4017W: res may be used before being set
compiling ff.c...
compiling exfuns.c...
compiling fattester.c...
compiling mycc936.c...
..\code\FATFS\exfuns\mycc936.c(10): warning: C4017W: t may be used before being set
compiling bmp.c...
compiling gif.c...
compiling piclib.c...
compiling tjpgd.c...
compiling fontupd.c...
compiling text.c...
compiling usb_core.c...
compiling usb_hcd.c...
compiling usb_hcd_int.c...
compiling usbh_msc_bot.c...
compiling usbh_msc_core.c...
compiling usbh_msc_scsi.c...
compiling usbh_core.c...
compiling usbh_hcs.c...
compiling usbh_ioreq.c...
compiling usbh_stdreq.c...
compiling usb_bsp.c...
compiling usbh_usr.c...
compiling main.c...
compiling app_usb.c...
compiling protocol.c...
compiling usart.c...
..\code\drv\src\usart.c(36): warning: C4017W: pQueueInfo may be used before being set
..\code\drv\src\usart.c(35): warning: C4017W: pBufRoot may be used before being set
..\code\drv\src\usart.c(35): warning: C4017W: pBufDest may be used before being set
..\code\drv\src\usart.c(34): warning: C4017W: u16RxDataCount may be used before being set
..\code\drv\src\usart.c(167): warning: C4017W: u16Ret may be used before being set
compiling comm.c...
compiling syn.c...
compiling beep.c...
compiling can.c...
compiling led.c...
compiling pwc.c...
compiling SST25VF064C.c...
compiling key.c...
compiling TestUsart.c...
compiling TestComm.c...
compiling TestUsb.c...
compiling TestNandflah.c...
compiling TestSyn.c...
compiling TestBeep.c...
compiling TestCan.c...
compiling TestLed.c...
compiling TestSST25VF0.c...
compiling TestStim300.c...
..\code\test\TestStim300.c(530): warning:  #177-D: variable "u16Length" was declared but never referenced
..\code\test\TestStim300.c(219): warning:  #177-D: function "ParseDebugImuCmd" was declared but never referenced
..\code\test\TestStim300.c(142): warning: C4017W: pBuf may be used before being set
compiling TestPwc.c...
linking...
Program Size: Code=33792 RO-data=1500 RW-data=472 ZI-data=1223016  
After Build - User command #1: fromelf --bin  --output .\bin\RD15003M_APP.bin  .\user.axf
".\user.axf" - 0 Errors, 10 Warning(s).
