<html>
<body>
<pre>
<h1>礦ision Build Log</h1>
<h2>Project:</h2>
E:\PROJECT\张成宇\PDM\001_RD15001\code\RD15001D-boot\prj\user.uvproj
Project File Date:  06/12/2016

<h2>Output:</h2>
Build target 'Target 1'
linking...
Program Size: Code=6400 RO-data=500 RW-data=148 ZI-data=1222324  
After Build - User command #1: fromelf --bin  --output .\bin\bootloader.bin  .\user.axf
".\user.axf" - 0 Error(s), 0 Warning(s).
Load "E:\\PROJECT\\张成宇\\PDM\\001_RD15001\\code\\RD15001D-boot\\prj\\user.axf" 
* JLink Info: Device "STM32F407ZG" selected (1024 KB flash, 128 KB RAM).
Set JLink Project File to "E:\PROJECT\张成宇\PDM\001_RD15001\code\RD15001D-boot\prj\JLinkSettings.ini"
* JLink Info: Device "STM32F407ZG" selected (1024 KB flash, 128 KB RAM).
 
JLink info:
------------
DLL: V4.80g, compiled Feb 13 2014 20:50:02
Firmware: J-Link ARM V7 compiled Jun 20 2012 19:45:53
Hardware: V7.00
S/N : 19087980 
Feature(s) : RDI, FlashDL, FlashBP, JFlash, GDBFull 
 
* JLink Info: Found SWD-DP with ID 0x2BA01477
* JLink Info: Found SWD-DP with ID 0x2BA01477
* JLink Info: Found Cortex-M4 r0p1, Little endian.
* JLink Info: FPUnit: 6 code (BP) slots and 2 literal slots
* JLink Info: TPIU fitted.
* JLink Info: ETM fitted.
ROMTableAddr = 0xE00FF003
 
Target info:
------------
Device: STM32F407VE
VTarget = 3.170V
State of Pins: 
TCK: 0, TDI: 0, TDO: 1, TMS: 0, TRES: 0, TRST: 1
Hardware-Breakpoints: 6
Software-Breakpoints: 8192
Watchpoints:          4
JTAG speed: 2000 kHz
 
Erase Done.
Programming Done.
Verify OK.
</pre>
</body>
</html>
