ARM Linker, 5.03 [Build 76] [MDK-ARM Professional]

==============================================================================

Section Cross References

    stm32f10x_adc.o(i.ADC_DeInit) refers to stm32f10x_rcc.o(i.RCC_APB2PeriphResetCmd) for RCC_APB2PeriphResetCmd
    stm32f10x_bkp.o(i.BKP_DeInit) refers to stm32f10x_rcc.o(i.RCC_BackupResetCmd) for RCC_BackupResetCmd
    stm32f10x_can.o(i.CAN_DeInit) refers to stm32f10x_rcc.o(i.RCC_APB1PeriphResetCmd) for RCC_APB1PeriphResetCmd
    stm32f10x_can.o(i.CAN_GetITStatus) refers to stm32f10x_can.o(i.CheckITStatus) for CheckITStatus
    stm32f10x_cec.o(i.CEC_DeInit) refers to stm32f10x_rcc.o(i.RCC_APB1PeriphResetCmd) for RCC_APB1PeriphResetCmd
    stm32f10x_dac.o(i.DAC_DeInit) refers to stm32f10x_rcc.o(i.RCC_APB1PeriphResetCmd) for RCC_APB1PeriphResetCmd
    stm32f10x_flash.o(i.FLASH_EnableWriteProtection) refers to stm32f10x_flash.o(i.FLASH_WaitForLastOperation) for FLASH_WaitForLastOperation
    stm32f10x_flash.o(i.FLASH_EraseAllBank1Pages) refers to stm32f10x_flash.o(i.FLASH_WaitForLastBank1Operation) for FLASH_WaitForLastBank1Operation
    stm32f10x_flash.o(i.FLASH_EraseAllPages) refers to stm32f10x_flash.o(i.FLASH_WaitForLastOperation) for FLASH_WaitForLastOperation
    stm32f10x_flash.o(i.FLASH_EraseOptionBytes) refers to stm32f10x_flash.o(i.FLASH_GetReadOutProtectionStatus) for FLASH_GetReadOutProtectionStatus
    stm32f10x_flash.o(i.FLASH_EraseOptionBytes) refers to stm32f10x_flash.o(i.FLASH_WaitForLastOperation) for FLASH_WaitForLastOperation
    stm32f10x_flash.o(i.FLASH_ErasePage) refers to stm32f10x_flash.o(i.FLASH_WaitForLastOperation) for FLASH_WaitForLastOperation
    stm32f10x_flash.o(i.FLASH_ProgramHalfWord) refers to stm32f10x_flash.o(i.FLASH_WaitForLastOperation) for FLASH_WaitForLastOperation
    stm32f10x_flash.o(i.FLASH_ProgramOptionByteData) refers to stm32f10x_flash.o(i.FLASH_WaitForLastOperation) for FLASH_WaitForLastOperation
    stm32f10x_flash.o(i.FLASH_ProgramWord) refers to stm32f10x_flash.o(i.FLASH_WaitForLastOperation) for FLASH_WaitForLastOperation
    stm32f10x_flash.o(i.FLASH_ReadOutProtection) refers to stm32f10x_flash.o(i.FLASH_WaitForLastOperation) for FLASH_WaitForLastOperation
    stm32f10x_flash.o(i.FLASH_UserOptionByteConfig) refers to stm32f10x_flash.o(i.FLASH_WaitForLastOperation) for FLASH_WaitForLastOperation
    stm32f10x_flash.o(i.FLASH_WaitForLastBank1Operation) refers to stm32f10x_flash.o(i.FLASH_GetBank1Status) for FLASH_GetBank1Status
    stm32f10x_flash.o(i.FLASH_WaitForLastOperation) refers to stm32f10x_flash.o(i.FLASH_GetBank1Status) for FLASH_GetBank1Status
    stm32f10x_gpio.o(i.GPIO_AFIODeInit) refers to stm32f10x_rcc.o(i.RCC_APB2PeriphResetCmd) for RCC_APB2PeriphResetCmd
    stm32f10x_gpio.o(i.GPIO_DeInit) refers to stm32f10x_rcc.o(i.RCC_APB2PeriphResetCmd) for RCC_APB2PeriphResetCmd
    stm32f10x_i2c.o(i.I2C_DeInit) refers to stm32f10x_rcc.o(i.RCC_APB1PeriphResetCmd) for RCC_APB1PeriphResetCmd
    stm32f10x_i2c.o(i.I2C_Init) refers to stm32f10x_rcc.o(i.RCC_GetClocksFreq) for RCC_GetClocksFreq
    stm32f10x_pwr.o(i.PWR_DeInit) refers to stm32f10x_rcc.o(i.RCC_APB1PeriphResetCmd) for RCC_APB1PeriphResetCmd
    stm32f10x_rcc.o(i.RCC_GetClocksFreq) refers to stm32f10x_rcc.o(.data) for .data
    stm32f10x_rcc.o(i.RCC_WaitForHSEStartUp) refers to stm32f10x_rcc.o(i.RCC_GetFlagStatus) for RCC_GetFlagStatus
    stm32f10x_rtc.o(i.RTC_SetAlarm) refers to stm32f10x_rtc.o(i.RTC_EnterConfigMode) for RTC_EnterConfigMode
    stm32f10x_rtc.o(i.RTC_SetAlarm) refers to stm32f10x_rtc.o(i.RTC_ExitConfigMode) for RTC_ExitConfigMode
    stm32f10x_rtc.o(i.RTC_SetCounter) refers to stm32f10x_rtc.o(i.RTC_EnterConfigMode) for RTC_EnterConfigMode
    stm32f10x_rtc.o(i.RTC_SetCounter) refers to stm32f10x_rtc.o(i.RTC_ExitConfigMode) for RTC_ExitConfigMode
    stm32f10x_rtc.o(i.RTC_SetPrescaler) refers to stm32f10x_rtc.o(i.RTC_EnterConfigMode) for RTC_EnterConfigMode
    stm32f10x_rtc.o(i.RTC_SetPrescaler) refers to stm32f10x_rtc.o(i.RTC_ExitConfigMode) for RTC_ExitConfigMode
    stm32f10x_spi.o(i.I2S_Init) refers to stm32f10x_rcc.o(i.RCC_GetClocksFreq) for RCC_GetClocksFreq
    stm32f10x_spi.o(i.SPI_I2S_DeInit) refers to stm32f10x_rcc.o(i.RCC_APB2PeriphResetCmd) for RCC_APB2PeriphResetCmd
    stm32f10x_spi.o(i.SPI_I2S_DeInit) refers to stm32f10x_rcc.o(i.RCC_APB1PeriphResetCmd) for RCC_APB1PeriphResetCmd
    stm32f10x_tim.o(i.TIM_DeInit) refers to stm32f10x_rcc.o(i.RCC_APB1PeriphResetCmd) for RCC_APB1PeriphResetCmd
    stm32f10x_tim.o(i.TIM_DeInit) refers to stm32f10x_rcc.o(i.RCC_APB2PeriphResetCmd) for RCC_APB2PeriphResetCmd
    stm32f10x_tim.o(i.TIM_ETRClockMode1Config) refers to stm32f10x_tim.o(i.TIM_ETRConfig) for TIM_ETRConfig
    stm32f10x_tim.o(i.TIM_ETRClockMode2Config) refers to stm32f10x_tim.o(i.TIM_ETRConfig) for TIM_ETRConfig
    stm32f10x_tim.o(i.TIM_ICInit) refers to stm32f10x_tim.o(i.TI1_Config) for TI1_Config
    stm32f10x_tim.o(i.TIM_ICInit) refers to stm32f10x_tim.o(i.TIM_SetIC1Prescaler) for TIM_SetIC1Prescaler
[...]
    .constdata                               0x0800bc7a   Section       24  rtc.o(.constdata)
    x$fpl$usenofp                            0x0800bc7a   Section        0  usenofp.o(x$fpl$usenofp)
    table_week                               0x0800bc7a   Data          12  rtc.o(.constdata)
    mon_table                                0x0800bc86   Data          12  rtc.o(.constdata)
    .constdata                               0x0800bc92   Section       40  _printf_hex_int.o(.constdata)
    uc_hextab                                0x0800bc92   Data          20  _printf_hex_int.o(.constdata)
    lc_hextab                                0x0800bca6   Data          20  _printf_hex_int.o(.constdata)
    .constdata                               0x0800bcbc   Section      148  bigflt0.o(.constdata)
    tenpwrs_x                                0x0800bcbc   Data          60  bigflt0.o(.constdata)
    tenpwrs_i                                0x0800bcf8   Data          64  bigflt0.o(.constdata)
    locale$$data                             0x0800bd70   Section       28  lc_numeric_c.o(locale$$data)
    __lcnum_c_name                           0x0800bd74   Data           2  lc_numeric_c.o(locale$$data)
    __lcnum_c_start                          0x0800bd7c   Data           0  lc_numeric_c.o(locale$$data)
    __lcnum_c_point                          0x0800bd88   Data           0  lc_numeric_c.o(locale$$data)
    __lcnum_c_thousands                      0x0800bd8a   Data           0  lc_numeric_c.o(locale$$data)
    __lcnum_c_grouping                       0x0800bd8b   Data           0  lc_numeric_c.o(locale$$data)
    __lcnum_c_end                            0x0800bd8c   Data           0  lc_numeric_c.o(locale$$data)
    .data                                    0x20000000   Section       20  stm32f10x_rcc.o(.data)
    ADCPrescTable                            0x20000000   Data           4  stm32f10x_rcc.o(.data)
    APBAHBPrescTable                         0x20000004   Data          16  stm32f10x_rcc.o(.data)
    .data                                    0x20000014   Section       20  system_stm32f10x.o(.data)
    .data                                    0x20000028   Section       12  kernal.o(.data)
    g_u32TickCount                           0x20000028   Data           4  kernal.o(.data)
    g_u32Second                              0x2000002c   Data           4  kernal.o(.data)
    .data                                    0x20000034   Section       58  testdtu.o(.data)
    g_u8DtuRetry                             0x20000034   Data           1  testdtu.o(.data)
    g_bUpdate                                0x20000038   Data           4  testdtu.o(.data)
    g_bUpdateCmd                             0x2000003c   Data           4  testdtu.o(.data)
    g_bProtocolMode                          0x20000040   Data           4  testdtu.o(.data)
    g_bLastDtuWork                           0x20000044   Data           4  testdtu.o(.data)
    g_u32TimeOut                             0x20000048   Data           4  testdtu.o(.data)
    g_u32WriteOffset                         0x2000004c   Data           4  testdtu.o(.data)
    g_u32TimeInternal                        0x20000050   Data           4  testdtu.o(.data)
    g_u32AppAddress                          0x20000054   Data           4  testdtu.o(.data)
    g_u32HardEdition                         0x20000058   Data           4  testdtu.o(.data)
    g_u32SoftEdition                         0x2000005c   Data           4  testdtu.o(.data)
    g_szMachineType                          0x20000060   Data          14  testdtu.o(.data)
    .data                                    0x20000070   Section       28  serial.o(.data)
    g_u8LastValue                            0x20000070   Data           1  serial.o(.data)
    g_u32Uart1RevCount                       0x20000074   Data           4  serial.o(.data)
    g_u32Uart2RevCount                       0x20000078   Data           4  serial.o(.data)
    g_u32Uart3RevCount                       0x2000007c   Data           4  serial.o(.data)
    .data                                    0x2000008c   Section        4  serial.o(.data)
    .data                                    0x20000090   Section        4  timer.o(.data)
    g_u16gTIM2Delay                          0x20000090   Data           2  timer.o(.data)
    g_u16gTIM2Over                           0x20000092   Data           2  timer.o(.data)
    .data                                    0x20000094   Section        2  rtc.o(.data)
    daycnt                                   0x20000094   Data           2  rtc.o(.data)
    .bss                                     0x20000098   Section       10  rtc.o(.bss)
    .bss                                     0x200000a4   Section       96  libspace.o(.bss)
    HEAP                                     0x20000108   Section     5888  startup_stm32f10x_md.o(HEAP)
    Heap_Mem                                 0x20000108   Data        5888  startup_stm32f10x_md.o(HEAP)
    STACK                                    0x20001808   Section     3840  startup_stm32f10x_md.o(STACK)
    Stack_Mem                                0x20001808   Data        3840  startup_stm32f10x_md.o(STACK)
    __initial_sp                             0x20002708   Data           0  startup_stm32f10x_md.o(STACK)

    Global Symbols

    Symbol Name                              Value     Ov Type        Size  Object(Section)

    BuildAttributes$$THM_ISAv4$P$D$K$B$S$PE$A:L22UL41UL21$X:L11$S22US41US21$IEEE1$IW$USESV6$~STKCKD$USESV7$~SHL$OTIME$ROPI$IEEEJ$EBA8$UX$STANDARDLIB$REQ8$PRES8$EABIv2 0x00000000   Number         0  anon$$obj.o ABSOLUTE
    __ARM_use_no_argv                        0x00000000   Number         0  main.o ABSOLUTE
    _printf_flags                            0x00000000   Number         0  printf_stubs.o ABSOLUTE
    _printf_return_value                     0x00000000   Number         0  printf_stubs.o ABSOLUTE
    _printf_sizespec                         0x00000000   Number         0  printf_stubs.o ABSOLUTE
    _printf_widthprec                        0x00000000   Number         0  printf_stubs.o ABSOLUTE
    __ARM_exceptions_init                     - Undefined Weak Reference
    __alloca_initialize                       - Undefined Weak Reference
    __cpp_initialize__aeabi_                  - Undefined Weak Reference
    __cxa_finalize                            - Undefined Weak Reference
    __sigvec_lookup                           - Undefined Weak Reference
    __user_heap_extent                        - Undefined Weak Reference
    _atexit_init                              - Undefined Weak Reference
    _call_atexit_fns                          - Undefined Weak Reference
    _clock_init                               - Undefined Weak Reference
    _fp_trap_init                             - Undefined Weak Reference
    _fp_trap_shutdown                         - Undefined Weak Reference
    _get_lc_collate                           - Undefined Weak Reference
    _get_lc_ctype                             - Undefined Weak Reference
    _get_lc_monetary                          - Undefined Weak Reference
    _get_lc_time                              - Undefined Weak Reference
    _getenv_init                              - Undefined Weak Reference
    _handle_redirection                       - Undefined Weak Reference
    _initio                                   - Undefined Weak Reference
    _mutex_acquire                            - Undefined Weak Reference
    _mutex_free                               - Undefined Weak Reference
    _mutex_release                            - Undefined Weak Reference
    _printf_mbtowc                            - Undefined Weak Reference
    _printf_truncate_signed                   - Undefined Weak Reference
    _printf_truncate_unsigned                 - Undefined Weak Reference
    _rand_init                                - Undefined Weak Reference
    _signal_finish                            - Undefined Weak Reference
    _signal_init                              - Undefined Weak Reference
    _terminateio                              - Undefined Weak Reference
    __Vectors_Size                           0x000000ec   Number         0  startup_stm32f10x_md.o ABSOLUTE
    __Vectors                                0x08006000   Data           4  startup_stm32f10x_md.o(RESET)
    __Vectors_End                            0x080060ec   Data           0  startup_stm32f10x_md.o(RESET)
    __main                                   0x080060ed   Thumb Code     8  __main.o(!!!main)
    __scatterload                            0x080060f5   Thumb Code     0  __scatter.o(!!!scatter)
    __scatterload_rt2                        0x080060f5   Thumb Code    44  __scatter.o(!!!scatter)
    __scatterload_rt2_thumb_only             0x080060f5   Thumb Code     0  __scatter.o(!!!scatter)
    __scatterload_null                       0x08006103   Thumb Code     0  __scatter.o(!!!scatter)
    __scatterload_copy                       0x08006129   Thumb Code    26  __scatter_copy.o(!!handler_copy)
    __scatterload_zeroinit                   0x08006145   Thumb Code    28  __scatter_zi.o(!!handler_zi)
    _printf_f                                0x08006161   Thumb Code     0  _printf_f.o(.ARM.Collect$$_printf_percent$$00000003)
    _printf_percent                          0x08006161   Thumb Code     0  _printf_percent.o(.ARM.Collect$$_printf_percent$$00000000)
    _printf_d                                0x08006167   Thumb Code     0  _printf_d.o(.ARM.Collect$$_printf_percent$$00000009)
    _printf_x                                0x0800616d   Thumb Code     0  _printf_x.o(.ARM.Collect$$_printf_percent$$0000000C)
    _printf_s                                0x08006173   Thumb Code     0  _printf_s.o(.ARM.Collect$$_printf_percent$$00000014)
    _printf_percent_end                      0x08006179   Thumb Code     0  _printf_percent_end.o(.ARM.Collect$$_printf_percent$$00000017)
    __rt_lib_init                            0x0800617d   Thumb Code     0  libinit.o(.ARM.Collect$$libinit$$00000000)
    __rt_lib_init_fp_1                       0x0800617f   Thumb Code     0  libinit2.o(.ARM.Collect$$libinit$$00000002)
    __rt_lib_init_heap_2                     0x0800617f   Thumb Code     0  libinit2.o(.ARM.Collect$$libinit$$00000003)
    __rt_lib_init_heap_1                     0x08006187   Thumb Code     0  libinit2.o(.ARM.Collect$$libinit$$00000008)
    __rt_lib_init_lc_common                  0x08006187   Thumb Code     0  libinit2.o(.ARM.Collect$$libinit$$0000000D)
    __rt_lib_init_rand_1                     0x08006187   Thumb Code     0  libinit2.o(.ARM.Collect$$libinit$$0000000C)
    __rt_lib_init_user_alloc_1               0x08006187   Thumb Code     0  libinit2.o(.ARM.Collect$$libinit$$0000000A)
    __rt_lib_init_lc_collate_1               0x0800618d   Thumb Code     0  libinit2.o(.ARM.Collect$$libinit$$0000000F)
    __rt_lib_init_lc_ctype_1                 0x0800618d   Thumb Code     0  libinit2.o(.ARM.Collect$$libinit$$00000011)
    __rt_lib_init_lc_monetary_1              0x0800618d   Thumb Code     0  libinit2.o(.ARM.Collect$$libinit$$00000013)
    __rt_lib_init_lc_numeric_2               0x0800618d   Thumb Code     0  libinit2.o(.ARM.Collect$$libinit$$00000014)
    __rt_lib_init_alloca_1                   0x08006197   Thumb Code     0  libinit2.o(.ARM.Collect$$libinit$$0000002C)
    __rt_lib_init_argv_1                     0x08006197   Thumb Code     0  libinit2.o(.ARM.Collect$$libinit$$0000002A)
    __rt_lib_init_atexit_1                   0x08006197   Thumb Code     0  libinit2.o(.ARM.Collect$$libinit$$00000019)
    __rt_lib_init_clock_1                    0x08006197   Thumb Code     0  libinit2.o(.ARM.Collect$$libinit$$0000001F)
    __rt_lib_init_cpp_1                      0x08006197   Thumb Code     0  libinit2.o(.ARM.Collect$$libinit$$00000030)
    __rt_lib_init_exceptions_1               0x08006197   Thumb Code     0  libinit2.o(.ARM.Collect$$libinit$$0000002E)
    __rt_lib_init_fp_trap_1                  0x08006197   Thumb Code     0  libinit2.o(.ARM.Collect$$libinit$$0000001D)
    __rt_lib_init_getenv_1                   0x08006197   Thumb Code     0  libinit2.o(.ARM.Collect$$libinit$$00000021)
    __rt_lib_init_lc_numeric_1               0x08006197   Thumb Code     0  libinit2.o(.ARM.Collect$$libinit$$00000015)
    __rt_lib_init_lc_time_1                  0x08006197   Thumb Code     0  libinit2.o(.ARM.Collect$$libinit$$00000017)
    __rt_lib_init_return                     0x08006197   Thumb Code     0  libinit2.o(.ARM.Collect$$libinit$$00000031)
    __rt_lib_init_signal_1                   0x08006197   Thumb Code     0  libinit2.o(.ARM.Collect$$libinit$$0000001B)
    __rt_lib_init_stdio_1                    0x08006197   Thumb Code     0  libinit2.o(.ARM.Collect$$libinit$$00000023)
    __rt_lib_shutdown                        0x08006199   Thumb Code     0  libshutdown.o(.ARM.Collect$$libshutdown$$00000000)
    __rt_lib_shutdown_fp_trap_1              0x0800619b   Thumb Code     0  libshutdown2.o(.ARM.Collect$$libshutdown$$00000006)
    __rt_lib_shutdown_heap_1                 0x0800619b   Thumb Code     0  libshutdown2.o(.ARM.Collect$$libshutdown$$0000000E)
    __rt_lib_shutdown_return                 0x0800619b   Thumb Code     0  libshutdown2.o(.ARM.Collect$$libshutdown$$0000000F)
    __rt_lib_shutdown_signal_1               0x0800619b   Thumb Code     0  libshutdown2.o(.ARM.Collect$$libshutdown$$00000009)
    __rt_lib_shutdown_stdio_1                0x0800619b   Thumb Code     0  libshutdown2.o(.ARM.Collect$$libshutdown$$00000003)
    __rt_lib_shutdown_user_alloc_1           0x0800619b   Thumb Code     0  libshutdown2.o(.ARM.Collect$$libshutdown$$0000000B)
    __rt_entry                               0x0800619d   Thumb Code     0  rtentry.o(.ARM.Collect$$rtentry$$00000000)
    __rt_entry_presh_1                       0x0800619d   Thumb Code     0  rtentry2.o(.ARM.Collect$$rtentry$$00000002)
    __rt_entry_sh                            0x0800619d   Thumb Code     0  rtentry4.o(.ARM.Collect$$rtentry$$00000004)
    __rt_entry_li                            0x080061a3   Thumb Code     0  rtentry2.o(.ARM.Collect$$rtentry$$0000000A)
    __rt_entry_postsh_1                      0x080061a3   Thumb Code     0  rtentry2.o(.ARM.Collect$$rtentry$$00000009)
    __rt_entry_main                          0x080061a7   Thumb Code     0  rtentry2.o(.ARM.Collect$$rtentry$$0000000D)
    __rt_entry_postli_1                      0x080061a7   Thumb Code     0  rtentry2.o(.ARM.Collect$$rtentry$$0000000C)
    __rt_exit                                0x080061af   Thumb Code     0  rtexit.o(.ARM.Collect$$rtexit$$00000000)
    __rt_exit_ls                             0x080061b1   Thumb Code     0  rtexit2.o(.ARM.Collect$$rtexit$$00000003)
    __rt_exit_prels_1                        0x080061b1   Thumb Code     0  rtexit2.o(.ARM.Collect$$rtexit$$00000002)
    __rt_exit_exit                           0x080061b5   Thumb Code     0  rtexit2.o(.ARM.Collect$$rtexit$$00000004)
    Reset_Handler                            0x080061bd   Thumb Code     8  startup_stm32f10x_md.o(.text)
    _maybe_terminate_alloc                   0x080061bd   Thumb Code     0  maybetermalloc1.o(.emb_text)
    ADC1_2_IRQHandler                        0x080061d7   Thumb Code     0  startup_stm32f10x_md.o(.text)
    CAN1_RX1_IRQHandler                      0x080061d7   Thumb Code     0  startup_stm32f10x_md.o(.text)
    CAN1_SCE_IRQHandler                      0x080061d7   Thumb Code     0  startup_stm32f10x_md.o(.text)
    DMA1_Channel1_IRQHandler                 0x080061d7   Thumb Code     0  startup_stm32f10x_md.o(.text)
    DMA1_Channel2_IRQHandler                 0x080061d7   Thumb Code     0  startup_stm32f10x_md.o(.text)
    DMA1_Channel3_IRQHandler                 0x080061d7   Thumb Code     0  startup_stm32f10x_md.o(.text)
    DMA1_Channel4_IRQHandler                 0x080061d7   Thumb Code     0  startup_stm32f10x_md.o(.text)
    DMA1_Channel5_IRQHandler                 0x080061d7   Thumb Code     0  startup_stm32f10x_md.o(.text)
    DMA1_Channel6_IRQHandler                 0x080061d7   Thumb Code     0  startup_stm32f10x_md.o(.text)
    DMA1_Channel7_IRQHandler                 0x080061d7   Thumb Code     0  startup_stm32f10x_md.o(.text)
    EXTI0_IRQHandler                         0x080061d7   Thumb Code     0  startup_stm32f10x_md.o(.text)
    EXTI15_10_IRQHandler                     0x080061d7   Thumb Code     0  startup_stm32f10x_md.o(.text)
    EXTI1_IRQHandler                         0x080061d7   Thumb Code     0  startup_stm32f10x_md.o(.text)
    EXTI2_IRQHandler                         0x080061d7   Thumb Code     0  startup_stm32f10x_md.o(.text)
    EXTI3_IRQHandler                         0x080061d7   Thumb Code     0  startup_stm32f10x_md.o(.text)
    EXTI4_IRQHandler                         0x080061d7   Thumb Code     0  startup_stm32f10x_md.o(.text)
    EXTI9_5_IRQHandler                       0x080061d7   Thumb Code     0  startup_stm32f10x_md.o(.text)
    FLASH_IRQHandler                         0x080061d7   Thumb Code     0  startup_stm32f10x_md.o(.text)
    I2C1_ER_IRQHandler                       0x080061d7   Thumb Code     0  startup_stm32f10x_md.o(.text)
    I2C1_EV_IRQHandler                       0x080061d7   Thumb Code     0  startup_stm32f10x_md.o(.text)
    I2C2_ER_IRQHandler                       0x080061d7   Thumb Code     0  startup_stm32f10x_md.o(.text)
    I2C2_EV_IRQHandler                       0x080061d7   Thumb Code     0  startup_stm32f10x_md.o(.text)
    PVD_IRQHandler                           0x080061d7   Thumb Code     0  startup_stm32f10x_md.o(.text)
    RCC_IRQHandler                           0x080061d7   Thumb Code     0  startup_stm32f10x_md.o(.text)
    RTCAlarm_IRQHandler                      0x080061d7   Thumb Code     0  startup_stm32f10x_md.o(.text)
    SPI1_IRQHandler                          0x080061d7   Thumb Code     0  startup_stm32f10x_md.o(.text)
    SPI2_IRQHandler                          0x080061d7   Thumb Code     0  startup_stm32f10x_md.o(.text)
    TAMPER_IRQHandler                        0x080061d7   Thumb Code     0  startup_stm32f10x_md.o(.text)
    TIM1_BRK_IRQHandler                      0x080061d7   Thumb Code     0  startup_stm32f10x_md.o(.text)
    TIM1_CC_IRQHandler                       0x080061d7   Thumb Code     0  startup_stm32f10x_md.o(.text)
    TIM1_TRG_COM_IRQHandler                  0x080061d7   Thumb Code     0  startup_stm32f10x_md.o(.text)
    TIM1_UP_IRQHandler                       0x080061d7   Thumb Code     0  startup_stm32f10x_md.o(.text)
    TIM3_IRQHandler                          0x080061d7   Thumb Code     0  startup_stm32f10x_md.o(.text)
    TIM4_IRQHandler                          0x080061d7   Thumb Code     0  startup_stm32f10x_md.o(.text)
    USBWakeUp_IRQHandler                     0x080061d7   Thumb Code     0  startup_stm32f10x_md.o(.text)
    USB_HP_CAN1_TX_IRQHandler                0x080061d7   Thumb Code     0  startup_stm32f10x_md.o(.text)
    USB_LP_CAN1_RX0_IRQHandler               0x080061d7   Thumb Code     0  startup_stm32f10x_md.o(.text)
    WWDG_IRQHandler                          0x080061d7   Thumb Code     0  startup_stm32f10x_md.o(.text)
    __user_initial_stackheap                 0x080061d9   Thumb Code     0  startup_stm32f10x_md.o(.text)
    __use_no_semihosting                     0x080061fd   Thumb Code     2  use_no_semi_2.o(.text)
    malloc                                   0x080061ff   Thumb Code    94  h1_alloc.o(.text)
    free                                     0x0800625d   Thumb Code    78  h1_free.o(.text)
    __2printf                                0x080062ad   Thumb Code    20  noretval__2printf.o(.text)
    __2sprintf                               0x080062c5   Thumb Code    34  noretval__2sprintf.o(.text)
    _printf_pre_padding                      0x080062ed   Thumb Code    46  _printf_pad.o(.text)
    _printf_post_padding                     0x0800631b   Thumb Code    36  _printf_pad.o(.text)
    _printf_str                              0x0800633f   Thumb Code    82  _printf_str.o(.text)
    _printf_int_dec                          0x08006391   Thumb Code   102  _printf_dec.o(.text)
    _printf_int_hex                          0x08006409   Thumb Code    88  _printf_hex_int.o(.text)
    _printf_longlong_hex                     0x08006409   Thumb Code     0  _printf_hex_int.o(.text)
    __printf                                 0x08006465   Thumb Code   270  __printf_wp.o(.text)
    strstr                                   0x08006573   Thumb Code    36  strstr.o(.text)
    memcmp                                   0x08006597   Thumb Code    88  memcmp.o(.text)
    strlen                                   0x080065ef   Thumb Code    62  strlen.o(.text)
    __aeabi_memcpy                           0x0800662d   Thumb Code     0  rt_memcpy_v6.o(.text)
    __rt_memcpy                              0x0800662d   Thumb Code   138  rt_memcpy_v6.o(.text)
    _memcpy_lastbytes                        0x08006693   Thumb Code     0  rt_memcpy_v6.o(.text)
    __aeabi_memclr                           0x080066b7   Thumb Code     0  rt_memclr.o(.text)
    __rt_memclr                              0x080066b7   Thumb Code    68  rt_memclr.o(.text)
    _memset                                  0x080066bb   Thumb Code     0  rt_memclr.o(.text)
    __aeabi_memclr4                          0x080066fb   Thumb Code     0  rt_memclr_w.o(.text)
    __aeabi_memclr8                          0x080066fb   Thumb Code     0  rt_memclr_w.o(.text)
    __rt_memclr_w                            0x080066fb   Thumb Code    78  rt_memclr_w.o(.text)
    _memset_w                                0x080066ff   Thumb Code     0  rt_memclr_w.o(.text)
    __use_two_region_memory                  0x08006749   Thumb Code     2  heapauxi.o(.text)
    __rt_heap_escrow                         0x0800674b   Thumb Code     2  heapauxi.o(.text)
    __rt_heap_expand                         0x0800674d   Thumb Code     2  heapauxi.o(.text)
    __I$use$semihosting                      0x0800674f   Thumb Code     0  use_no_semi.o(.text)
    __use_no_semihosting_swi                 0x0800674f   Thumb Code     2  use_no_semi.o(.text)
    __rt_heap_descriptor                     0x08006751   Thumb Code     8  rt_heap_descriptor_intlibspace.o(.text)
    __use_no_heap                            0x08006759   Thumb Code     2  hguard.o(.text)
    __heap$guard                             0x0800675b   Thumb Code     2  hguard.o(.text)
    _terminate_user_alloc                    0x0800675d   Thumb Code     2  init_alloc.o(.text)
    _init_user_alloc                         0x0800675f   Thumb Code     2  init_alloc.o(.text)
    __Heap_Full                              0x08006761   Thumb Code    34  init_alloc.o(.text)
    __Heap_Broken                            0x08006783   Thumb Code     6  init_alloc.o(.text)
    _init_alloc                              0x08006789   Thumb Code    94  init_alloc.o(.text)
    __Heap_Initialize                        0x080067e7   Thumb Code    10  h1_init.o(.text)
    __Heap_DescSize                          0x080067f1   Thumb Code     4  h1_init.o(.text)
    __read_errno                             0x080067f5   Thumb Code    10  _rserrno.o(.text)
    __set_errno                              0x080067ff   Thumb Code    12  _rserrno.o(.text)
    _printf_int_common                       0x0800680b   Thumb Code   184  _printf_intcommon.o(.text)
    __lib_sel_fp_printf                      0x080068c3   Thumb Code     2  _printf_fp_dec.o(.text)
    _printf_fp_dec_real                      0x08006a6f   Thumb Code   628  _printf_fp_dec.o(.text)
    _printf_char_common                      0x08006cef   Thumb Code    32  _printf_char_common.o(.text)
    _sputc                                   0x08006d15   Thumb Code    10  _sputc.o(.text)
    _printf_cs_common                        0x08006d1f   Thumb Code    20  _printf_char.o(.text)
    _printf_char                             0x08006d33   Thumb Code    16  _printf_char.o(.text)
    _printf_string                           0x08006d43   Thumb Code     8  _printf_char.o(.text)
    _printf_char_file                        0x08006d4d   Thumb Code    32  _printf_char_file.o(.text)
    __aeabi_memcpy4                          0x08006d71   Thumb Code     0  rt_memcpy_w.o(.text)
    __aeabi_memcpy8                          0x08006d71   Thumb Code     0  rt_memcpy_w.o(.text)
    __rt_memcpy_w                            0x08006d71   Thumb Code   100  rt_memcpy_w.o(.text)
    _memcpy_lastbytes_aligned                0x08006db9   Thumb Code     0  rt_memcpy_w.o(.text)
    __user_libspace                          0x08006dd5   Thumb Code     8  libspace.o(.text)
    __user_perproc_libspace                  0x08006dd5   Thumb Code     0  libspace.o(.text)
    __user_perthread_libspace                0x08006dd5   Thumb Code     0  libspace.o(.text)
    __rt_locale                              0x08006ddd   Thumb Code     8  rt_locale_intlibspace.o(.text)
    __aeabi_errno_addr                       0x08006de5   Thumb Code     8  rt_errno_addr_intlibspace.o(.text)
    __errno$intlibspace                      0x08006de5   Thumb Code     0  rt_errno_addr_intlibspace.o(.text)
    __rt_errno_addr$intlibspace              0x08006de5   Thumb Code     0  rt_errno_addr_intlibspace.o(.text)
    __Heap_ProvideMemory                     0x08006ded   Thumb Code    52  h1_extend.o(.text)
    _ll_udiv10                               0x08006e21   Thumb Code   138  lludiv10.o(.text)
    _printf_fp_infnan                        0x08006ead   Thumb Code   112  _printf_fp_infnan.o(.text)
    _btod_etento                             0x08006f2d   Thumb Code   222  bigflt0.o(.text)
    ferror                                   0x08007011   Thumb Code     8  ferror.o(.text)
    __rt_SIGRTMEM                            0x08007019   Thumb Code    14  defsig_rtmem_outer.o(.text)
    __user_setup_stackheap                   0x08007027   Thumb Code    74  sys_stackheap_outer.o(.text)
    exit                                     0x08007071   Thumb Code    12  exit.o(.text)
    __sig_exit                               0x0800707d   Thumb Code    10  defsig_exit.o(.text)
    __rt_SIGRTMEM_inner                      0x08007089   Thumb Code    22  defsig_rtmem_inner.o(.text)
    strcmp                                   0x080070d9   Thumb Code   128  strcmpv7m.o(.text)
    __default_signal_display                 0x08007159   Thumb Code    50  defsig_general.o(.text)
    _btod_d2e                                0x0800718b   Thumb Code    62  btod.o(CL$$btod_d2e)
    _d2e_denorm_low                          0x080071c9   Thumb Code    70  btod.o(CL$$btod_d2e_denorm_low)
    _d2e_norm_op1                            0x0800720f   Thumb Code    96  btod.o(CL$$btod_d2e_norm_op1)
    __btod_div_common                        0x0800726f   Thumb Code   696  btod.o(CL$$btod_div_common)
    _e2e                                     0x080075a7   Thumb Code   198  btod.o(CL$$btod_e2e)
    _btod_ediv                               0x0800766d   Thumb Code    40  btod.o(CL$$btod_ediv)
    _btod_emul                               0x08007695   Thumb Code    40  btod.o(CL$$btod_emul)
    __btod_mult_common                       0x080076bd   Thumb Code   580  btod.o(CL$$btod_mult_common)
    ADC_Cmd                                  0x08007901   Thumb Code    20  stm32f10x_adc.o(i.ADC_Cmd)
    ADC_DeInit                               0x08007915   Thumb Code    56  stm32f10x_adc.o(i.ADC_DeInit)
    ADC_GetCalibrationStatus                 0x08007959   Thumb Code    14  stm32f10x_adc.o(i.ADC_GetCalibrationStatus)
    ADC_GetConversionValue                   0x08007967   Thumb Code     6  stm32f10x_adc.o(i.ADC_GetConversionValue)
    ADC_GetFlagStatus                        0x0800796d   Thumb Code    14  stm32f10x_adc.o(i.ADC_GetFlagStatus)
    ADC_GetResetCalibrationStatus            0x0800797b   Thumb Code    14  stm32f10x_adc.o(i.ADC_GetResetCalibrationStatus)
    ADC_Init                                 0x08007989   Thumb Code    62  stm32f10x_adc.o(i.ADC_Init)
    ADC_RegularChannelConfig                 0x080079d1   Thumb Code   116  stm32f10x_adc.o(i.ADC_RegularChannelConfig)
    ADC_ResetCalibration                     0x08007a45   Thumb Code    10  stm32f10x_adc.o(i.ADC_ResetCalibration)
    ADC_SoftwareStartConvCmd                 0x08007a4f   Thumb Code    20  stm32f10x_adc.o(i.ADC_SoftwareStartConvCmd)
    ADC_StartCalibration                     0x08007a63   Thumb Code    10  stm32f10x_adc.o(i.ADC_StartCalibration)
    ADS1248_Init                             0x08007a6d   Thumb Code   260  ads1248.o(i.ADS1248_Init)
    ADS1248_ReadByte                         0x08007b7d   Thumb Code    40  ads1248.o(i.ADS1248_ReadByte)
    ADS1248_ReadReg                          0x08007bad   Thumb Code    86  ads1248.o(i.ADS1248_ReadReg)
    ADS1248_WriteByte                        0x08007c0d   Thumb Code    40  ads1248.o(i.ADS1248_WriteByte)
    ADS1248_WriteReg                         0x08007c3d   Thumb Code    92  ads1248.o(i.ADS1248_WriteReg)
    ADS_DataReadOnce                         0x08007ca1   Thumb Code    36  ads1248.o(i.ADS_DataReadOnce)
    AdcInit                                  0x08007cc5   Thumb Code   126  adc.o(i.AdcInit)
    AddQueue                                 0x08007d4d   Thumb Code    58  protocol.o(i.AddQueue)
    BKP_DeInit                               0x08007d87   Thumb Code    18  stm32f10x_bkp.o(i.BKP_DeInit)
    BKP_ReadBackupRegister                   0x08007d99   Thumb Code    12  stm32f10x_bkp.o(i.BKP_ReadBackupRegister)
    BKP_WriteBackupRegister                  0x08007da9   Thumb Code    12  stm32f10x_bkp.o(i.BKP_WriteBackupRegister)
    BoardInit                                0x08007db9   Thumb Code    58  main.o(i.BoardInit)
    BusFault_Handler                         0x08007df9   Thumb Code     2  kernal.o(i.BusFault_Handler)
    CRC_CalcBlockCRC                         0x08007dfd   Thumb Code    24  stm32f10x_crc.o(i.CRC_CalcBlockCRC)
    CRC_ResetDR                              0x08007e19   Thumb Code     8  stm32f10x_crc.o(i.CRC_ResetDR)
    DS18B20_Check                            0x08007e25   Thumb Code    94  ds18b20.o(i.DS18B20_Check)
    DS18B20_Get_Temp                         0x08007e89   Thumb Code   132  ds18b20.o(i.DS18B20_Get_Temp)
    DS18B20_Init                             0x08007f11   Thumb Code    58  ds18b20.o(i.DS18B20_Init)
    DS18B20_Read_Byte                        0x08007f51   Thumb Code   138  ds18b20.o(i.DS18B20_Read_Byte)
    DS18B20_Rst                              0x08007fe1   Thumb Code    52  ds18b20.o(i.DS18B20_Rst)
    DS18B20_Start                            0x08008019   Thumb Code    26  ds18b20.o(i.DS18B20_Start)
    DS18B20_Write_Byte                       0x08008035   Thumb Code    90  ds18b20.o(i.DS18B20_Write_Byte)
    DebugMon_Handler                         0x08008095   Thumb Code     2  kernal.o(i.DebugMon_Handler)
    DelayMs                                  0x08008099   Thumb Code    22  kernal.o(i.DelayMs)
    DelayMs_Sft                              0x080080b5   Thumb Code    10  kernal.o(i.DelayMs_Sft)
    DelayUs_Sft                              0x080080bf   Thumb Code    20  kernal.o(i.DelayUs_Sft)
    DeleteQueue                              0x080080d3   Thumb Code    46  protocol.o(i.DeleteQueue)
    DetectOnline                             0x08008101   Thumb Code    24  dtu.o(i.DetectOnline)
    DtuInit                                  0x080084f9   Thumb Code    84  dtu.o(i.DtuInit)
    DtuOn                                    0x08008559   Thumb Code     8  dtu.o(i.DtuOn)
    DtuPwrOn                                 0x08008565   Thumb Code     8  dtu.o(i.DtuPwrOn)
    EnterException                           0x08008571   Thumb Code    34  kernal.o(i.EnterException)
    ExternFlashChipErase                     0x080085a9   Thumb Code    46  sst25vf064c.o(i.ExternFlashChipErase)
    ExternFlashPageProgram                   0x080085e1   Thumb Code   286  sst25vf064c.o(i.ExternFlashPageProgram)
    ExternFlash_Init                         0x08008709   Thumb Code    98  sst25vf064c.o(i.ExternFlash_Init)
    FLASH_ErasePage                          0x08008775   Thumb Code    56  stm32f10x_flash.o(i.FLASH_ErasePage)
    FLASH_GetBank1Status                     0x080087b1   Thumb Code    34  stm32f10x_flash.o(i.FLASH_GetBank1Status)
    FLASH_Lock                               0x080087d9   Thumb Code    12  stm32f10x_flash.o(i.FLASH_Lock)
    FLASH_PrefetchBufferCmd                  0x080087e9   Thumb Code    18  stm32f10x_flash.o(i.FLASH_PrefetchBufferCmd)
    FLASH_ProgramWord                        0x08008801   Thumb Code    76  stm32f10x_flash.o(i.FLASH_ProgramWord)
    FLASH_SetLatency                         0x08008851   Thumb Code    14  stm32f10x_flash.o(i.FLASH_SetLatency)
    FLASH_Unlock                             0x08008865   Thumb Code    12  stm32f10x_flash.o(i.FLASH_Unlock)
    FLASH_WaitForLastOperation               0x0800887d   Thumb Code    34  stm32f10x_flash.o(i.FLASH_WaitForLastOperation)
    FlashInit                                0x080088a1   Thumb Code    44  flash.o(i.FlashInit)
    FlashReadSTM32                           0x080088d1   Thumb Code    12  flash.o(i.FlashReadSTM32)
    GPIO_Init                                0x080088dd   Thumb Code   152  stm32f10x_gpio.o(i.GPIO_Init)
    GPIO_PinRemapConfig                      0x08008975   Thumb Code    82  stm32f10x_gpio.o(i.GPIO_PinRemapConfig)
    GPIO_ReadInputDataBit                    0x080089cd   Thumb Code    14  stm32f10x_gpio.o(i.GPIO_ReadInputDataBit)
    GPIO_ResetBits                           0x080089db   Thumb Code     4  stm32f10x_gpio.o(i.GPIO_ResetBits)
    GPIO_Set                                 0x080089df   Thumb Code   156  stm32f10x_gpio.o(i.GPIO_Set)
    GPIO_SetBits                             0x08008a7b   Thumb Code     4  stm32f10x_gpio.o(i.GPIO_SetBits)
    GetAdc                                   0x08008a81   Thumb Code    46  adc.o(i.GetAdc)
    GetQueueLength                           0x08008ab5   Thumb Code    30  protocol.o(i.GetQueueLength)
    GetTickCount                             0x08008ad5   Thumb Code     6  kernal.o(i.GetTickCount)
    GetUartReceiveTime                       0x08008ae1   Thumb Code    34  serial.o(i.GetUartReceiveTime)
    HardFault_Handler                        0x0800958d   Thumb Code     4  kernal.o(i.HardFault_Handler)
    HardGenCrc32                             0x08009591   Thumb Code    22  protocol.o(i.HardGenCrc32)
    Init                                     0x080095a7   Thumb Code    12  protocol.o(i.Init)
    LedInit                                  0x080095d9   Thumb Code    38  led.o(i.LedInit)
    LedOff                                   0x08009605   Thumb Code    10  led.o(i.LedOff)
    LedOn                                    0x08009615   Thumb Code    10  led.o(i.LedOn)
    MemManage_Handler                        0x08009625   Thumb Code     2  kernal.o(i.MemManage_Handler)
    NMI_Handler                              0x08009627   Thumb Code     2  kernal.o(i.NMI_Handler)
    NVIC_Init                                0x08009629   Thumb Code    90  misc.o(i.NVIC_Init)
    OsInit                                   0x080096c5   Thumb Code    60  kernal.o(i.OsInit)
    PT100TempProcess                         0x0800970d   Thumb Code   270  ads1248.o(i.PT100TempProcess)
    PWR_BackupAccessCmd                      0x0800982d   Thumb Code     6  stm32f10x_pwr.o(i.PWR_BackupAccessCmd)
    PendSV_Handler                           0x08009839   Thumb Code     2  kernal.o(i.PendSV_Handler)
    RCC_ADCCLKConfig                         0x080098a5   Thumb Code    14  stm32f10x_rcc.o(i.RCC_ADCCLKConfig)
    RCC_AHBPeriphClockCmd                    0x080098b9   Thumb Code    18  stm32f10x_rcc.o(i.RCC_AHBPeriphClockCmd)
    RCC_APB1PeriphClockCmd                   0x080098d1   Thumb Code    18  stm32f10x_rcc.o(i.RCC_APB1PeriphClockCmd)
    RCC_APB2PeriphClockCmd                   0x080098e9   Thumb Code    18  stm32f10x_rcc.o(i.RCC_APB2PeriphClockCmd)
    RCC_APB2PeriphResetCmd                   0x08009901   Thumb Code    18  stm32f10x_rcc.o(i.RCC_APB2PeriphResetCmd)
    RCC_BackupResetCmd                       0x08009919   Thumb Code     6  stm32f10x_rcc.o(i.RCC_BackupResetCmd)
    RCC_DeInit                               0x080099a1   Thumb Code    50  stm32f10x_rcc.o(i.RCC_DeInit)
    RCC_GetClocksFreq                        0x080099e1   Thumb Code   132  stm32f10x_rcc.o(i.RCC_GetClocksFreq)
    RCC_GetFlagStatus                        0x08009a75   Thumb Code    42  stm32f10x_rcc.o(i.RCC_GetFlagStatus)
    RCC_GetSYSCLKSource                      0x08009aa5   Thumb Code    10  stm32f10x_rcc.o(i.RCC_GetSYSCLKSource)
    RCC_HCLKConfig                           0x08009ab5   Thumb Code    14  stm32f10x_rcc.o(i.RCC_HCLKConfig)
    RCC_HSEConfig                            0x08009ac9   Thumb Code    48  stm32f10x_rcc.o(i.RCC_HSEConfig)
    RCC_LSEConfig                            0x08009afd   Thumb Code    28  stm32f10x_rcc.o(i.RCC_LSEConfig)
    RCC_PCLK1Config                          0x08009b1d   Thumb Code    14  stm32f10x_rcc.o(i.RCC_PCLK1Config)
    RCC_PCLK2Config                          0x08009b31   Thumb Code    16  stm32f10x_rcc.o(i.RCC_PCLK2Config)
    RCC_PLLCmd                               0x08009b45   Thumb Code     6  stm32f10x_rcc.o(i.RCC_PLLCmd)
    RCC_PLLConfig                            0x08009b51   Thumb Code    16  stm32f10x_rcc.o(i.RCC_PLLConfig)
    RCC_RTCCLKCmd                            0x08009b65   Thumb Code     6  stm32f10x_rcc.o(i.RCC_RTCCLKCmd)
    RCC_RTCCLKConfig                         0x08009b71   Thumb Code    10  stm32f10x_rcc.o(i.RCC_RTCCLKConfig)
    RCC_SYSCLKConfig                         0x08009b81   Thumb Code    14  stm32f10x_rcc.o(i.RCC_SYSCLKConfig)
    RCC_WaitForHSEStartUp                    0x08009b95   Thumb Code    44  stm32f10x_rcc.o(i.RCC_WaitForHSEStartUp)
    RTC_ClearITPendingBit                    0x08009bc1   Thumb Code    10  stm32f10x_rtc.o(i.RTC_ClearITPendingBit)
    RTC_EnterConfigMode                      0x08009bd1   Thumb Code    12  stm32f10x_rtc.o(i.RTC_EnterConfigMode)
    RTC_ExitConfigMode                       0x08009be1   Thumb Code    12  stm32f10x_rtc.o(i.RTC_ExitConfigMode)
    RTC_Get                                  0x08009bf1   Thumb Code   264  rtc.o(i.RTC_Get)
    RTC_GetITStatus                          0x08009d0d   Thumb Code    28  stm32f10x_rtc.o(i.RTC_GetITStatus)
    RTC_IRQHandler                           0x08009d2d   Thumb Code    42  rtc.o(i.RTC_IRQHandler)
    RTC_ITConfig                             0x08009d59   Thumb Code    18  stm32f10x_rtc.o(i.RTC_ITConfig)
    RTC_Init                                 0x08009d71   Thumb Code   220  rtc.o(i.RTC_Init)
    RTC_Set                                  0x08009e51   Thumb Code   190  rtc.o(i.RTC_Set)
    RTC_SetCounter                           0x08009f21   Thumb Code    26  stm32f10x_rtc.o(i.RTC_SetCounter)
    RTC_SetPrescaler                         0x08009f41   Thumb Code    28  stm32f10x_rtc.o(i.RTC_SetPrescaler)
    RTC_WaitForLastTask                      0x08009f61   Thumb Code    10  stm32f10x_rtc.o(i.RTC_WaitForLastTask)
    RTC_WaitForSynchro                       0x08009f71   Thumb Code    18  stm32f10x_rtc.o(i.RTC_WaitForSynchro)
    ReadUsartData                            0x08009fc1   Thumb Code    80  serial.o(i.ReadUsartData)
    SPI_CalculateCRC                         0x0800a021   Thumb Code    20  stm32f10x_spi.o(i.SPI_CalculateCRC)
    SPI_Cmd                                  0x0800a035   Thumb Code    20  stm32f10x_spi.o(i.SPI_Cmd)
    SPI_I2S_GetFlagStatus                    0x0800a049   Thumb Code    14  stm32f10x_spi.o(i.SPI_I2S_GetFlagStatus)
    SPI_I2S_ITConfig                         0x0800a057   Thumb Code    24  stm32f10x_spi.o(i.SPI_I2S_ITConfig)
    SPI_I2S_ReceiveData                      0x0800a06f   Thumb Code     4  stm32f10x_spi.o(i.SPI_I2S_ReceiveData)
    SPI_I2S_SendData                         0x0800a073   Thumb Code     4  stm32f10x_spi.o(i.SPI_I2S_SendData)
    SPI_Init                                 0x0800a077   Thumb Code    56  stm32f10x_spi.o(i.SPI_Init)
    SST25VF0_Init                            0x0800a0b1   Thumb Code   102  sst25vf064c.o(i.SST25VF0_Init)
    SVC_Handler                              0x0800a125   Thumb Code     2  kernal.o(i.SVC_Handler)
    SpiCreate                                0x0800a2ad   Thumb Code   482  spi.o(i.SpiCreate)
    SpiOpen                                  0x0800a4a1   Thumb Code    22  spi.o(i.SpiOpen)
    SpiReadWriteByte                         0x0800a4b7   Thumb Code    76  spi.o(i.SpiReadWriteByte)
    SysTick_Handler                          0x0800a505   Thumb Code    34  kernal.o(i.SysTick_Handler)
    SystemInit                               0x0800a52d   Thumb Code    62  system_stm32f10x.o(i.SystemInit)
    TIM2_IRQHandler                          0x0800a581   Thumb Code    68  timer.o(i.TIM2_IRQHandler)
    TIM_ClearITPendingBit                    0x0800a5c9   Thumb Code     6  stm32f10x_tim.o(i.TIM_ClearITPendingBit)
    TIM_Cmd                                  0x0800a5cf   Thumb Code    20  stm32f10x_tim.o(i.TIM_Cmd)
    TIM_GetITStatus                          0x0800a5e3   Thumb Code    24  stm32f10x_tim.o(i.TIM_GetITStatus)
    TestDtu                                  0x0800a5fd   Thumb Code   522  testdtu.o(i.TestDtu)
    Tsa5017Init                              0x0800a82d   Thumb Code    44  tsa5017.o(i.Tsa5017Init)
    Tsa5017_CH1                              0x0800a85d   Thumb Code    48  tsa5017.o(i.Tsa5017_CH1)
    Tsa5017_CH2                              0x0800a891   Thumb Code    48  tsa5017.o(i.Tsa5017_CH2)
    Tsa5017_CH3                              0x0800a8c5   Thumb Code    48  tsa5017.o(i.Tsa5017_CH3)
    Tsa5017_CH4                              0x0800a8f9   Thumb Code    48  tsa5017.o(i.Tsa5017_CH4)
    USART1_IRQHandler                        0x0800a92d   Thumb Code    46  serial.o(i.USART1_IRQHandler)
    USART2_IRQHandler                        0x0800a965   Thumb Code    46  serial.o(i.USART2_IRQHandler)
    USART3_IRQHandler                        0x0800a99d   Thumb Code    46  serial.o(i.USART3_IRQHandler)
    USART_Cmd                                0x0800a9d5   Thumb Code    20  stm32f10x_usart.o(i.USART_Cmd)
    USART_GetFlagStatus                      0x0800a9e9   Thumb Code    14  stm32f10x_usart.o(i.USART_GetFlagStatus)
    USART_GetITStatus                        0x0800a9f7   Thumb Code    62  stm32f10x_usart.o(i.USART_GetITStatus)
    USART_ITConfig                           0x0800aa35   Thumb Code    48  stm32f10x_usart.o(i.USART_ITConfig)
    USART_Init                               0x0800aa65   Thumb Code   176  stm32f10x_usart.o(i.USART_Init)
    USART_ReceiveData                        0x0800ab19   Thumb Code     8  stm32f10x_usart.o(i.USART_ReceiveData)
    USART_SendData                           0x0800ab21   Thumb Code     8  stm32f10x_usart.o(i.USART_SendData)
    UartCreate                               0x0800ab29   Thumb Code   392  serial.o(i.UartCreate)
    UartDeinit                               0x0800acc9   Thumb Code    64  serial.o(i.UartDeinit)
    UartInit                                 0x0800ad15   Thumb Code    18  serial.o(i.UartInit)
    UartOpen                                 0x0800ad27   Thumb Code     6  serial.o(i.UartOpen)
    UsageFault_Handler                       0x0800ad2d   Thumb Code     2  kernal.o(i.UsageFault_Handler)
    UsartSend                                0x0800ad2f   Thumb Code    46  serial.o(i.UsartSend)
    __ARM_fpclassify                         0x0800ad89   Thumb Code    40  fpclassify.o(i.__ARM_fpclassify)
    _is_digit                                0x0800adb1   Thumb Code    14  __printf_wp.o(i._is_digit)
    _sys_exit                                0x0800adbf   Thumb Code     2  serial.o(i._sys_exit)
    _ttywrch                                 0x0800adc1   Thumb Code     2  serial.o(i._ttywrch)
    fputc                                    0x0800adc5   Thumb Code    18  serial.o(i.fputc)
    main                                     0x0800addd   Thumb Code    18  main.o(i.main)
    sqrt                                     0x0800adef   Thumb Code    76  sqrt.o(i.sqrt)
    _get_lc_numeric                          0x0800ae3d   Thumb Code    44  lc_numeric_c.o(locale$$code)
    __aeabi_d2f                              0x0800ae69   Thumb Code     0  d2f.o(x$fpl$d2f)
    _d2f                                     0x0800ae69   Thumb Code    98  d2f.o(x$fpl$d2f)
    __aeabi_dadd                             0x0800aecd   Thumb Code     0  daddsub_clz.o(x$fpl$dadd)
    _dadd                                    0x0800aecd   Thumb Code   332  daddsub_clz.o(x$fpl$dadd)
    __fpl_dcheck_NaN1                        0x0800b01d   Thumb Code    10  dcheck1.o(x$fpl$dcheck1)
    __fpl_dcmp_Inf                           0x0800b02d   Thumb Code    24  dcmpi.o(x$fpl$dcmpinf)
    __aeabi_ddiv                             0x0800b045   Thumb Code     0  ddiv.o(x$fpl$ddiv)
    _ddiv                                    0x0800b045   Thumb Code   552  ddiv.o(x$fpl$ddiv)
    __aeabi_d2iz                             0x0800b2f5   Thumb Code     0  dfix.o(x$fpl$dfix)
    _dfix                                    0x0800b2f5   Thumb Code    94  dfix.o(x$fpl$dfix)
    __aeabi_i2d                              0x0800b353   Thumb Code     0  dflt_clz.o(x$fpl$dflt)
    _dflt                                    0x0800b353   Thumb Code    46  dflt_clz.o(x$fpl$dflt)
    __aeabi_ui2d                             0x0800b381   Thumb Code     0  dflt_clz.o(x$fpl$dfltu)
    _dfltu                                   0x0800b381   Thumb Code    38  dflt_clz.o(x$fpl$dfltu)
    __aeabi_cdcmple                          0x0800b3a9   Thumb Code     0  dleqf.o(x$fpl$dleqf)
    _dcmple                                  0x0800b3a9   Thumb Code   120  dleqf.o(x$fpl$dleqf)
    __fpl_dcmple_InfNaN                      0x0800b40b   Thumb Code     0  dleqf.o(x$fpl$dleqf)
    __aeabi_dmul                             0x0800b421   Thumb Code     0  dmul.o(x$fpl$dmul)
    _dmul                                    0x0800b421   Thumb Code   332  dmul.o(x$fpl$dmul)
    __fpl_dnaninf                            0x0800b575   Thumb Code   156  dnaninf.o(x$fpl$dnaninf)
    __fpl_dretinf                            0x0800b611   Thumb Code    12  dretinf.o(x$fpl$dretinf)
    __aeabi_cdrcmple                         0x0800b61d   Thumb Code     0  drleqf.o(x$fpl$drleqf)
    _drcmple                                 0x0800b61d   Thumb Code   108  drleqf.o(x$fpl$drleqf)
    __aeabi_drsub                            0x0800b689   Thumb Code     0  daddsub_clz.o(x$fpl$drsb)
    _drsb                                    0x0800b689   Thumb Code    22  daddsub_clz.o(x$fpl$drsb)
    _dsqrt                                   0x0800b6a1   Thumb Code   456  dsqrt_noumaal.o(x$fpl$dsqrt)
    __aeabi_dsub                             0x0800b86d   Thumb Code     0  daddsub_clz.o(x$fpl$dsub)
    _dsub                                    0x0800b86d   Thumb Code   464  daddsub_clz.o(x$fpl$dsub)
    __aeabi_f2d                              0x0800ba41   Thumb Code     0  f2d.o(x$fpl$f2d)
    _f2d                                     0x0800ba41   Thumb Code    86  f2d.o(x$fpl$f2d)
    __fpl_fcheck_NaN1                        0x0800ba99   Thumb Code     6  fcheck1.o(x$fpl$fcheck1)
    __fpl_fnaninf                            0x0800baa5   Thumb Code   140  fnaninf.o(x$fpl$fnaninf)
    __fpl_fretinf                            0x0800bb31   Thumb Code    10  fretinf.o(x$fpl$fretinf)
    _printf_fp_dec                           0x0800bb3b   Thumb Code     4  printf1.o(x$fpl$printf1)
    __fpl_return_NaN                         0x0800bb3f   Thumb Code   100  retnan.o(x$fpl$retnan)
    __ARM_scalbn                             0x0800bba3   Thumb Code    92  scalbn.o(x$fpl$scalbn)
    __ARM_scalbnf                            0x0800bbff   Thumb Code    76  scalbnf.o(x$fpl$scalbnf)
    __fpl_cmpreturn                          0x0800bc4b   Thumb Code    48  trapv.o(x$fpl$trapveneer)
    __I$use$fp                               0x0800bc7a   Number         0  usenofp.o(x$fpl$usenofp)
    Region$$Table$$Base                      0x0800bd50   Number         0  anon$$obj.o(Region$$Table)
    Region$$Table$$Limit                     0x0800bd70   Number         0  anon$$obj.o(Region$$Table)
    SystemCoreClock                          0x20000014   Data           4  system_stm32f10x.o(.data)
    AHBPrescTable                            0x20000018   Data          16  system_stm32f10x.o(.data)
    cSysInfo                                 0x20000030   Data           4  kernal.o(.data)
    pUart1QueueInfo                          0x20000080   Data           4  serial.o(.data)
    pUart2QueueInfo                          0x20000084   Data           4  serial.o(.data)
    pUart3QueueInfo                          0x20000088   Data           4  serial.o(.data)
    __stdout                                 0x2000008c   Data           4  serial.o(.data)
    g_CalendarInfo                           0x20000098   Data          10  rtc.o(.bss)
    __libspace_start                         0x200000a4   Data          96  libspace.o(.bss)
    __temporary_stack_top$libspace           0x20000104   Data           0  libspace.o(.bss)



==============================================================================

Memory Map of the image

  Image Entry point : 0x080060ed

  Load Region LR_IROM1 (Base: 0x08006000, Size: 0x00005e24, Max: 0x0000a000, ABSOLUTE)

    Execution Region ER_IROM1 (Base: 0x08006000, Size: 0x00005d8c, Max: 0x0000a000, ABSOLUTE)

    Base Addr    Size         Type   Attr      Idx    E Section Name        Object

    0x08006000   0x000000ec   Data   RO         3086    RESET               startup_stm32f10x_md.o
    0x080060ec   0x00000008   Code   RO         4555  * !!!main             c_w.l(__main.o)
    0x080060f4   0x00000034   Code   RO         4885    !!!scatter          c_w.l(__scatter.o)
    0x08006128   0x0000001a   Code   RO         4887    !!handler_copy      c_w.l(__scatter_copy.o)
    0x08006142   0x00000002   PAD
    0x08006144   0x0000001c   Code   RO         4889    !!handler_zi        c_w.l(__scatter_zi.o)
    0x08006160   0x00000000   Code   RO         4538    .ARM.Collect$$_printf_percent$$00000000  c_w.l(_printf_percent.o)
    0x08006160   0x00000006   Code   RO         4537    .ARM.Collect$$_printf_percent$$00000003  c_w.l(_printf_f.o)
    0x08006166   0x00000006   Code   RO         4536    .ARM.Collect$$_printf_percent$$00000009  c_w.l(_printf_d.o)
    0x0800616c   0x00000006   Code   RO         4535    .ARM.Collect$$_printf_percent$$0000000C  c_w.l(_printf_x.o)
    0x08006172   0x00000006   Code   RO         4534    .ARM.Collect$$_printf_percent$$00000014  c_w.l(_printf_s.o)
    0x08006178   0x00000004   Code   RO         4645    .ARM.Collect$$_printf_percent$$00000017  c_w.l(_printf_percent_end.o)
    0x0800617c   0x00000002   Code   RO         4827    .ARM.Collect$$libinit$$00000000  c_w.l(libinit.o)
    0x0800617e   0x00000000   Code   RO         4651    .ARM.Collect$$libinit$$00000002  c_w.l(libinit2.o)
    0x0800617e   0x00000008   Code   RO         4652    .ARM.Collect$$libinit$$00000003  c_w.l(libinit2.o)
    0x08006186   0x00000000   Code   RO         4654    .ARM.Collect$$libinit$$00000008  c_w.l(libinit2.o)
    0x08006186   0x00000000   Code   RO         4656    .ARM.Collect$$libinit$$0000000A  c_w.l(libinit2.o)
    0x08006186   0x00000000   Code   RO         4658    .ARM.Collect$$libinit$$0000000C  c_w.l(libinit2.o)
    0x08006186   0x00000006   Code   RO         4659    .ARM.Collect$$libinit$$0000000D  c_w.l(libinit2.o)
    0x0800618c   0x00000000   Code   RO         4661    .ARM.Collect$$libinit$$0000000F  c_w.l(libinit2.o)
    0x0800618c   0x00000000   Code   RO         4663    .ARM.Collect$$libinit$$00000011  c_w.l(libinit2.o)
    0x0800618c   0x00000000   Code   RO         4665    .ARM.Collect$$libinit$$00000013  c_w.l(libinit2.o)
    0x0800618c   0x0000000a   Code   RO         4666    .ARM.Collect$$libinit$$00000014  c_w.l(libinit2.o)
    0x08006196   0x00000000   Code   RO         4667    .ARM.Collect$$libinit$$00000015  c_w.l(libinit2.o)
    0x08006196   0x00000000   Code   RO         4669    .ARM.Collect$$libinit$$00000017  c_w.l(libinit2.o)
    0x08006196   0x00000000   Code   RO         4671    .ARM.Collect$$libinit$$00000019  c_w.l(libinit2.o)
    0x08006196   0x00000000   Code   RO         4673    .ARM.Collect$$libinit$$0000001B  c_w.l(libinit2.o)
    0x08006196   0x00000000   Code   RO         4675    .ARM.Collect$$libinit$$0000001D  c_w.l(libinit2.o)
    0x08006196   0x00000000   Code   RO         4677    .ARM.Collect$$libinit$$0000001F  c_w.l(libinit2.o)
    0x08006196   0x00000000   Code   RO         4679    .ARM.Collect$$libinit$$00000021  c_w.l(libinit2.o)
    0x08006196   0x00000000   Code   RO         4681    .ARM.Collect$$libinit$$00000023  c_w.l(libinit2.o)
    0x08006196   0x00000000   Code   RO         4685    .ARM.Collect$$libinit$$0000002A  c_w.l(libinit2.o)
    0x08006196   0x00000000   Code   RO         4687    .ARM.Collect$$libinit$$0000002C  c_w.l(libinit2.o)
    0x08006196   0x00000000   Code   RO         4689    .ARM.Collect$$libinit$$0000002E  c_w.l(libinit2.o)
    0x08006196   0x00000000   Code   RO         4691    .ARM.Collect$$libinit$$00000030  c_w.l(libinit2.o)
    0x08006196   0x00000002   Code   RO         4692    .ARM.Collect$$libinit$$00000031  c_w.l(libinit2.o)
    0x08006198   0x00000002   Code   RO         4882    .ARM.Collect$$libshutdown$$00000000  c_w.l(libshutdown.o)
    0x0800619a   0x00000000   Code   RO         4842    .ARM.Collect$$libshutdown$$00000003  c_w.l(libshutdown2.o)
    0x0800619a   0x00000000   Code   RO         4845    .ARM.Collect$$libshutdown$$00000006  c_w.l(libshutdown2.o)
    0x0800619a   0x00000000   Code   RO         4848    .ARM.Collect$$libshutdown$$00000009  c_w.l(libshutdown2.o)
    0x0800619a   0x00000000   Code   RO         4850    .ARM.Collect$$libshutdown$$0000000B  c_w.l(libshutdown2.o)
    0x0800619a   0x00000000   Code   RO         4853    .ARM.Collect$$libshutdown$$0000000E  c_w.l(libshutdown2.o)
    0x0800619a   0x00000002   Code   RO         4854    .ARM.Collect$$libshutdown$$0000000F  c_w.l(libshutdown2.o)
    0x0800619c   0x00000000   Code   RO         4605    .ARM.Collect$$rtentry$$00000000  c_w.l(rtentry.o)
    0x0800619c   0x00000000   Code   RO         4716    .ARM.Collect$$rtentry$$00000002  c_w.l(rtentry2.o)
    0x0800619c   0x00000006   Code   RO         4728    .ARM.Collect$$rtentry$$00000004  c_w.l(rtentry4.o)
    0x080061a2   0x00000000   Code   RO         4718    .ARM.Collect$$rtentry$$00000009  c_w.l(rtentry2.o)
    0x080061a2   0x00000004   Code   RO         4719    .ARM.Collect$$rtentry$$0000000A  c_w.l(rtentry2.o)
    0x080061a6   0x00000000   Code   RO         4721    .ARM.Collect$$rtentry$$0000000C  c_w.l(rtentry2.o)
    0x080061a6   0x00000008   Code   RO         4722    .ARM.Collect$$rtentry$$0000000D  c_w.l(rtentry2.o)
    0x080061ae   0x00000002   Code   RO         4830    .ARM.Collect$$rtexit$$00000000  c_w.l(rtexit.o)
    0x080061b0   0x00000000   Code   RO         4856    .ARM.Collect$$rtexit$$00000002  c_w.l(rtexit2.o)
    0x080061b0   0x00000004   Code   RO         4857    .ARM.Collect$$rtexit$$00000003  c_w.l(rtexit2.o)
    0x080061b4   0x00000006   Code   RO         4858    .ARM.Collect$$rtexit$$00000004  c_w.l(rtexit2.o)
    0x080061ba   0x00000002   PAD
    0x080061bc   0x00000000   Code   RO         4742    .emb_text           c_w.l(maybetermalloc1.o)
    0x080061bc   0x00000040   Code   RO         3087    .text               startup_stm32f10x_md.o
    0x080061fc   0x00000002   Code   RO         4413    .text               c_w.l(use_no_semi_2.o)
    0x080061fe   0x0000005e   Code   RO         4419    .text               c_w.l(h1_alloc.o)
    0x0800625c   0x0000004e   Code   RO         4421    .text               c_w.l(h1_free.o)
    0x080062aa   0x00000002   PAD
    0x080062ac   0x00000018   Code   RO         4481    .text               c_w.l(noretval__2printf.o)
    0x080062c4   0x00000028   Code   RO         4483    .text               c_w.l(noretval__2sprintf.o)
    0x080062ec   0x00000052   Code   RO         4487    .text               c_w.l(_printf_pad.o)
    0x0800633e   0x00000052   Code   RO         4489    .text               c_w.l(_printf_str.o)
    0x08006390   0x00000078   Code   RO         4491    .text               c_w.l(_printf_dec.o)
    0x08006408   0x0000005c   Code   RO         4496    .text               c_w.l(_printf_hex_int.o)
    0x08006464   0x0000010e   Code   RO         4522    .text               c_w.l(__printf_wp.o)
    0x08006572   0x00000024   Code   RO         4539    .text               c_w.l(strstr.o)
    0x08006596   0x00000058   Code   RO         4541    .text               c_w.l(memcmp.o)
    0x080065ee   0x0000003e   Code   RO         4543    .text               c_w.l(strlen.o)
    0x0800662c   0x0000008a   Code   RO         4545    .text               c_w.l(rt_memcpy_v6.o)
    0x080066b6   0x00000044   Code   RO         4549    .text               c_w.l(rt_memclr.o)
    0x080066fa   0x0000004e   Code   RO         4551    .text               c_w.l(rt_memclr_w.o)
    0x08006748   0x00000006   Code   RO         4553    .text               c_w.l(heapauxi.o)
    0x0800674e   0x00000002   Code   RO         4601    .text               c_w.l(use_no_semi.o)
    0x08006750   0x00000008   Code   RO         4609    .text               c_w.l(rt_heap_descriptor_intlibspace.o)
    0x08006758   0x00000004   Code   RO         4611    .text               c_w.l(hguard.o)
    0x0800675c   0x0000008a   Code   RO         4613    .text               c_w.l(init_alloc.o)
    0x080067e6   0x0000000e   Code   RO         4617    .text               c_w.l(h1_init.o)
    0x080067f4   0x00000016   Code   RO         4631    .text               c_w.l(_rserrno.o)
    0x0800680a   0x000000b8   Code   RO         4633    .text               c_w.l(_printf_intcommon.o)
    0x080068c2   0x00000420   Code   RO         4635    .text               c_w.l(_printf_fp_dec.o)
    0x08006ce2   0x00000002   PAD
    0x08006ce4   0x00000030   Code   RO         4637    .text               c_w.l(_printf_char_common.o)
    0x08006d14   0x0000000a   Code   RO         4639    .text               c_w.l(_sputc.o)
    0x08006d1e   0x0000002c   Code   RO         4641    .text               c_w.l(_printf_char.o)
    0x08006d4a   0x00000002   PAD
    0x08006d4c   0x00000024   Code   RO         4643    .text               c_w.l(_printf_char_file.o)
    0x08006d70   0x00000064   Code   RO         4646    .text               c_w.l(rt_memcpy_w.o)
    0x08006dd4   0x00000008   Code   RO         4712    .text               c_w.l(libspace.o)
    0x08006ddc   0x00000008   Code   RO         4733    .text               c_w.l(rt_locale_intlibspace.o)
    0x08006de4   0x00000008   Code   RO         4738    .text               c_w.l(rt_errno_addr_intlibspace.o)
    0x08006dec   0x00000034   Code   RO         4744    .text               c_w.l(h1_extend.o)
    0x08006e20   0x0000008a   Code   RO         4748    .text               c_w.l(lludiv10.o)
    0x08006eaa   0x00000002   PAD
    0x08006eac   0x00000080   Code   RO         4750    .text               c_w.l(_printf_fp_infnan.o)
    0x08006f2c   0x000000e4   Code   RO         4754    .text               c_w.l(bigflt0.o)
    0x08007010   0x00000008   Code   RO         4779    .text               c_w.l(ferror.o)
    0x08007018   0x0000000e   Code   RO         4786    .text               c_w.l(defsig_rtmem_outer.o)
    0x08007026   0x0000004a   Code   RO         4804    .text               c_w.l(sys_stackheap_outer.o)
    0x08007070   0x0000000c   Code   RO         4810    .text               c_w.l(exit.o)
    0x0800707c   0x0000000a   Code   RO         4812    .text               c_w.l(defsig_exit.o)
    0x08007086   0x00000002   PAD
    0x08007088   0x00000050   Code   RO         4814    .text               c_w.l(defsig_rtmem_inner.o)
    0x080070d8   0x00000080   Code   RO         4816    .text               c_w.l(strcmpv7m.o)
    0x08007158   0x00000032   Code   RO         4838    .text               c_w.l(defsig_general.o)
    0x0800718a   0x0000003e   Code   RO         4757    CL$$btod_d2e        c_w.l(btod.o)
    0x080071c8   0x00000046   Code   RO         4759    CL$$btod_d2e_denorm_low  c_w.l(btod.o)
    0x0800720e   0x00000060   Code   RO         4758    CL$$btod_d2e_norm_op1  c_w.l(btod.o)
    0x0800726e   0x00000338   Code   RO         4767    CL$$btod_div_common  c_w.l(btod.o)
    0x080075a6   0x000000c6   Code   RO         4764    CL$$btod_e2e        c_w.l(btod.o)
    0x0800766c   0x00000028   Code   RO         4761    CL$$btod_ediv       c_w.l(btod.o)
    0x08007694   0x00000028   Code   RO         4760    CL$$btod_emul       c_w.l(btod.o)
    0x080076bc   0x00000244   Code   RO         4766    CL$$btod_mult_common  c_w.l(btod.o)
    0x08007900   0x00000014   Code   RO          110    i.ADC_Cmd           stm32f10x_adc.o
    0x08007914   0x00000044   Code   RO          112    i.ADC_DeInit        stm32f10x_adc.o
    0x08007958   0x0000000e   Code   RO          118    i.ADC_GetCalibrationStatus  stm32f10x_adc.o
    0x08007966   0x00000006   Code   RO          119    i.ADC_GetConversionValue  stm32f10x_adc.o
    0x0800796c   0x0000000e   Code   RO          121    i.ADC_GetFlagStatus  stm32f10x_adc.o
    0x0800797a   0x0000000e   Code   RO          124    i.ADC_GetResetCalibrationStatus  stm32f10x_adc.o
    0x08007988   0x00000048   Code   RO          128    i.ADC_Init          stm32f10x_adc.o
    0x080079d0   0x00000074   Code   RO          132    i.ADC_RegularChannelConfig  stm32f10x_adc.o
    0x08007a44   0x0000000a   Code   RO          133    i.ADC_ResetCalibration  stm32f10x_adc.o
    0x08007a4e   0x00000014   Code   RO          135    i.ADC_SoftwareStartConvCmd  stm32f10x_adc.o
    0x08007a62   0x0000000a   Code   RO          137    i.ADC_StartCalibration  stm32f10x_adc.o
    0x08007a6c   0x00000110   Code   RO         3939    i.ADS1248_Init      ads1248.o
    0x08007b7c   0x00000030   Code   RO         3940    i.ADS1248_ReadByte  ads1248.o
    0x08007bac   0x00000060   Code   RO         3941    i.ADS1248_ReadReg   ads1248.o
    0x08007c0c   0x00000030   Code   RO         3943    i.ADS1248_WriteByte  ads1248.o
    0x08007c3c   0x00000064   Code   RO         3944    i.ADS1248_WriteReg  ads1248.o
    0x08007ca0   0x00000024   Code   RO         3946    i.ADS_DataReadOnce  ads1248.o
    0x08007cc4   0x00000088   Code   RO         4244    i.AdcInit           adc.o
    0x08007d4c   0x0000003a   Code   RO         3289    i.AddQueue          protocol.o
    0x08007d86   0x00000012   Code   RO          328    i.BKP_DeInit        stm32f10x_bkp.o
    0x08007d98   0x00000010   Code   RO          333    i.BKP_ReadBackupRegister  stm32f10x_bkp.o
    0x08007da8   0x00000010   Code   RO          337    i.BKP_WriteBackupRegister  stm32f10x_bkp.o
    0x08007db8   0x00000040   Code   RO         3241    i.BoardInit         main.o
    0x08007df8   0x00000002   Code   RO         3092    i.BusFault_Handler  kernal.o
    0x08007dfa   0x00000002   PAD
    0x08007dfc   0x0000001c   Code   RO          655    i.CRC_CalcBlockCRC  stm32f10x_crc.o
    0x08007e18   0x0000000c   Code   RO          659    i.CRC_ResetDR       stm32f10x_crc.o
    0x08007e24   0x00000064   Code   RO         4340    i.DS18B20_Check     ds18b20.o
    0x08007e88   0x00000088   Code   RO         4341    i.DS18B20_Get_Temp  ds18b20.o
    0x08007f10   0x00000040   Code   RO         4342    i.DS18B20_Init      ds18b20.o
    0x08007f50   0x00000090   Code   RO         4344    i.DS18B20_Read_Byte  ds18b20.o
    0x08007fe0   0x00000038   Code   RO         4345    i.DS18B20_Rst       ds18b20.o
    0x08008018   0x0000001a   Code   RO         4346    i.DS18B20_Start     ds18b20.o
    0x08008032   0x00000002   PAD
    0x08008034   0x00000060   Code   RO         4347    i.DS18B20_Write_Byte  ds18b20.o
    0x08008094   0x00000002   Code   RO         3093    i.DebugMon_Handler  kernal.o
    0x08008096   0x00000002   PAD
    0x08008098   0x0000001c   Code   RO         3094    i.DelayMs           kernal.o
    0x080080b4   0x0000000a   Code   RO         3095    i.DelayMs_Sft       kernal.o
    0x080080be   0x00000014   Code   RO         3096    i.DelayUs_Sft       kernal.o
    0x080080d2   0x0000002e   Code   RO         3290    i.DeleteQueue       protocol.o
    0x08008100   0x0000001c   Code   RO         4022    i.DetectOnline      dtu.o
    0x0800811c   0x000003dc   Code   RO         3452    i.DtuConfigure      testdtu.o
    0x080084f8   0x00000060   Code   RO         4023    i.DtuInit           dtu.o
    0x08008558   0x0000000c   Code   RO         4025    i.DtuOn             dtu.o
    0x08008564   0x0000000c   Code   RO         4027    i.DtuPwrOn          dtu.o
    0x08008570   0x00000038   Code   RO         3097    i.EnterException    kernal.o
    0x080085a8   0x00000038   Code   RO         4065    i.ExternFlashChipErase  sst25vf064c.o
    0x080085e0   0x00000128   Code   RO         4067    i.ExternFlashPageProgram  sst25vf064c.o
    0x08008708   0x0000006c   Code   RO         4069    i.ExternFlash_Init  sst25vf064c.o
    0x08008774   0x0000003c   Code   RO          933    i.FLASH_ErasePage   stm32f10x_flash.o
    0x080087b0   0x00000028   Code   RO          934    i.FLASH_GetBank1Status  stm32f10x_flash.o
    0x080087d8   0x00000010   Code   RO          943    i.FLASH_Lock        stm32f10x_flash.o
    0x080087e8   0x00000018   Code   RO          945    i.FLASH_PrefetchBufferCmd  stm32f10x_flash.o
    0x08008800   0x00000050   Code   RO          948    i.FLASH_ProgramWord  stm32f10x_flash.o
    0x08008850   0x00000014   Code   RO          950    i.FLASH_SetLatency  stm32f10x_flash.o
    0x08008864   0x00000018   Code   RO          951    i.FLASH_Unlock      stm32f10x_flash.o
    0x0800887c   0x00000022   Code   RO          955    i.FLASH_WaitForLastOperation  stm32f10x_flash.o
    0x0800889e   0x00000002   PAD
    0x080088a0   0x00000030   Code   RO         4270    i.FlashInit         flash.o
    0x080088d0   0x0000000c   Code   RO         4271    i.FlashReadSTM32    flash.o
    0x080088dc   0x00000098   Code   RO         1229    i.GPIO_Init         stm32f10x_gpio.o
    0x08008974   0x00000058   Code   RO         1231    i.GPIO_PinRemapConfig  stm32f10x_gpio.o
    0x080089cc   0x0000000e   Code   RO         1233    i.GPIO_ReadInputDataBit  stm32f10x_gpio.o
    0x080089da   0x00000004   Code   RO         1236    i.GPIO_ResetBits    stm32f10x_gpio.o
    0x080089de   0x0000009c   Code   RO         1237    i.GPIO_Set          stm32f10x_gpio.o
    0x08008a7a   0x00000004   Code   RO         1238    i.GPIO_SetBits      stm32f10x_gpio.o
    0x08008a7e   0x00000002   PAD
    0x08008a80   0x00000034   Code   RO         4245    i.GetAdc            adc.o
    0x08008ab4   0x0000001e   Code   RO         3291    i.GetQueueLength    protocol.o
    0x08008ad2   0x00000002   PAD
    0x08008ad4   0x0000000c   Code   RO         3099    i.GetTickCount      kernal.o
    0x08008ae0   0x00000034   Code   RO         3646    i.GetUartReceiveTime  serial.o
    0x08008b14   0x00000094   Code   RO         3453    i.HandleADCProc     testdtu.o
    0x08008ba8   0x0000010c   Code   RO         3454    i.HandleAds1248Proc  testdtu.o
    0x08008cb4   0x00000064   Code   RO         3455    i.HandleBoardInfo   testdtu.o
    0x08008d18   0x000004d8   Code   RO         3456    i.HandleCmdProc     testdtu.o
    0x080091f0   0x0000013c   Code   RO         3457    i.HandleDataPackage  testdtu.o
    0x0800932c   0x00000074   Code   RO         3458    i.HandleModeProc    testdtu.o
    0x080093a0   0x0000006c   Code   RO         3459    i.HandleRTCProc     testdtu.o
    0x0800940c   0x00000180   Code   RO         3460    i.HandleTemperatureProc  testdtu.o
    0x0800958c   0x00000004   Code   RO         3100    i.HardFault_Handler  kernal.o
    0x08009590   0x00000016   Code   RO         3292    i.HardGenCrc32      protocol.o
    0x080095a6   0x0000000c   Code   RO         3293    i.Init              protocol.o
    0x080095b2   0x00000026   Code   RO         4201    i.Is_Leap_Year      rtc.o
    0x080095d8   0x0000002c   Code   RO         3622    i.LedInit           led.o
    0x08009604   0x00000010   Code   RO         3623    i.LedOff            led.o
    0x08009614   0x00000010   Code   RO         3624    i.LedOn             led.o
    0x08009624   0x00000002   Code   RO         3101    i.MemManage_Handler  kernal.o
    0x08009626   0x00000002   Code   RO         3102    i.NMI_Handler       kernal.o
    0x08009628   0x00000064   Code   RO            1    i.NVIC_Init         misc.o
    0x0800968c   0x0000001c   Code   RO         3103    i.NVIC_SystemReset  kernal.o
    0x080096a8   0x0000001c   Code   RO         3461    i.NVIC_SystemReset  testdtu.o
    0x080096c4   0x00000048   Code   RO         3104    i.OsInit            kernal.o
    0x0800970c   0x00000120   Code   RO         3949    i.PT100TempProcess  ads1248.o
    0x0800982c   0x0000000c   Code   RO         1592    i.PWR_BackupAccessCmd  stm32f10x_pwr.o
    0x08009838   0x00000002   Code   RO         3105    i.PendSV_Handler    kernal.o
    0x0800983a   0x00000002   PAD
    0x0800983c   0x00000068   Code   RO         3950    i.Pt100             ads1248.o
    0x080098a4   0x00000014   Code   RO         1652    i.RCC_ADCCLKConfig  stm32f10x_rcc.o
    0x080098b8   0x00000018   Code   RO         1653    i.RCC_AHBPeriphClockCmd  stm32f10x_rcc.o
    0x080098d0   0x00000018   Code   RO         1654    i.RCC_APB1PeriphClockCmd  stm32f10x_rcc.o
    0x080098e8   0x00000018   Code   RO         1656    i.RCC_APB2PeriphClockCmd  stm32f10x_rcc.o
    0x08009900   0x00000018   Code   RO         1657    i.RCC_APB2PeriphResetCmd  stm32f10x_rcc.o
    0x08009918   0x0000000c   Code   RO         1659    i.RCC_BackupResetCmd  stm32f10x_rcc.o
    0x08009924   0x0000007c   Code   RO         3106    i.RCC_Configuration  kernal.o
    0x080099a0   0x00000040   Code   RO         1663    i.RCC_DeInit        stm32f10x_rcc.o
    0x080099e0   0x00000094   Code   RO         1664    i.RCC_GetClocksFreq  stm32f10x_rcc.o
    0x08009a74   0x00000030   Code   RO         1665    i.RCC_GetFlagStatus  stm32f10x_rcc.o
    0x08009aa4   0x00000010   Code   RO         1667    i.RCC_GetSYSCLKSource  stm32f10x_rcc.o
    0x08009ab4   0x00000014   Code   RO         1668    i.RCC_HCLKConfig    stm32f10x_rcc.o
    0x08009ac8   0x00000034   Code   RO         1669    i.RCC_HSEConfig     stm32f10x_rcc.o
    0x08009afc   0x00000020   Code   RO         1672    i.RCC_LSEConfig     stm32f10x_rcc.o
    0x08009b1c   0x00000014   Code   RO         1675    i.RCC_PCLK1Config   stm32f10x_rcc.o
    0x08009b30   0x00000014   Code   RO         1676    i.RCC_PCLK2Config   stm32f10x_rcc.o
    0x08009b44   0x0000000c   Code   RO         1677    i.RCC_PLLCmd        stm32f10x_rcc.o
    0x08009b50   0x00000014   Code   RO         1678    i.RCC_PLLConfig     stm32f10x_rcc.o
    0x08009b64   0x0000000c   Code   RO         1679    i.RCC_RTCCLKCmd     stm32f10x_rcc.o
    0x08009b70   0x00000010   Code   RO         1680    i.RCC_RTCCLKConfig  stm32f10x_rcc.o
    0x08009b80   0x00000014   Code   RO         1681    i.RCC_SYSCLKConfig  stm32f10x_rcc.o
    0x08009b94   0x0000002c   Code   RO         1683    i.RCC_WaitForHSEStartUp  stm32f10x_rcc.o
    0x08009bc0   0x00000010   Code   RO         1853    i.RTC_ClearITPendingBit  stm32f10x_rtc.o
    0x08009bd0   0x00000010   Code   RO         1854    i.RTC_EnterConfigMode  stm32f10x_rtc.o
    0x08009be0   0x00000010   Code   RO         1855    i.RTC_ExitConfigMode  stm32f10x_rtc.o
    0x08009bf0   0x0000011c   Code   RO         4202    i.RTC_Get           rtc.o
    0x08009d0c   0x00000020   Code   RO         1859    i.RTC_GetITStatus   stm32f10x_rtc.o
    0x08009d2c   0x0000002a   Code   RO         4203    i.RTC_IRQHandler    rtc.o
    0x08009d56   0x00000002   PAD
    0x08009d58   0x00000018   Code   RO         1860    i.RTC_ITConfig      stm32f10x_rtc.o
    0x08009d70   0x000000e0   Code   RO         4204    i.RTC_Init          rtc.o
    0x08009e50   0x000000d0   Code   RO         4205    i.RTC_Set           rtc.o
    0x08009f20   0x00000020   Code   RO         1862    i.RTC_SetCounter    stm32f10x_rtc.o
    0x08009f40   0x00000020   Code   RO         1863    i.RTC_SetPrescaler  stm32f10x_rtc.o
    0x08009f60   0x00000010   Code   RO         1864    i.RTC_WaitForLastTask  stm32f10x_rtc.o
    0x08009f70   0x00000018   Code   RO         1865    i.RTC_WaitForSynchro  stm32f10x_rtc.o
    0x08009f88   0x00000038   Code   RO         4076    i.ReadStatusRegister  sst25vf064c.o
    0x08009fc0   0x00000060   Code   RO         3647    i.ReadUsartData     serial.o
    0x0800a020   0x00000014   Code   RO         2134    i.SPI_CalculateCRC  stm32f10x_spi.o
    0x0800a034   0x00000014   Code   RO         2135    i.SPI_Cmd           stm32f10x_spi.o
    0x0800a048   0x0000000e   Code   RO         2143    i.SPI_I2S_GetFlagStatus  stm32f10x_spi.o
    0x0800a056   0x00000018   Code   RO         2145    i.SPI_I2S_ITConfig  stm32f10x_spi.o
    0x0800a06e   0x00000004   Code   RO         2146    i.SPI_I2S_ReceiveData  stm32f10x_spi.o
    0x0800a072   0x00000004   Code   RO         2147    i.SPI_I2S_SendData  stm32f10x_spi.o
    0x0800a076   0x00000038   Code   RO         2148    i.SPI_Init          stm32f10x_spi.o
    0x0800a0ae   0x00000002   PAD
    0x0800a0b0   0x00000074   Code   RO         4077    i.SST25VF0_Init     sst25vf064c.o
    0x0800a124   0x00000002   Code   RO         3107    i.SVC_Handler       kernal.o
    0x0800a126   0x00000002   PAD
    0x0800a128   0x000000e0   Code   RO         3462    i.SendAndWaitDtuDataProc  testdtu.o
    0x0800a208   0x000000a4   Code   RO         3055    i.SetSysClockTo36   system_stm32f10x.o
    0x0800a2ac   0x000001f4   Code   RO         3760    i.SpiCreate         spi.o
    0x0800a4a0   0x00000016   Code   RO         3761    i.SpiOpen           spi.o
    0x0800a4b6   0x0000004c   Code   RO         3762    i.SpiReadWriteByte  spi.o
    0x0800a502   0x00000002   PAD
    0x0800a504   0x00000028   Code   RO         3109    i.SysTick_Handler   kernal.o
    0x0800a52c   0x00000054   Code   RO         3057    i.SystemInit        system_stm32f10x.o
    0x0800a580   0x00000048   Code   RO         3797    i.TIM2_IRQHandler   timer.o
    0x0800a5c8   0x00000006   Code   RO         2283    i.TIM_ClearITPendingBit  stm32f10x_tim.o
    0x0800a5ce   0x00000014   Code   RO         2288    i.TIM_Cmd           stm32f10x_tim.o
    0x0800a5e2   0x00000018   Code   RO         2309    i.TIM_GetITStatus   stm32f10x_tim.o
    0x0800a5fa   0x00000002   PAD
    0x0800a5fc   0x00000230   Code   RO         3463    i.TestDtu           testdtu.o
    0x0800a82c   0x00000030   Code   RO         3899    i.Tsa5017Init       tsa5017.o
    0x0800a85c   0x00000034   Code   RO         3900    i.Tsa5017_CH1       tsa5017.o
    0x0800a890   0x00000034   Code   RO         3901    i.Tsa5017_CH2       tsa5017.o
    0x0800a8c4   0x00000034   Code   RO         3902    i.Tsa5017_CH3       tsa5017.o
    0x0800a8f8   0x00000034   Code   RO         3903    i.Tsa5017_CH4       tsa5017.o
    0x0800a92c   0x00000038   Code   RO         3650    i.USART1_IRQHandler  serial.o
    0x0800a964   0x00000038   Code   RO         3651    i.USART2_IRQHandler  serial.o
    0x0800a99c   0x00000038   Code   RO         3652    i.USART3_IRQHandler  serial.o
    0x0800a9d4   0x00000014   Code   RO         2811    i.USART_Cmd         stm32f10x_usart.o
    0x0800a9e8   0x0000000e   Code   RO         2814    i.USART_GetFlagStatus  stm32f10x_usart.o
    0x0800a9f6   0x0000003e   Code   RO         2815    i.USART_GetITStatus  stm32f10x_usart.o
    0x0800aa34   0x00000030   Code   RO         2817    i.USART_ITConfig    stm32f10x_usart.o
    0x0800aa64   0x000000b4   Code   RO         2818    i.USART_Init        stm32f10x_usart.o
    0x0800ab18   0x00000008   Code   RO         2825    i.USART_ReceiveData  stm32f10x_usart.o
    0x0800ab20   0x00000008   Code   RO         2828    i.USART_SendData    stm32f10x_usart.o
    0x0800ab28   0x000001a0   Code   RO         3654    i.UartCreate        serial.o
    0x0800acc8   0x0000004c   Code   RO         3655    i.UartDeinit        serial.o
    0x0800ad14   0x00000012   Code   RO         3656    i.UartInit          serial.o
    0x0800ad26   0x00000006   Code   RO         3657    i.UartOpen          serial.o
    0x0800ad2c   0x00000002   Code   RO         3110    i.UsageFault_Handler  kernal.o
    0x0800ad2e   0x0000002e   Code   RO         3658    i.UsartSend         serial.o
    0x0800ad5c   0x0000002c   Code   RO         4078    i.WREN              sst25vf064c.o
    0x0800ad88   0x00000028   Code   RO         4801    i.__ARM_fpclassify  m_ws.l(fpclassify.o)
    0x0800adb0   0x0000000e   Code   RO         4524    i._is_digit         c_w.l(__printf_wp.o)
    0x0800adbe   0x00000002   Code   RO         3659    i._sys_exit         serial.o
    0x0800adc0   0x00000002   Code   RO         3660    i._ttywrch          serial.o
    0x0800adc2   0x00000002   PAD
    0x0800adc4   0x00000018   Code   RO         3661    i.fputc             serial.o
    0x0800addc   0x00000012   Code   RO         3242    i.main              main.o
    0x0800adee   0x0000004c   Code   RO         4594    i.sqrt              m_ws.l(sqrt.o)
    0x0800ae3a   0x00000002   PAD
    0x0800ae3c   0x0000002c   Code   RO         4784    locale$$code        c_w.l(lc_numeric_c.o)
    0x0800ae68   0x00000062   Code   RO         4557    x$fpl$d2f           fz_ws.l(d2f.o)
    0x0800aeca   0x00000002   PAD
    0x0800aecc   0x00000150   Code   RO         4559    x$fpl$dadd          fz_ws.l(daddsub_clz.o)
    0x0800b01c   0x00000010   Code   RO         4693    x$fpl$dcheck1       fz_ws.l(dcheck1.o)
    0x0800b02c   0x00000018   Code   RO         4695    x$fpl$dcmpinf       fz_ws.l(dcmpi.o)
    0x0800b044   0x000002b0   Code   RO         4566    x$fpl$ddiv          fz_ws.l(ddiv.o)
    0x0800b2f4   0x0000005e   Code   RO         4569    x$fpl$dfix          fz_ws.l(dfix.o)
    0x0800b352   0x0000002e   Code   RO         4574    x$fpl$dflt          fz_ws.l(dflt_clz.o)
    0x0800b380   0x00000026   Code   RO         4573    x$fpl$dfltu         fz_ws.l(dflt_clz.o)
    0x0800b3a6   0x00000002   PAD
    0x0800b3a8   0x00000078   Code   RO         4579    x$fpl$dleqf         fz_ws.l(dleqf.o)
    0x0800b420   0x00000154   Code   RO         4581    x$fpl$dmul          fz_ws.l(dmul.o)
    0x0800b574   0x0000009c   Code   RO         4697    x$fpl$dnaninf       fz_ws.l(dnaninf.o)
    0x0800b610   0x0000000c   Code   RO         4699    x$fpl$dretinf       fz_ws.l(dretinf.o)
    0x0800b61c   0x0000006c   Code   RO         4583    x$fpl$drleqf        fz_ws.l(drleqf.o)
    0x0800b688   0x00000016   Code   RO         4560    x$fpl$drsb          fz_ws.l(daddsub_clz.o)
    0x0800b69e   0x00000002   PAD
    0x0800b6a0   0x000001cc   Code   RO         4701    x$fpl$dsqrt         fz_ws.l(dsqrt_noumaal.o)
    0x0800b86c   0x000001d4   Code   RO         4561    x$fpl$dsub          fz_ws.l(daddsub_clz.o)
    0x0800ba40   0x00000056   Code   RO         4585    x$fpl$f2d           fz_ws.l(f2d.o)
    0x0800ba96   0x00000002   PAD
    0x0800ba98   0x0000000c   Code   RO         4703    x$fpl$fcheck1       fz_ws.l(fcheck1.o)
    0x0800baa4   0x0000008c   Code   RO         4705    x$fpl$fnaninf       fz_ws.l(fnaninf.o)
    0x0800bb30   0x0000000a   Code   RO         4707    x$fpl$fretinf       fz_ws.l(fretinf.o)
    0x0800bb3a   0x00000004   Code   RO         4587    x$fpl$printf1       fz_ws.l(printf1.o)
    0x0800bb3e   0x00000064   Code   RO         4799    x$fpl$retnan        fz_ws.l(retnan.o)
    0x0800bba2   0x0000005c   Code   RO         4589    x$fpl$scalbn        fz_ws.l(scalbn.o)
    0x0800bbfe   0x0000004c   Code   RO         4591    x$fpl$scalbnf       fz_ws.l(scalbnf.o)
    0x0800bc4a   0x00000030   Code   RO         4828    x$fpl$trapveneer    fz_ws.l(trapv.o)
    0x0800bc7a   0x00000000   Code   RO         4709    x$fpl$usenofp       fz_ws.l(usenofp.o)
    0x0800bc7a   0x00000018   Data   RO         4207    .constdata          rtc.o
    0x0800bc92   0x00000028   Data   RO         4497    .constdata          c_w.l(_printf_hex_int.o)
    0x0800bcba   0x00000002   PAD
    0x0800bcbc   0x00000094   Data   RO         4755    .constdata          c_w.l(bigflt0.o)
    0x0800bd50   0x00000020   Data   RO         4883    Region$$Table       anon$$obj.o
    0x0800bd70   0x0000001c   Data   RO         4783    locale$$data        c_w.l(lc_numeric_c.o)


    Execution Region RW_IRAM1 (Base: 0x20000000, Size: 0x00002708, Max: 0x00002800, ABSOLUTE)

    Base Addr    Size         Type   Attr      Idx    E Section Name        Object

    0x20000000   0x00000014   Data   RW         1684    .data               stm32f10x_rcc.o
    0x20000014   0x00000014   Data   RW         3058    .data               system_stm32f10x.o
    0x20000028   0x0000000c   Data   RW         3111    .data               kernal.o
    0x20000034   0x0000003a   Data   RW         3464    .data               testdtu.o
    0x2000006e   0x00000002   PAD
    0x20000070   0x0000001c   Data   RW         3662    .data               serial.o
    0x2000008c   0x00000004   Data   RW         3663    .data               serial.o
    0x20000090   0x00000004   Data   RW         3801    .data               timer.o
    0x20000094   0x00000002   Data   RW         4208    .data               rtc.o
    0x20000096   0x00000002   PAD
    0x20000098   0x0000000a   Zero   RW         4206    .bss                rtc.o
    0x200000a2   0x00000002   PAD
    0x200000a4   0x00000060   Zero   RW         4713    .bss                c_w.l(libspace.o)
    0x20000104   0x00000004   PAD
    0x20000108   0x00001700   Zero   RW         3085    HEAP                startup_stm32f10x_md.o
    0x20001808   0x00000f00   Zero   RW         3084    STACK               startup_stm32f10x_md.o


==============================================================================

Image component sizes


      Code (inc. data)   RO Data    RW Data    ZI Data      Debug   Object Name

       188         16          0          0          0       1023   adc.o
       992        100          0          0          0       6587   ads1248.o
         0          0          0          0          0         32   core_cm3.o
       622         32          0          0          0       4061   ds18b20.o
       148         24          0          0          0       2138   dtu.o
        60          4          0          0          0       1253   flash.o
       408         60          0         12          0      28317   kernal.o
        76         18          0          0          0       1159   led.o
        82          6          0          0          0       1743   main.o
       100         10          0          0          0     273936   misc.o
       168          0          0          0          0       2656   protocol.o
       796         42         24          2         10       4237   rtc.o
       906        106          0         32          0      10138   serial.o
       598         18          0          0          0       3205   spi.o
       676         60          0          0          0       4203   sst25vf064c.o
        64         26        236          0       9728        760   startup_stm32f10x_md.o
       364         22          0          0          0       7434   stm32f10x_adc.o
        50          8          0          0          0       2368   stm32f10x_bkp.o
        40          8          0          0          0       1213   stm32f10x_crc.o
       298         42          0          0          0       5612   stm32f10x_flash.o
       418          6          0          0          0       4461   stm32f10x_gpio.o
        12          6          0          0          0        434   stm32f10x_pwr.o
       672        130          0         20          0      12374   stm32f10x_rcc.o
       208         46          0          0          0       4405   stm32f10x_rtc.o
       142          0          0          0          0       4276   stm32f10x_spi.o
        50          0          0          0          0       2739   stm32f10x_tim.o
       340          4          0          0          0       5229   stm32f10x_usart.o
       248         30          0         20          0       1673   system_stm32f10x.o
         0          0          0          0          0        846   testads1248.o
      4480       1292          0         58          0      25033   testdtu.o
        72          4          0          4          0        666   timer.o
       256         20          0          0          0       2286   tsa5017.o

    ----------------------------------------------------------------------
     13560       2140        292        152       9740     426497   Object Totals
         0          0         32          0          0          0   (incl. Generated)
        26          0          0          4          2          0   (incl. Padding)

    ----------------------------------------------------------------------

      Code (inc. data)   RO Data    RW Data    ZI Data      Debug   Library Member Name

         8          0          0          0          0         68   __main.o
       284          0          0          0          0        156   __printf_wp.o
        52          8          0          0          0          0   __scatter.o
        26          0          0          0          0          0   __scatter_copy.o
        28          0          0          0          0          0   __scatter_zi.o
        44          0          0          0          0        108   _printf_char.o
        48          6          0          0          0         96   _printf_char_common.o
        36          4          0          0          0         80   _printf_char_file.o
         6          0          0          0          0          0   _printf_d.o
       120         18          0          0          0         92   _printf_dec.o
         6          0          0          0          0          0   _printf_f.o
      1056          0          0          0          0        216   _printf_fp_dec.o
       128         16          0          0          0         84   _printf_fp_infnan.o
        92          4         40          0          0         88   _printf_hex_int.o
       184          0          0          0          0         88   _printf_intcommon.o
        82          0          0          0          0        108   _printf_pad.o
         0          0          0          0          0          0   _printf_percent.o
         4          0          0          0          0          0   _printf_percent_end.o
         6          0          0          0          0          0   _printf_s.o
        82          0          0          0          0         80   _printf_str.o
         6          0          0          0          0          0   _printf_x.o
        22          0          0          0          0        100   _rserrno.o
        10          0          0          0          0         68   _sputc.o
       228          6        148          0          0         96   bigflt0.o
      1910        128          0          0          0        672   btod.o
        10          0          0          0          0         68   defsig_exit.o
        50          0          0          0          0         88   defsig_general.o
        80         58          0          0          0         76   defsig_rtmem_inner.o
        14          0          0          0          0         80   defsig_rtmem_outer.o
        12          0          0          0          0         72   exit.o
         8          0          0          0          0         68   ferror.o
        94          0          0          0          0         80   h1_alloc.o
        52          0          0          0          0         68   h1_extend.o
        78          0          0          0          0         80   h1_free.o
        14          0          0          0          0         84   h1_init.o
         6          0          0          0          0        152   heapauxi.o
         4          0          0          0          0        136   hguard.o
       138          0          0          0          0        168   init_alloc.o
        44         10         28          0          0         76   lc_numeric_c.o
         2          0          0          0          0          0   libinit.o
        26          0          0          0          0          0   libinit2.o
         2          0          0          0          0          0   libshutdown.o
         2          0          0          0          0          0   libshutdown2.o
         8          4          0          0         96         68   libspace.o
       138          0          0          0          0         80   lludiv10.o
         0          0          0          0          0          0   maybetermalloc1.o
        88          0          0          0          0         76   memcmp.o
        24          4          0          0          0         84   noretval__2printf.o
        40          6          0          0          0         84   noretval__2sprintf.o
         8          4          0          0          0         68   rt_errno_addr_intlibspace.o
         8          4          0          0          0         68   rt_heap_descriptor_intlibspace.o
         8          4          0          0          0         68   rt_locale_intlibspace.o
        68          0          0          0          0         68   rt_memclr.o
        78          0          0          0          0         80   rt_memclr_w.o
       138          0          0          0          0         68   rt_memcpy_v6.o
       100          0          0          0          0         80   rt_memcpy_w.o
         0          0          0          0          0          0   rtentry.o
        12          0          0          0          0          0   rtentry2.o
         6          0          0          0          0          0   rtentry4.o
         2          0          0          0          0          0   rtexit.o
        10          0          0          0          0          0   rtexit2.o
       128          0          0          0          0         68   strcmpv7m.o
        62          0          0          0          0         76   strlen.o
        36          0          0          0          0         80   strstr.o
        74          0          0          0          0         80   sys_stackheap_outer.o
         2          0          0          0          0         68   use_no_semi.o
         2          0          0          0          0         68   use_no_semi_2.o
        98          4          0          0          0         92   d2f.o
       826         16          0          0          0        348   daddsub_clz.o
        16          4          0          0          0         68   dcheck1.o
        24          0          0          0          0         68   dcmpi.o
       688        140          0          0          0        208   ddiv.o
        94          4          0          0          0         92   dfix.o
        84          0          0          0          0        136   dflt_clz.o
       120          4          0          0          0         92   dleqf.o
       340         12          0          0          0        104   dmul.o
       156          4          0          0          0         92   dnaninf.o
        12          0          0          0          0         68   dretinf.o
       108          0          0          0          0         80   drleqf.o
       460         56          0          0          0        120   dsqrt_noumaal.o
        86          4          0          0          0         84   f2d.o
        12          4          0          0          0         68   fcheck1.o
       140          4          0          0          0         84   fnaninf.o
        10          0          0          0          0         68   fretinf.o
         4          0          0          0          0         68   printf1.o
       100          0          0          0          0         68   retnan.o
        92          0          0          0          0         68   scalbn.o
        76          0          0          0          0         68   scalbnf.o
        48          0          0          0          0         68   trapv.o
         0          0          0          0          0          0   usenofp.o
        40          0          0          0          0         68   fpclassify.o
        76          0          0          0          0         84   sqrt.o

    ----------------------------------------------------------------------
      9878        540        218          0        100       7192   Library Totals
        24          0          2          0          4          0   (incl. Padding)

    ----------------------------------------------------------------------

      Code (inc. data)   RO Data    RW Data    ZI Data      Debug   Library Name

      6144        284        216          0         96       4828   c_w.l
      3594        256          0          0          0       2212   fz_ws.l
       116          0          0          0          0        152   m_ws.l

    ----------------------------------------------------------------------
      9878        540        218          0        100       7192   Library Totals

    ----------------------------------------------------------------------

==============================================================================


      Code (inc. data)   RO Data    RW Data    ZI Data      Debug   

     23438       2680        510        152       9840     420481   Grand Totals
     23438       2680        510        152       9840     420481   ELF Image Totals
     23438       2680        510        152          0          0   ROM Totals

==============================================================================

    Total RO  Size (Code + RO Data)                23948 (  23.39kB)
    Total RW  Size (RW Data + ZI Data)              9992 (   9.76kB)
    Total ROM Size (Code + RO Data + RW Data)      24100 (  23.54kB)

==============================================================================

