################################################################################
#                                                                              #
#      IAR Universal Linker V6.3.2.73                                          #
#                                                                              #
#           Link time     =  23/May/2016  08:40:45                             #
#           Target CPU    =  MSP430                                            #
#           List file     =  E:\PROJECT\建科\SCT_主设备\prj\Debug\List\SCT_430 #
#                            .map                                              #
#           Output file 1 =  E:\PROJECT\建科\SCT_主设备\prj\Debug\Exe\SCT_430. #
#                            d43                                               #
#                            Format: ubrof10                                   #
#                            UBROF version 10.0.6                              #
#                            Using library modules for C-SPY (-rt)             #
#           Command line  =  E:\PROJECT\建科\SCT_主设备\prj\Debug\Obj\beep.r43 #
#                            E:\PROJECT\建科\SCT_主设备\prj\Debug\Obj\ch8_cent #
#                            er.r43                                            #
#                            E:\PROJECT\建科\SCT_主设备\prj\Debug\Obj\clk.r43  #
#                            E:\PROJECT\建科\SCT_主设备\prj\Debug\Obj\cmd.r43  #
#                            E:\PROJECT\建科\SCT_主设备\prj\Debug\Obj\dtprotoc #
#                            ol.r43                                            #
#                            E:\PROJECT\建科\SCT_主设备\prj\Debug\Obj\dtu.r43  #
#                            E:\PROJECT\建科\SCT_主设备\prj\Debug\Obj\ecc.r43  #
#                            E:\PROJECT\建科\SCT_主设备\prj\Debug\Obj\firmware #
#                            update.r43                                        #
#                            E:\PROJECT\建科\SCT_主设备\prj\Debug\Obj\flash.r4 #
#                            3                                                 #
#                            E:\PROJECT\建科\SCT_主设备\prj\Debug\Obj\freq.r43 #
#                            E:\PROJECT\建科\SCT_主设备\prj\Debug\Obj\gpio.r43 #
#                            E:\PROJECT\建科\SCT_主设备\prj\Debug\Obj\jn5139.r #
#                            43                                                #
#                            E:\PROJECT\建科\SCT_主设备\prj\Debug\Obj\kernel.r #
#                            43                                                #
#                            E:\PROJECT\建科\SCT_主设备\prj\Debug\Obj\key.r43  #
#                            E:\PROJECT\建科\SCT_主设备\prj\Debug\Obj\level.r4 #
#                            3                                                 #
#                            E:\PROJECT\建科\SCT_主设备\prj\Debug\Obj\ltc2402. #
#                            r43                                               #
#                            E:\PROJECT\建科\SCT_主设备\prj\Debug\Obj\main.r43 #
#                            E:\PROJECT\建科\SCT_主设备\prj\Debug\Obj\power.r4 #
#                            3                                                 #
#                            E:\PROJECT\建科\SCT_主设备\prj\Debug\Obj\rain.r43 #
#                            E:\PROJECT\建科\SCT_主设备\prj\Debug\Obj\ramloop. #
#                            r43                                               #
#                            E:\PROJECT\建科\SCT_主设备\prj\Debug\Obj\rf.r43   #
#                            E:\PROJECT\建科\SCT_主设备\prj\Debug\Obj\rtc.r43  #
#                            E:\PROJECT\建科\SCT_主设备\prj\Debug\Obj\s485.r43 #
#                            E:\PROJECT\建科\SCT_主设备\prj\Debug\Obj\sd.r43   #
#                            E:\PROJECT\建科\SCT_主设备\prj\Debug\Obj\sensor.r #
#                            43                                                #
#                            E:\PROJECT\建科\SCT_主设备\prj\Debug\Obj\signel.r #
#                            43                                                #
#                            E:\PROJECT\建科\SCT_主设备\prj\Debug\Obj\spi.r43  #
#                            E:\PROJECT\建科\SCT_主设备\prj\Debug\Obj\sst25vf0 #
#                            64c.r43                                           #
#                            E:\PROJECT\建科\SCT_主设备\prj\Debug\Obj\test485. #
#                            r43                                               #
#                            E:\PROJECT\建科\SCT_主设备\prj\Debug\Obj\testadc. #
#                            r43                                               #
#                            E:\PROJECT\建科\SCT_主设备\prj\Debug\Obj\testdtu. #
#                            r43                                               #
#                            E:\PROJECT\建科\SCT_主设备\prj\Debug\Obj\testecc. #
#                            r43                                               #
#                            E:\PROJECT\建科\SCT_主设备\prj\Debug\Obj\testflas #
#                            h.r43                                             #
#                            E:\PROJECT\建科\SCT_主设备\prj\Debug\Obj\testfreq #
#                            .r43                                              #
#                            E:\PROJECT\建科\SCT_主设备\prj\Debug\Obj\testrain #
#                            .r43                                              #
#                            E:\PROJECT\建科\SCT_主设备\prj\Debug\Obj\testraml #
#                            oop.r43                                           #
#                            E:\PROJECT\建科\SCT_主设备\prj\Debug\Obj\testrf.r #
#                            43                                                #
#                            E:\PROJECT\建科\SCT_主设备\prj\Debug\Obj\testrtc. #
#                            r43                                               #
#                            E:\PROJECT\建科\SCT_主设备\prj\Debug\Obj\testspi. #
#                            r43                                               #
#                            E:\PROJECT\建科\SCT_主设备\prj\Debug\Obj\testsst2 #
#                            5vf064.r43                                        #
#                            E:\PROJECT\建科\SCT_主设备\prj\Debug\Obj\testtime #
#                            r.r43                                             #
#                            E:\PROJECT\建科\SCT_主设备\prj\Debug\Obj\testusar #
#                            t.r43                                             #
#                            E:\PROJECT\建科\SCT_主设备\prj\Debug\Obj\testzigb #
#                            ee.r43                                            #
#                            E:\PROJECT\建科\SCT_主设备\prj\Debug\Obj\timer.r4 #
#                            3                                                 #
#                            E:\PROJECT\建科\SCT_主设备\prj\Debug\Obj\uart.r43 #
#                            E:\PROJECT\建科\SCT_主设备\prj\Debug\Obj\vibratio #
#                            n.r43                                             #
#                            E:\PROJECT\建科\SCT_主设备\prj\Debug\Obj\voltage. #
#                            r43                                               #
#                            E:\PROJECT\建科\SCT_主设备\prj\Debug\Obj\wdt.r43  #
#                            -o                                                #
#                            E:\PROJECT\建科\SCT_主设备\prj\Debug\Exe\SCT_430. #
#                            d43                                               #
#                            -l                                                #
#                            E:\PROJECT\建科\SCT_主设备\prj\Debug\List\SCT_430 #
#                            .map                                              #
#                            -xms "-ID:\Program Files\IAR\430\LIB\" -f         #
#                            "D:\Program Files\IAR\430\config\linker\lnk430f47 #
#                            187.xcl"                                          #
#                            (-cmsp430 -QCODE_I=CODE_ID -QTLS16_I=TLS16_ID     #
#                            -D__iar_HWMUL=130 -Z(CONST)INFO=1000-10FF         #
#                            -Z(CONST)INFOA=10C0-10FF                          #
#                            -Z(CONST)INFOB=1080-10BF                          #
#                            -Z(CONST)INFOC=1040-107F                          #
#                            -Z(CONST)INFOD=1000-103F                          #
#                            -Z(DATA)DATA16_I,DATA16_Z,DATA16_N,TLS16_I=1100-3 #
#                            0FF                                               #
#                            -Z(DATA)DATA16_HEAP+_DATA16_HEAP_SIZE             #
#                            -Z(DATA)CODE_I                                    #
#                            -Z(DATA)DATA20_I,DATA20_Z,DATA20_N,DATA20_HEAP+_D #
#                            ATA20_HEAP_SIZE                                   #
#                            -Z(DATA)CSTACK+_STACK_SIZE#                       #
#                            -Z(CONST)DATA16_C,DATA16_ID,TLS16_ID,DIFUNCT,CHEC #
#                            KSUM=3100-FFBD                                    #
#                            -Z(CODE)CSTART,ISR_CODE,CODE16=3100-FFBD          #
#                            -P(CODE)CODE=3100-FFBD,10000-1FFFF                #
#                            -Z(CONST)DATA20_C,DATA20_ID,CODE_ID=3100-FFBD,100 #
#                            40-1FFFF                                          #
#                            -Z(CONST)SIGNATURE=FFBE-FFBF                      #
#                            -Z(CODE)INTVEC=FFC0-FFFF                          #
#                            -Z(CODE)RESET=FFFE-FFFF) -f                       #
#                            "D:\Program Files\IAR\430\config\linker\multiplie #
#                            r32.xcl"                                          #
#                            (-e?Mul8Hw=?Mul8 -e?Mul16Hw=?Mul16                #
#                            -e?Mul16to32uHw=?Mul16to32u                       #
#                            -e?Mul16to32sHw=?Mul16to32s -e?Mul32Hw32=?Mul32   #
#                            -e?Mul64Hw32=_Mul64i                              #
#                            -e?Mul32u32uto64iHw32=_Mul32u32uto64i             #
#                            -e?Mul32fHw=_Mul32f -e_Mul64fHwPtr=_Mul64fPtr)    #
#                            -D_STACK_SIZE=50 -rt                              #
#                            "D:\Program Files\IAR\430\lib\dlib\dl430xllfn.r43 #
#                            "                                                 #
#                            -D_DATA16_HEAP_SIZE=50 -s __program_start         #
#                            -D_DATA20_HEAP_SIZE=50                            #
#                                                                              #
#                           Copyright (C) 1987-2015 IAR Systems AB.            #
################################################################################





                ****************************************
                *                                      *
                *           CROSS REFERENCE            *
                *                                      *
                ****************************************

       Program entry at :           3100  Relocatable, from module : ?cstart




                ****************************************
                *                                      *
                *            RUNTIME MODEL             *
                *                                      *
                ****************************************

  __Heap_Handler             = Basic
  __SystemLibrary            = DLib
  __code_model               = large
  __core                     = 430X
  __data_model               = large
  __dlib_file_descriptor     = 0
  __dlib_full_locale_support = 0
  __double_size              = 32
  __pic                      = no
  __reg_r4                   = free
  __reg_r5                   = free
  __rt_version               = 3

                ****************************************
                *                                      *
                *    AUTOMATIC SYMBOL REDIRECTIONS     *
                *                                      *
                ****************************************

       All references to: _Printf
         were redirected to: _PrintfLargeNoMb



                ****************************************
                *                                      *
                *              MODULE MAP              *
                *                                      *
                ****************************************


  DEFINED ABSOLUTE ENTRIES
    *************************************************************************

  DEFINED ABSOLUTE ENTRIES
  PROGRAM MODULE, NAME : ?ABS_ENTRY_MOD

Absolute parts
           ENTRY                   ADDRESS         REF BY
           =====                   =======         ======
           _DATA20_HEAP_SIZE       0050 
           _DATA16_HEAP_SIZE       0050 
           _STACK_SIZE             0050 
           __iar_HWMUL             0130            ?Mul32Hw32 (?Mul32Hw32)
                                                   ?Mul32fHw (?Mul32fHw)
    *************************************************************************

  FILE NAME : E:\PROJECT\建科\SCT_主设备\prj\Debug\Obj\beep.r43
    *************************************************************************

  FILE NAME : E:\PROJECT\建科\SCT_主设备\prj\Debug\Obj\ch8_center.r43
  PROGRAM MODULE, NAME : ch8_center

  SEGMENTS IN THE MODULE
  ======================
DATA16_AN
  Relative segment, address: 0021 - 0021 (0x1 bytes), align: 0
  Segment part 1. ROOT        Intra module refs:   CaptureOff (vibration)
                                                   ClkInit (clk)
                                                   Dtu (dtu)
                                                   DtuInit (dtu)
                                                   PowerInit (power)
                                                   RFInit (rf)
                                                   UARTInit (uart)
                                                   ch8_center_Task
           ENTRY                   ADDRESS         REF BY
           =====                   =======         ======
           P1OUT                   0021 
    -------------------------------------------------------------------------
DATA16_AN
  Relative segment, address: 001D - 001D (0x1 bytes), align: 0
  Segment part 2. ROOT        Intra module refs:   DtuInit (dtu)
                                                   PowerInit (power)
                                                   RFInit (rf)
                                                   ch8_center_Task
           ENTRY                   ADDRESS         REF BY
           =====                   =======         ======
           P4OUT                   001D 
    -------------------------------------------------------------------------
DATA16_AN
  Relative segment, address: 000A - 000B (0x2 bytes), align: 0
  Segment part 3. ROOT        Intra module refs:   FAN3122IoInit (vibration)
                                                   FAN3122_OFF (vibration)
                                                   FAN3122_ON (vibration)
                                                   PowerInit (power)
                                                   SetConnectToRec (vibration)
                                                   SetConnectToTran (vibration)
                                                   VibrationIoInit (vibration)
                                                   ch8_center_Task
           ENTRY                   ADDRESS         REF BY
           =====                   =======         ======
           _A_P9OUT                000A 
           LOCAL                   ADDRESS         
           =====                   =======         
           P10OUT                  000B 
           P9OUT                   000A 
           PBOUT                   000A 
    -------------------------------------------------------------------------
DATA16_AN
  Relative segment, address: 0120 - 0121 (0x2 bytes), align: 0
  Segment part 4. ROOT        Intra module refs:   ch8_center_Task
                                                   main (main)
           ENTRY                   ADDRESS         REF BY
           =====                   =======         ======
           WDTCTL                  0120 
    -------------------------------------------------------------------------
<CODE> 1 (was CODE)
  Relative segment, address: 7C66 - 7C77 (0x12 bytes), align: 1
  Segment part 51.            Intra module refs:   DtuCMD (dtu)
                                                   GetSubDevResponse
           ENTRY                   ADDRESS         REF BY
           =====                   =======         ======
           strstr                  7C66 
               calls direct
    -------------------------------------------------------------------------
<CODE> 1 (was CODE)
  Relative segment, address: 43C6 - 46E5 (0x320 bytes), align: 1
  Segment part 50.            Intra module refs:   syncSub
           ENTRY                   ADDRESS         REF BY
           =====                   =======         ======
           GetSubDeviceID          43C6 
               calls direct
    -------------------------------------------------------------------------
<CODE> 1 (was CODE)
  Relative segment, address: 3D72 - 409F (0x32e bytes), align: 1
  Segment part 49.            Intra module refs:   s485
           ENTRY                   ADDRESS         REF BY
           =====                   =======         ======
           GetSensor485ID          3D72 
               calls direct
    -------------------------------------------------------------------------
<CODE> 1 (was CODE)
  Relative segment, address: 633E - 642D (0xf0 bytes), align: 1
  Segment part 48.            Intra module refs:   ch8_center_Task
           ENTRY                   ADDRESS         REF BY
           =====                   =======         ======
           s485                    633E 
               calls direct
    -------------------------------------------------------------------------
<CODE> 1 (was CODE)
  Relative segment, address: 642E - 6519 (0xec bytes), align: 1
  Segment part 47.            Intra module refs:   ch8_center_Task
           ENTRY                   ADDRESS         REF BY
           =====                   =======         ======
           Freq                    642E 
               calls direct
    -------------------------------------------------------------------------
<CODE> 1 (was CODE)
  Relative segment, address: 6DF8 - 6E7F (0x88 bytes), align: 1
  Segment part 45.            Intra module refs:   syncSub
           ENTRY                   ADDRESS         REF BY
           =====                   =======         ======
           GetSubDevData           6DF8 
               calls direct
    -------------------------------------------------------------------------
<CODE> 1 (was CODE)
  Relative segment, address: 6A5C - 6B09 (0xae bytes), align: 1
  Segment part 44.            Intra module refs:   syncSub
           ENTRY                   ADDRESS         REF BY
           =====                   =======         ======
           GetSubDevResponse       6A5C 
               calls direct
    -------------------------------------------------------------------------
<CODE> 1 (was CODE)
  Relative segment, address: 40A0 - 43C5 (0x326 bytes), align: 1
  Segment part 43.            Intra module refs:   ch8_center_Task
           ENTRY                   ADDRESS         REF BY
           =====                   =======         ======
           syncSub                 40A0 
               calls direct
    -------------------------------------------------------------------------
<CODE> 1 (was CODE)
  Relative segment, address: 327E - 38A7 (0x62a bytes), align: 1
  Segment part 42.
           ENTRY                   ADDRESS         REF BY
           =====                   =======         ======
           ch8_center_Task         327E            main (main)
               calls direct
    -------------------------------------------------------------------------
DATA20_C
  Relative segment, address: 7E54 - 7E59 (0x6 bytes), align: 0
  Segment part 8.             Intra module refs:   GetSubDeviceID
    -------------------------------------------------------------------------
DATA20_C
  Relative segment, address: 7E5A - 7E5C (0x3 bytes), align: 0
  Segment part 9.             Intra module refs:   GetSensor485ID
                                                   GetSubDeviceID
    -------------------------------------------------------------------------
DATA20_C
  Relative segment, address: 7E5D - 7E60 (0x4 bytes), align: 0
  Segment part 10.            Intra module refs:   GetSensor485ID
                                                   GetSubDeviceID
    -------------------------------------------------------------------------
DATA20_C
  Relative segment, address: 7E61 - 7E65 (0x5 bytes), align: 0
  Segment part 11.            Intra module refs:   GetSensor485ID
                                                   GetSubDeviceID
    -------------------------------------------------------------------------
DATA20_C
  Relative segment, address: 7E66 - 7E69 (0x4 bytes), align: 0
  Segment part 12.            Intra module refs:   GetSensor485ID
                                                   GetSubDeviceID
    -------------------------------------------------------------------------
DATA20_C
  Relative segment, address: 7E6A - 7E74 (0xb bytes), align: 0
  Segment part 15.            Intra module refs:   GetSensor485ID
    -------------------------------------------------------------------------
DATA20_C
  Relative segment, address: 7E75 - 7E77 (0x3 bytes), align: 0
  Segment part 16.            Intra module refs:   GetSensor485ID
    -------------------------------------------------------------------------
DATA20_C
  Relative segment, address: 7E78 - 7E83 (0xc bytes), align: 0
  Segment part 20.            Intra module refs:   s485
    -------------------------------------------------------------------------
DATA20_C
  Relative segment, address: 7E84 - 7E8C (0x9 bytes), align: 0
  Segment part 21.            Intra module refs:   Freq
                                                   ch8_center_Task
                                                   s485
    -------------------------------------------------------------------------
DATA20_C
  Relative segment, address: 7E8D - 7EA3 (0x17 bytes), align: 0
  Segment part 23.            Intra module refs:   Freq
    -------------------------------------------------------------------------
DATA20_C
  Relative segment, address: 7EA4 - 7EA6 (0x3 bytes), align: 0
  Segment part 31.            Intra module refs:   GetSubDevResponse
    -------------------------------------------------------------------------
DATA20_C
  Relative segment, address: 7EA7 - 7EAE (0x8 bytes), align: 0
  Segment part 38.            Intra module refs:   ch8_center_Task
    -------------------------------------------------------------------------
DATA20_C
  Relative segment, address: 7EAF - 7EB8 (0xa bytes), align: 0
  Segment part 39.            Intra module refs:   ch8_center_Task
    -------------------------------------------------------------------------
DATA20_C
  Relative segment, address: 7EB9 - 7ECA (0x12 bytes), align: 0
  Segment part 40.            Intra module refs:   ch8_center_Task
    -------------------------------------------------------------------------
DATA20_C
  Relative segment, address: 7ECB - 7EDE (0x14 bytes), align: 0
  Segment part 41.            Intra module refs:   ch8_center_Task

    *************************************************************************

  FILE NAME : E:\PROJECT\建科\SCT_主设备\prj\Debug\Obj\clk.r43
  PROGRAM MODULE, NAME : clk

  SEGMENTS IN THE MODULE
  ======================
DATA16_AN
  Relative segment, address: 0002 - 0002 (0x1 bytes), align: 0
  Segment part 1. ROOT        Intra module refs:   ClkInit
           ENTRY                   ADDRESS         REF BY
           =====                   =======         ======
           IFG1                    0002 
    -------------------------------------------------------------------------
DATA16_AN
  Relative segment, address: 0053 - 0053 (0x1 bytes), align: 0
  Segment part 2. ROOT        Intra module refs:   ClkInit
           ENTRY                   ADDRESS         REF BY
           =====                   =======         ======
           FLL_CTL0                0053 
    -------------------------------------------------------------------------
DATA16_AN
  Relative segment, address: 0054 - 0054 (0x1 bytes), align: 0
  Segment part 3. ROOT        Intra module refs:   ClkInit
           ENTRY                   ADDRESS         REF BY
           =====                   =======         ======
           FLL_CTL1                0054 
    -------------------------------------------------------------------------
DATA16_AN
  Relative segment, address: 0055 - 0055 (0x1 bytes), align: 0
  Segment part 4. ROOT        Intra module refs:   ClkInit
           ENTRY                   ADDRESS         REF BY
           =====                   =======         ======
           FLL_CTL2                0055 
    -------------------------------------------------------------------------
DATA16_AN
  Relative segment, address: 0022 - 0022 (0x1 bytes), align: 0
  Segment part 6. ROOT        Intra module refs:   CaptureOff (vibration)
                                                   ClkInit
                                                   PowerInit (power)
                                                   TimerA_TACLK (timer)
                                                   UARTInit (uart)
           ENTRY                   ADDRESS         REF BY
           =====                   =======         ======
           P1DIR                   0022 
    -------------------------------------------------------------------------
DATA16_AN
  Relative segment, address: 0027 - 0027 (0x1 bytes), align: 0
  Segment part 7. ROOT        Intra module refs:   ClkInit
                                                   PowerInit (power)
                                                   TimerA_TACLK (timer)
                                                   UARTInit (uart)
           ENTRY                   ADDRESS         REF BY
           =====                   =======         ======
           P1REN                   0027 
    -------------------------------------------------------------------------
<CODE> 1 (was CODE)
  Relative segment, address: 6F7C - 6FDB (0x60 bytes), align: 1
  Segment part 10.
           ENTRY                   ADDRESS         REF BY
           =====                   =======         ======
           ClkInit                 6F7C            ch8_center_Task (ch8_center)
               calls direct

    *************************************************************************

  FILE NAME : E:\PROJECT\建科\SCT_主设备\prj\Debug\Obj\cmd.r43
  PROGRAM MODULE, NAME : cmd

  SEGMENTS IN THE MODULE
  ======================
<CODE> 1 (was CODE)
  Relative segment, address: 69A8 - 6A5B (0xb4 bytes), align: 1
  Segment part 16.            Intra module refs:   cmdTask
           ENTRY                   ADDRESS         REF BY
           =====                   =======         ======
           cmdExtract              69A8 
               calls direct
    -------------------------------------------------------------------------
<CODE> 1 (was CODE)
  Relative segment, address: 5050 - 5247 (0x1f8 bytes), align: 1
  Segment part 15.            Intra module refs:   cmdTask
           ENTRY                   ADDRESS         REF BY
           =====                   =======         ======
           cmdProc                 5050 
               calls direct
    -------------------------------------------------------------------------
<CODE> 1 (was CODE)
  Relative segment, address: 677C - 6837 (0xbc bytes), align: 1
  Segment part 14.
           ENTRY                   ADDRESS         REF BY
           =====                   =======         ======
           cmdTask                 677C            ch8_center_Task (ch8_center)
               calls direct
    -------------------------------------------------------------------------
DATA20_C
  Relative segment, address: 7EDF - 7EE7 (0x9 bytes), align: 0
  Segment part 2.             Intra module refs:   cmdExtract
    -------------------------------------------------------------------------
DATA20_C
  Relative segment, address: 7EE8 - 7EF5 (0xe bytes), align: 0
  Segment part 3.             Intra module refs:   cmdProc
    -------------------------------------------------------------------------
DATA20_C
  Relative segment, address: 7EF6 - 7EFC (0x7 bytes), align: 0
  Segment part 4.             Intra module refs:   cmdProc
    -------------------------------------------------------------------------
DATA20_C
  Relative segment, address: 7EFD - 7F0A (0xe bytes), align: 0
  Segment part 5.             Intra module refs:   cmdProc
    -------------------------------------------------------------------------
DATA20_C
  Relative segment, address: 7F0B - 7F19 (0xf bytes), align: 0
  Segment part 6.             Intra module refs:   cmdProc
    -------------------------------------------------------------------------
DATA20_C
  Relative segment, address: 7F1A - 7F2B (0x12 bytes), align: 0
  Segment part 7.             Intra module refs:   cmdProc
    -------------------------------------------------------------------------
DATA20_C
  Relative segment, address: 7F2C - 7F3D (0x12 bytes), align: 0
  Segment part 8.             Intra module refs:   cmdProc
    -------------------------------------------------------------------------
DATA20_C
  Relative segment, address: 7F3E - 7F4C (0xf bytes), align: 0
  Segment part 9.             Intra module refs:   cmdProc
    -------------------------------------------------------------------------
DATA20_C
  Relative segment, address: 7F4D - 7F5B (0xf bytes), align: 0
  Segment part 10.            Intra module refs:   cmdProc
    -------------------------------------------------------------------------
DATA20_C
  Relative segment, address: 7F5C - 7F6C (0x11 bytes), align: 0
  Segment part 11.            Intra module refs:   cmdProc
    -------------------------------------------------------------------------
DATA20_C
  Relative segment, address: 7F6D - 7F82 (0x16 bytes), align: 0
  Segment part 12.            Intra module refs:   cmdProc

    *************************************************************************

  FILE NAME : E:\PROJECT\建科\SCT_主设备\prj\Debug\Obj\dtprotocol.r43
    *************************************************************************

  FILE NAME : E:\PROJECT\建科\SCT_主设备\prj\Debug\Obj\dtu.r43
  PROGRAM MODULE, NAME : dtu

  SEGMENTS IN THE MODULE
  ======================
DATA16_AN
  Relative segment, address: 001C - 001C (0x1 bytes), align: 0
  Segment part 2. ROOT        Intra module refs:   DtuStatu
           ENTRY                   ADDRESS         REF BY
           =====                   =======         ======
           P4IN                    001C 
    -------------------------------------------------------------------------
DATA16_AN
  Relative segment, address: 001E - 001E (0x1 bytes), align: 0
  Segment part 4. ROOT        Intra module refs:   DtuInit
                                                   PowerInit (power)
                                                   RFInit (rf)
           ENTRY                   ADDRESS         REF BY
           =====                   =======         ======
           P4DIR                   001E 
    -------------------------------------------------------------------------
DATA16_AN
  Relative segment, address: 0011 - 0011 (0x1 bytes), align: 0
  Segment part 5. ROOT        Intra module refs:   DtuInit
                                                   PowerInit (power)
           ENTRY                   ADDRESS         REF BY
           =====                   =======         ======
           P4REN                   0011 
    -------------------------------------------------------------------------
<CODE> 1 (was CODE)
  Relative segment, address: 651A - 65E9 (0xd0 bytes), align: 1
  Segment part 23.            Intra module refs:   DtuInit
           ENTRY                   ADDRESS         REF BY
           =====                   =======         ======
           DtuCMD                  651A 
               calls direct
    -------------------------------------------------------------------------
<CODE> 1 (was CODE)
  Relative segment, address: 5992 - 5B45 (0x1b4 bytes), align: 1
  Segment part 22.
           ENTRY                   ADDRESS         REF BY
           =====                   =======         ======
           DtuInit                 5992            ch8_center_Task (ch8_center)
               calls direct
    -------------------------------------------------------------------------
<CODE> 1 (was CODE)
  Relative segment, address: 779E - 77CD (0x30 bytes), align: 1
  Segment part 21.
           ENTRY                   ADDRESS         REF BY
           =====                   =======         ======
           Dtu                     779E            ch8_center_Task (ch8_center)
               calls direct
    -------------------------------------------------------------------------
<CODE> 1 (was CODE)
  Relative segment, address: 7C30 - 7C41 (0x12 bytes), align: 1
  Segment part 20.            Intra module refs:   DtuInit
           ENTRY                   ADDRESS         REF BY
           =====                   =======         ======
           DtuStatu                7C30            ch8_center_Task (ch8_center)
    -------------------------------------------------------------------------
DATA20_C
  Relative segment, address: 7F83 - 7F91 (0xf bytes), align: 0
  Segment part 7.             Intra module refs:   DtuCMD
                                                   DtuInit
    -------------------------------------------------------------------------
DATA20_C
  Relative segment, address: 7F92 - 7F94 (0x3 bytes), align: 0
  Segment part 8.             Intra module refs:   DtuCMD
    -------------------------------------------------------------------------
DATA20_C
  Relative segment, address: 7F95 - 7F98 (0x4 bytes), align: 0
  Segment part 9.             Intra module refs:   DtuInit
    -------------------------------------------------------------------------
DATA20_C
  Relative segment, address: 7F99 - 7FA9 (0x11 bytes), align: 0
  Segment part 10.            Intra module refs:   DtuInit
    -------------------------------------------------------------------------
DATA20_C
  Relative segment, address: 7FAA - 7FC4 (0x1b bytes), align: 0
  Segment part 11.            Intra module refs:   DtuInit
    -------------------------------------------------------------------------
DATA20_C
  Relative segment, address: 7FC5 - 7FDD (0x19 bytes), align: 0
  Segment part 12.            Intra module refs:   DtuInit
    -------------------------------------------------------------------------
DATA20_C
  Relative segment, address: 7FDE - 7FF7 (0x1a bytes), align: 0
  Segment part 13.            Intra module refs:   DtuInit
    -------------------------------------------------------------------------
DATA20_C
  Relative segment, address: 7FF8 - 800F (0x18 bytes), align: 0
  Segment part 14.            Intra module refs:   DtuInit
    -------------------------------------------------------------------------
DATA20_C
  Relative segment, address: 8010 - 802A (0x1b bytes), align: 0
  Segment part 15.            Intra module refs:   DtuInit
    -------------------------------------------------------------------------
DATA20_C
  Relative segment, address: 802B - 8050 (0x26 bytes), align: 0
  Segment part 16.            Intra module refs:   DtuInit
    -------------------------------------------------------------------------
DATA20_C
  Relative segment, address: 8051 - 8067 (0x17 bytes), align: 0
  Segment part 17.            Intra module refs:   DtuInit
    -------------------------------------------------------------------------
DATA20_C
  Relative segment, address: 8068 - 8082 (0x1b bytes), align: 0
  Segment part 18.            Intra module refs:   DtuInit
    -------------------------------------------------------------------------
DATA20_C
  Relative segment, address: 8083 - 808D (0xb bytes), align: 0
  Segment part 19.            Intra module refs:   DtuInit

    *************************************************************************

  FILE NAME : E:\PROJECT\建科\SCT_主设备\prj\Debug\Obj\ecc.r43
  PROGRAM MODULE, NAME : ecc

  SEGMENTS IN THE MODULE
  ======================
<CODE> 1 (was CODE)
  Relative segment, address: 782A - 7853 (0x2a bytes), align: 1
  Segment part 4.
           ENTRY                   ADDRESS         REF BY
           =====                   =======         ======
           getDataLength           782A            Get485 (s485)
                                                   ch8_center_Task (ch8_center)
    -------------------------------------------------------------------------
<CODE> 1 (was CODE)
  Relative segment, address: 6150 - 6249 (0xfa bytes), align: 1
  Segment part 3.
           ENTRY                   ADDRESS         REF BY
           =====                   =======         ======
           packData                6150            ch8_center_Task (ch8_center)
               calls direct

    *************************************************************************

  FILE NAME : E:\PROJECT\建科\SCT_主设备\prj\Debug\Obj\firmwareupdate.r43
  PROGRAM MODULE, NAME : firmwareupdate

  SEGMENTS IN THE MODULE
  ======================
DATA16_AN
  Relative segment, address: 0128 - 0129 (0x2 bytes), align: 0
  Segment part 1. ROOT        Intra module refs:   FlashEreaseSector (flash)
                                                   FlashWriteAddr (flash)
                                                   FlashWriteByte (flash)
           ENTRY                   ADDRESS         REF BY
           =====                   =======         ======
           FCTL1                   0128 
    -------------------------------------------------------------------------
DATA16_AN
  Relative segment, address: 012C - 012D (0x2 bytes), align: 0
  Segment part 2. ROOT        Intra module refs:   FlashEreaseSector (flash)
                                                   FlashWriteAddr (flash)
           ENTRY                   ADDRESS         REF BY
           =====                   =======         ======
           FCTL3                   012C 

    *************************************************************************

  FILE NAME : E:\PROJECT\建科\SCT_主设备\prj\Debug\Obj\flash.r43
  PROGRAM MODULE, NAME : flash

  SEGMENTS IN THE MODULE
  ======================
DATA16_AN
  Relative segment, address: 012A - 012B (0x2 bytes), align: 0
  Segment part 2. ROOT        Intra module refs:   FlashInit
           ENTRY                   ADDRESS         REF BY
           =====                   =======         ======
           FCTL2                   012A 
    -------------------------------------------------------------------------
<CODE> 1 (was CODE)
  Relative segment, address: 7E1C - 7E23 (0x8 bytes), align: 1
  Segment part 8.
           ENTRY                   ADDRESS         REF BY
           =====                   =======         ======
           FlashInit               7E1C            ch8_center_Task (ch8_center)
                                                   cmdProc (cmd)
    -------------------------------------------------------------------------
<CODE> 1 (was CODE)
  Relative segment, address: 7B12 - 7B27 (0x16 bytes), align: 1
  Segment part 7.
           ENTRY                   ADDRESS         REF BY
           =====                   =======         ======
           FlashEreaseSector       7B12            ch8_center_Task (ch8_center)
                                                   cmdProc (cmd)
    -------------------------------------------------------------------------
<CODE> 1 (was CODE)
  Relative segment, address: 76A8 - 76D9 (0x32 bytes), align: 1
  Segment part 6.
           ENTRY                   ADDRESS         REF BY
           =====                   =======         ======
           FlashWriteAddr          76A8            ch8_center_Task (ch8_center)
                                                   cmdProc (cmd)
    -------------------------------------------------------------------------
<CODE> 1 (was CODE)
  Relative segment, address: 7CCC - 7CDB (0x10 bytes), align: 1
  Segment part 5.
           ENTRY                   ADDRESS         REF BY
           =====                   =======         ======
           FlashWriteByte          7CCC            ch8_center_Task (ch8_center)
                                                   cmdProc (cmd)

    *************************************************************************

  FILE NAME : E:\PROJECT\建科\SCT_主设备\prj\Debug\Obj\freq.r43
  PROGRAM MODULE, NAME : freq

  SEGMENTS IN THE MODULE
  ======================
DATA16_AN
  Relative segment, address: 0031 - 0031 (0x1 bytes), align: 0
  Segment part 1. ROOT        Intra module refs:   CH_Select (power)
                                                   FreqInit
                                                   Init485 (s485)
                                                   LED (power)
           ENTRY                   ADDRESS         REF BY
           =====                   =======         ======
           P5OUT                   0031 
    -------------------------------------------------------------------------
DATA16_AN
  Relative segment, address: 0032 - 0032 (0x1 bytes), align: 0
  Segment part 2. ROOT        Intra module refs:   CH_Select (power)
                                                   FreqInit
                                                   Init485 (s485)
                                                   LED (power)
           ENTRY                   ADDRESS         REF BY
           =====                   =======         ======
           P5DIR                   0032 
    -------------------------------------------------------------------------
DATA16_AN
  Relative segment, address: 0012 - 0012 (0x1 bytes), align: 0
  Segment part 3. ROOT        Intra module refs:   CH_Select (power)
                                                   FreqInit
                                                   Init485 (s485)
                                                   LED (power)
           ENTRY                   ADDRESS         REF BY
           =====                   =======         ======
           P5REN                   0012 
    -------------------------------------------------------------------------
<CODE> 1 (was CODE)
  Relative segment, address: 7B8C - 7B9F (0x14 bytes), align: 1
  Segment part 6.
           ENTRY                   ADDRESS         REF BY
           =====                   =======         ======
           FreqInit                7B8C            ch8_center_Task (ch8_center)
               calls direct
    -------------------------------------------------------------------------
<CODE> 1 (was CODE)
  Relative segment, address: 604C - 614F (0x104 bytes), align: 1
  Segment part 5.
           ENTRY                   ADDRESS         REF BY
           =====                   =======         ======
           GetFreq                 604C            Freq (ch8_center)
               calls direct

    *************************************************************************

  FILE NAME : E:\PROJECT\建科\SCT_主设备\prj\Debug\Obj\gpio.r43
  PROGRAM MODULE, NAME : gpio

  SEGMENTS IN THE MODULE
  ======================
DATA16_AN
  Relative segment, address: 0026 - 0026 (0x1 bytes), align: 0
  Segment part 3. ROOT        Intra module refs:   CaptureOff (vibration)
                                                   TimerA_TACLK (timer)
                                                   UARTInit (uart)
           ENTRY                   ADDRESS         REF BY
           =====                   =======         ======
           P1SEL                   0026 
    -------------------------------------------------------------------------
DATA16_AN
  Relative segment, address: 0029 - 0029 (0x1 bytes), align: 0
  Segment part 5. ROOT        Intra module refs:   UARTInit (uart)
           ENTRY                   ADDRESS         REF BY
           =====                   =======         ======
           P2OUT                   0029 
    -------------------------------------------------------------------------
DATA16_AN
  Relative segment, address: 002A - 002A (0x1 bytes), align: 0
  Segment part 6. ROOT        Intra module refs:   UARTInit (uart)
           ENTRY                   ADDRESS         REF BY
           =====                   =======         ======
           P2DIR                   002A 
    -------------------------------------------------------------------------
DATA16_AN
  Relative segment, address: 002E - 002E (0x1 bytes), align: 0
  Segment part 7. ROOT        Intra module refs:   UARTInit (uart)
           ENTRY                   ADDRESS         REF BY
           =====                   =======         ======
           P2SEL                   002E 
    -------------------------------------------------------------------------
DATA16_AN
  Relative segment, address: 002F - 002F (0x1 bytes), align: 0
  Segment part 8. ROOT        Intra module refs:   UARTInit (uart)
           ENTRY                   ADDRESS         REF BY
           =====                   =======         ======
           P2REN                   002F 
    -------------------------------------------------------------------------
DATA16_AN
  Relative segment, address: 0019 - 0019 (0x1 bytes), align: 0
  Segment part 9. ROOT        Intra module refs:   CH_Select (power)
                                                   TranFreq (vibration)
           ENTRY                   ADDRESS         REF BY
           =====                   =======         ======
           P3OUT                   0019 
    -------------------------------------------------------------------------
DATA16_AN
  Relative segment, address: 001A - 001A (0x1 bytes), align: 0
  Segment part 10. ROOT       Intra module refs:   CH_Select (power)
                                                   TB0_Freq (timer)
                                                   TranFreq (vibration)
           ENTRY                   ADDRESS         REF BY
           =====                   =======         ======
           P3DIR                   001A 
    -------------------------------------------------------------------------
DATA16_AN
  Relative segment, address: 001B - 001B (0x1 bytes), align: 0
  Segment part 11. ROOT       Intra module refs:   TB0_Freq (timer)
                                                   TranFreq (vibration)
           ENTRY                   ADDRESS         REF BY
           =====                   =======         ======
           P3SEL                   001B 
    -------------------------------------------------------------------------
DATA16_AN
  Relative segment, address: 0010 - 0010 (0x1 bytes), align: 0
  Segment part 12. ROOT       Intra module refs:   CH_Select (power)
                                                   TB0_Freq (timer)
           ENTRY                   ADDRESS         REF BY
           =====                   =======         ======
           P3REN                   0010 
    -------------------------------------------------------------------------
DATA16_AN
  Relative segment, address: 001F - 001F (0x1 bytes), align: 0
  Segment part 15. ROOT 
           ENTRY                   ADDRESS         REF BY
           =====                   =======         ======
           P4SEL                   001F 
    -------------------------------------------------------------------------
DATA16_AN
  Relative segment, address: 0033 - 0033 (0x1 bytes), align: 0
  Segment part 19. ROOT 
           ENTRY                   ADDRESS         REF BY
           =====                   =======         ======
           P5SEL                   0033 
    -------------------------------------------------------------------------
DATA16_AN
  Relative segment, address: 003A - 003B (0x2 bytes), align: 0
  Segment part 21. ROOT 
           ENTRY                   ADDRESS         REF BY
           =====                   =======         ======
           _A_P7OUT                003A 
           LOCAL                   ADDRESS         
           =====                   =======         
           P7OUT                   003A 
           P8OUT                   003B 
           PAOUT                   003A 
    -------------------------------------------------------------------------
DATA16_AN
  Relative segment, address: 003C - 003D (0x2 bytes), align: 0
  Segment part 22. ROOT 
           ENTRY                   ADDRESS         REF BY
           =====                   =======         ======
           _A_P7DIR                003C 
           LOCAL                   ADDRESS         
           =====                   =======         
           P7DIR                   003C 
           P8DIR                   003D 
           PADIR                   003C 
    -------------------------------------------------------------------------
DATA16_AN
  Relative segment, address: 003E - 003F (0x2 bytes), align: 0
  Segment part 23. ROOT 
           ENTRY                   ADDRESS         REF BY
           =====                   =======         ======
           _A_P7SEL                003E 
           LOCAL                   ADDRESS         
           =====                   =======         
           P7SEL                   003E 
           P8SEL                   003F 
           PASEL                   003E 
    -------------------------------------------------------------------------
DATA16_AN
  Relative segment, address: 0014 - 0015 (0x2 bytes), align: 0
  Segment part 24. ROOT 
           ENTRY                   ADDRESS         REF BY
           =====                   =======         ======
           _A_P7REN                0014 
           LOCAL                   ADDRESS         
           =====                   =======         
           P7REN                   0014 
           P8REN                   0015 
           PAREN                   0014 
    -------------------------------------------------------------------------
DATA16_AN
  Relative segment, address: 000C - 000D (0x2 bytes), align: 0
  Segment part 26. ROOT       Intra module refs:   FAN3122IoInit (vibration)
                                                   PowerInit (power)
                                                   VibrationIoInit (vibration)
           ENTRY                   ADDRESS         REF BY
           =====                   =======         ======
           _A_P9DIR                000C 
           LOCAL                   ADDRESS         
           =====                   =======         
           P10DIR                  000D 
           P9DIR                   000C 
           PBDIR                   000C 
    -------------------------------------------------------------------------
DATA16_AN
  Relative segment, address: 000E - 000F (0x2 bytes), align: 0
  Segment part 27. ROOT 
           ENTRY                   ADDRESS         REF BY
           =====                   =======         ======
           _A_P9SEL                000E 
           LOCAL                   ADDRESS         
           =====                   =======         
           P10SEL                  000F 
           P9SEL                   000E 
           PBSEL                   000E 
    -------------------------------------------------------------------------
DATA16_AN
  Relative segment, address: 0016 - 0017 (0x2 bytes), align: 0
  Segment part 28. ROOT       Intra module refs:   FAN3122IoInit (vibration)
                                                   PowerInit (power)
                                                   VibrationIoInit (vibration)
           ENTRY                   ADDRESS         REF BY
           =====                   =======         ======
           _A_P9REN                0016 
           LOCAL                   ADDRESS         
           =====                   =======         
           P10REN                  0017 
           P9REN                   0016 
           PBREN                   0016 

    *************************************************************************

  FILE NAME : E:\PROJECT\建科\SCT_主设备\prj\Debug\Obj\jn5139.r43
    *************************************************************************

  FILE NAME : E:\PROJECT\建科\SCT_主设备\prj\Debug\Obj\kernel.r43
  PROGRAM MODULE, NAME : kernel

  SEGMENTS IN THE MODULE
  ======================
DATA16_AN
  Relative segment, address: 0003 - 0003 (0x1 bytes), align: 0
  Segment part 1. ROOT        Intra module refs:   USCIA0RX_ISR (uart)
                                                   UartString (uart)
                                                   UartStringLength (uart)
                                                   putchar
           ENTRY                   ADDRESS         REF BY
           =====                   =======         ======
           IFG2                    0003 
    -------------------------------------------------------------------------
DATA16_AN
  Relative segment, address: 0160 - 0161 (0x2 bytes), align: 0
  Segment part 2. ROOT        Intra module refs:   CaptureOff (vibration)
                                                   SysTickInit
                                                   SysTickOff
                                                   TimerA_TACLK (timer)
           ENTRY                   ADDRESS         REF BY
           =====                   =======         ======
           TACTL                   0160 
    -------------------------------------------------------------------------
DATA16_AN
  Relative segment, address: 0162 - 0163 (0x2 bytes), align: 0
  Segment part 3. ROOT        Intra module refs:   CaptureOff (vibration)
                                                   SysTickInit
                                                   SysTickOff
           ENTRY                   ADDRESS         REF BY
           =====                   =======         ======
           TACCTL0                 0162 
    -------------------------------------------------------------------------
DATA16_AN
  Relative segment, address: 0172 - 0173 (0x2 bytes), align: 0
  Segment part 4. ROOT        Intra module refs:   CaptureOff (vibration)
                                                   SysTickInit
                                                   SysTickOff
           ENTRY                   ADDRESS         REF BY
           =====                   =======         ======
           TACCR0                  0172 
    -------------------------------------------------------------------------
DATA16_AN
  Relative segment, address: 0067 - 0067 (0x1 bytes), align: 0
  Segment part 5. ROOT        Intra module refs:   UartString (uart)
                                                   UartStringLength (uart)
                                                   putchar
           ENTRY                   ADDRESS         REF BY
           =====                   =======         ======
           UCA0TXBUF               0067 
    -------------------------------------------------------------------------
<CODE> 1 (was CODE)
  Relative segment, address: 6F06 - 6F7B (0x76 bytes), align: 1
  Segment part 11.
           ENTRY                   ADDRESS         REF BY
           =====                   =======         ======
           hextostr                6F06            GetRtc (rtc)
               calls direct
    -------------------------------------------------------------------------
<CODE> 1 (was CODE)
  Relative segment, address: 7C0C - 7C1D (0x12 bytes), align: 1
  Segment part 10.
           ENTRY                   ADDRESS         REF BY
           =====                   =======         ======
           putchar                 7C0C            _Prout (?xprout)
    -------------------------------------------------------------------------
<CODE> 1 (was CODE)
  Relative segment, address: 79B2 - 79D1 (0x20 bytes), align: 1
  Segment part 9.
           ENTRY                   ADDRESS         REF BY
           =====                   =======         ======
           SysTickInit             79B2            CaptureOff (vibration)
                                                   ClkInit (clk)
                                                   ch8_center_Task (ch8_center)
    -------------------------------------------------------------------------
<CODE> 1 (was CODE)
  Relative segment, address: 78A0 - 78C3 (0x24 bytes), align: 1
  Segment part 8.
           ENTRY                   ADDRESS         REF BY
           =====                   =======         ======
           SysTickOff              78A0            CaptureOn (vibration)
    -------------------------------------------------------------------------
<CODE> 1 (was CODE)
  Relative segment, address: 7D88 - 7D95 (0xe bytes), align: 1
  Segment part 7.
           ENTRY                   ADDRESS         REF BY
           =====                   =======         ======
           GetTick                 7D88            DtuCMD (dtu)
                                                   Get485 (s485)
                                                   GetSubDevData (ch8_center)
                                                   GetSubDevResponse (ch8_center)
                                                   USCIA0RX_ISR (uart)
                                                   USCIA1RX_ISR (uart)
                                                   cmdTask (cmd)

    *************************************************************************

  FILE NAME : E:\PROJECT\建科\SCT_主设备\prj\Debug\Obj\key.r43
  PROGRAM MODULE, NAME : key

  SEGMENTS IN THE MODULE
  ======================
DATA16_AN
  Relative segment, address: 0020 - 0020 (0x1 bytes), align: 0
  Segment part 1. ROOT        Intra module refs:   KeyTask
           ENTRY                   ADDRESS         REF BY
           =====                   =======         ======
           P1IN                    0020 
    -------------------------------------------------------------------------
DATA20_Z
  Relative segment, address: 138C - 138C (0x1 bytes), align: 0
  Segment part 4.             Intra module refs:   KeyTask
           ENTRY                   ADDRESS         REF BY
           =====                   =======         ======
           KeyTrg                  138C 
    -------------------------------------------------------------------------
DATA20_Z
  Relative segment, address: 138D - 138D (0x1 bytes), align: 0
  Segment part 5.             Intra module refs:   KeyTask
           ENTRY                   ADDRESS         REF BY
           =====                   =======         ======
           KeyCont                 138D            Timer_A0 (vibration)
    -------------------------------------------------------------------------
<CODE> 1 (was CODE)
  Relative segment, address: 7972 - 7991 (0x20 bytes), align: 1
  Segment part 6.
           ENTRY                   ADDRESS         REF BY
           =====                   =======         ======
           KeyTask                 7972            Timer_A0 (vibration)

    *************************************************************************

  FILE NAME : E:\PROJECT\建科\SCT_主设备\prj\Debug\Obj\level.r43
    *************************************************************************

  FILE NAME : E:\PROJECT\建科\SCT_主设备\prj\Debug\Obj\ltc2402.r43
    *************************************************************************

  FILE NAME : E:\PROJECT\建科\SCT_主设备\prj\Debug\Obj\main.r43
  PROGRAM MODULE, NAME : main

  SEGMENTS IN THE MODULE
  ======================
<CODE> 1 (was CODE)
  Relative segment, address: 7DDE - 7DE9 (0xc bytes), align: 1
  Segment part 3.
           ENTRY                   ADDRESS         REF BY
           =====                   =======         ======
           main                    7DDE            Segment part 26 (?cstart)
               calls direct

    *************************************************************************

  FILE NAME : E:\PROJECT\建科\SCT_主设备\prj\Debug\Obj\power.r43
  PROGRAM MODULE, NAME : power

  SEGMENTS IN THE MODULE
  ======================
<CODE> 1 (was CODE)
  Relative segment, address: 76DA - 770B (0x32 bytes), align: 1
  Segment part 26.
           ENTRY                   ADDRESS         REF BY
           =====                   =======         ======
           PowerInit               76DA            ch8_center_Task (ch8_center)
    -------------------------------------------------------------------------
<CODE> 1 (was CODE)
  Relative segment, address: 77FC - 7829 (0x2e bytes), align: 1
  Segment part 23.
           ENTRY                   ADDRESS         REF BY
           =====                   =======         ======
           LED                     77FC            ch8_center_Task (ch8_center)
    -------------------------------------------------------------------------
<CODE> 1 (was CODE)
  Relative segment, address: 5248 - 5433 (0x1ec bytes), align: 1
  Segment part 22.
           ENTRY                   ADDRESS         REF BY
           =====                   =======         ======
           CH_Select               5248            Freq (ch8_center)
                                                   s485 (ch8_center)

    *************************************************************************

  FILE NAME : E:\PROJECT\建科\SCT_主设备\prj\Debug\Obj\rain.r43
  PROGRAM MODULE, NAME : rain

  SEGMENTS IN THE MODULE
  ======================
DATA16_AN
  Relative segment, address: 002B - 002B (0x1 bytes), align: 0
  Segment part 2. ROOT        Intra module refs:   gpio1_int
           ENTRY                   ADDRESS         REF BY
           =====                   =======         ======
           P2IFG                   002B 
    -------------------------------------------------------------------------
DATA16_AN
  Relative segment, address: 002C - 002C (0x1 bytes), align: 0
  Segment part 3. ROOT 
           ENTRY                   ADDRESS         REF BY
           =====                   =======         ======
           P2IES                   002C 
    -------------------------------------------------------------------------
DATA16_AN
  Relative segment, address: 002D - 002D (0x1 bytes), align: 0
  Segment part 4. ROOT 
           ENTRY                   ADDRESS         REF BY
           =====                   =======         ======
           P2IE                    002D 
    -------------------------------------------------------------------------
ISR_CODE
  Relative segment, address: 3130 - 313B (0xc bytes), align: 1
  Segment part 9.             Intra module refs:   gpio1_int::??INTVEC 34
           ENTRY                   ADDRESS         REF BY
           =====                   =======         ======
           gpio1_int               3130 
               interrupt function
    -------------------------------------------------------------------------
INTVEC
  Common segment, address: FFC0 - FFE3 (0x24 bytes), align: 1
  Segment part 7. ROOT 
           ENTRY                   ADDRESS         REF BY
           =====                   =======         ======
           gpio1_int::??INTVEC 34
                                   FFE2 

    *************************************************************************

  FILE NAME : E:\PROJECT\建科\SCT_主设备\prj\Debug\Obj\ramloop.r43
  PROGRAM MODULE, NAME : ramloop

  SEGMENTS IN THE MODULE
  ======================
<CODE> 1 (was CODE)
  Relative segment, address: 7D0A - 7D17 (0xe bytes), align: 1
  Segment part 8.             Intra module refs:   LoopRAMInit
           ENTRY                   ADDRESS         REF BY
           =====                   =======         ======
           free                    7D0A 
               calls direct
    -------------------------------------------------------------------------
<CODE> 1 (was CODE)
  Relative segment, address: 7C54 - 7C65 (0x12 bytes), align: 1
  Segment part 7.             Intra module refs:   LoopRAMInit
           ENTRY                   ADDRESS         REF BY
           =====                   =======         ======
           malloc                  7C54 
               calls direct
    -------------------------------------------------------------------------
<CODE> 1 (was CODE)
  Relative segment, address: 7854 - 7879 (0x26 bytes), align: 1
  Segment part 6.
           ENTRY                   ADDRESS         REF BY
           =====                   =======         ======
           LoopRAMInit             7854            Dtu (dtu)
                                                   DtuInit (dtu)
                                                   Init485 (s485)
                                                   RFInit (rf)
               calls direct
    -------------------------------------------------------------------------
<CODE> 1 (was CODE)
  Relative segment, address: 74BE - 74F7 (0x3a bytes), align: 1
  Segment part 5.
           ENTRY                   ADDRESS         REF BY
           =====                   =======         ======
           LoopRAMWriteByte        74BE            USCIA0RX_ISR (uart)
                                                   USCIA1RX_ISR (uart)
               calls direct
    -------------------------------------------------------------------------
<CODE> 1 (was CODE)
  Relative segment, address: 75A0 - 75D5 (0x36 bytes), align: 1
  Segment part 3.             Intra module refs:   LoopRAMReadLength
           ENTRY                   ADDRESS         REF BY
           =====                   =======         ======
           LoopRAMReadByte         75A0 
               calls direct
    -------------------------------------------------------------------------
<CODE> 1 (was CODE)
  Relative segment, address: 790C - 792F (0x24 bytes), align: 1
  Segment part 2.
           ENTRY                   ADDRESS         REF BY
           =====                   =======         ======
           LoopRAMReadLength       790C            DtuCMD (dtu)
                                                   Get485 (s485)
                                                   GetSubDevData (ch8_center)
                                                   GetSubDevResponse (ch8_center)
                                                   cmdTask (cmd)
               calls direct

    *************************************************************************

  FILE NAME : E:\PROJECT\建科\SCT_主设备\prj\Debug\Obj\rf.r43
  PROGRAM MODULE, NAME : rf

  SEGMENTS IN THE MODULE
  ======================
<CODE> 1 (was CODE)
  Relative segment, address: 7530 - 7567 (0x38 bytes), align: 1
  Segment part 6.
           ENTRY                   ADDRESS         REF BY
           =====                   =======         ======
           RFInit                  7530            ch8_center_Task (ch8_center)
               calls direct

    *************************************************************************

  FILE NAME : E:\PROJECT\建科\SCT_主设备\prj\Debug\Obj\rtc.r43
  PROGRAM MODULE, NAME : rtc

  SEGMENTS IN THE MODULE
  ======================
DATA16_AN
  Relative segment, address: 0001 - 0001 (0x1 bytes), align: 0
  Segment part 1. ROOT        Intra module refs:   SetRtc
                                                   UARTInit (uart)
           ENTRY                   ADDRESS         REF BY
           =====                   =======         ======
           IE2                     0001 
    -------------------------------------------------------------------------
DATA16_AN
  Relative segment, address: 0040 - 0041 (0x2 bytes), align: 0
  Segment part 2. ROOT        Intra module refs:   SetRtc
           ENTRY                   ADDRESS         REF BY
           =====                   =======         ======
           _A_BTCTL                0040 
           LOCAL                   ADDRESS         
           =====                   =======         
           BTCTL                   0040 
           RTCCTL                  0041 
           RTCTL                   0040 
    -------------------------------------------------------------------------
DATA16_AN
  Relative segment, address: 0042 - 0043 (0x2 bytes), align: 0
  Segment part 3. ROOT        Intra module refs:   GetRtc
                                                   GetRtcHEX
                                                   SetRtc
           ENTRY                   ADDRESS         REF BY
           =====                   =======         ======
           _A_RTCNT1               0042 
           LOCAL                   ADDRESS         
           =====                   =======         
           RTCNT1                  0042 
           RTCNT2                  0043 
           RTCTIM0                 0042 
    -------------------------------------------------------------------------
DATA16_AN
  Relative segment, address: 0044 - 0045 (0x2 bytes), align: 0
  Segment part 4. ROOT        Intra module refs:   GetRtc
                                                   GetRtcHEX
                                                   SetRtc
           ENTRY                   ADDRESS         REF BY
           =====                   =======         ======
           _A_RTCNT3               0044 
           LOCAL                   ADDRESS         
           =====                   =======         
           RTCNT3                  0044 
           RTCNT4                  0045 
           RTCTIM1                 0044 
    -------------------------------------------------------------------------
DATA16_AN
  Relative segment, address: 004C - 004D (0x2 bytes), align: 0
  Segment part 5. ROOT        Intra module refs:   GetRtc
                                                   GetRtcHEX
                                                   SetRtc
           ENTRY                   ADDRESS         REF BY
           =====                   =======         ======
           _A_RTCDAY               004C 
           LOCAL                   ADDRESS         
           =====                   =======         
           RTCDATE                 004C 
           RTCDAY                  004C 
           RTCMON                  004D 
    -------------------------------------------------------------------------
DATA16_AN
  Relative segment, address: 004E - 004F (0x2 bytes), align: 0
  Segment part 6. ROOT        Intra module refs:   GetRtc
                                                   GetRtcHEX
                                                   SetRtc
           ENTRY                   ADDRESS         REF BY
           =====                   =======         ======
           _A_RTCYEARL             004E 
           LOCAL                   ADDRESS         
           =====                   =======         
           RTCYEAR                 004E 
           RTCYEARH                004F 
           RTCYEARL                004E 
    -------------------------------------------------------------------------
<CODE> 1 (was CODE)
  Relative segment, address: 5F36 - 604B (0x116 bytes), align: 1
  Segment part 28.
           ENTRY                   ADDRESS         REF BY
           =====                   =======         ======
           GetRtc                  5F36            ch8_center_Task (ch8_center)
               calls direct
    -------------------------------------------------------------------------
<CODE> 1 (was CODE)
  Relative segment, address: 71DA - 7223 (0x4a bytes), align: 1
  Segment part 27.
           ENTRY                   ADDRESS         REF BY
           =====                   =======         ======
           GetRtcHEX               71DA            syncSub (ch8_center)
               calls direct
    -------------------------------------------------------------------------
<CODE> 1 (was CODE)
  Relative segment, address: 718E - 71D9 (0x4c bytes), align: 1
  Segment part 26.
           ENTRY                   ADDRESS         REF BY
           =====                   =======         ======
           SetRtc                  718E            ch8_center_Task (ch8_center)
                                                   cmdProc (cmd)
    -------------------------------------------------------------------------
ISR_CODE
  Relative segment, address: 313C - 3143 (0x8 bytes), align: 1
  Segment part 24.            Intra module refs:   basic_timer::??INTVEC 32
           ENTRY                   ADDRESS         REF BY
           =====                   =======         ======
           basic_timer             313C 
               interrupt function
    -------------------------------------------------------------------------
INTVEC
  Common segment, address: FFC0 - FFE1 (0x22 bytes), align: 1
  Segment part 7. ROOT 
           ENTRY                   ADDRESS         REF BY
           =====                   =======         ======
           basic_timer::??INTVEC 32
                                   FFE0 
    -------------------------------------------------------------------------
DATA20_C
  Relative segment, address: 808E - 80A2 (0x15 bytes), align: 0
  Segment part 16.            Intra module refs:   GetRtc

    *************************************************************************

  FILE NAME : E:\PROJECT\建科\SCT_主设备\prj\Debug\Obj\s485.r43
  PROGRAM MODULE, NAME : s485

  SEGMENTS IN THE MODULE
  ======================
<CODE> 1 (was CODE)
  Relative segment, address: 7640 - 7673 (0x34 bytes), align: 1
  Segment part 7.
           ENTRY                   ADDRESS         REF BY
           =====                   =======         ======
           Init485                 7640            ch8_center_Task (ch8_center)
               calls direct
    -------------------------------------------------------------------------
<CODE> 1 (was CODE)
  Relative segment, address: 6838 - 68F1 (0xba bytes), align: 1
  Segment part 6.
           ENTRY                   ADDRESS         REF BY
           =====                   =======         ======
           Get485                  6838            s485 (ch8_center)
               calls direct

    *************************************************************************

  FILE NAME : E:\PROJECT\建科\SCT_主设备\prj\Debug\Obj\sd.r43
  PROGRAM MODULE, NAME : sd

  SEGMENTS IN THE MODULE
  ======================
DATA16_AN
  Relative segment, address: 0100 - 0101 (0x2 bytes), align: 0
  Segment part 1. ROOT        Intra module refs:   SDInit
                                                   SDOff
           ENTRY                   ADDRESS         REF BY
           =====                   =======         ======
           SD16CTL                 0100 
    -------------------------------------------------------------------------
DATA16_AN
  Relative segment, address: 0102 - 0103 (0x2 bytes), align: 0
  Segment part 2. ROOT        Intra module refs:   GetSD16Voltage
           ENTRY                   ADDRESS         REF BY
           =====                   =======         ======
           SD16CCTL0               0102 
    -------------------------------------------------------------------------
DATA16_AN
  Relative segment, address: 0104 - 0105 (0x2 bytes), align: 0
  Segment part 3. ROOT        Intra module refs:   GetSD16Voltage
                                                   SDInit
                                                   SDOff
           ENTRY                   ADDRESS         REF BY
           =====                   =======         ======
           SD16CCTL1               0104 
    -------------------------------------------------------------------------
DATA16_AN
  Relative segment, address: 0106 - 0107 (0x2 bytes), align: 0
  Segment part 4. ROOT        Intra module refs:   GetSD16Voltage
                                                   SDInit
                                                   SDOff
           ENTRY                   ADDRESS         REF BY
           =====                   =======         ======
           SD16CCTL2               0106 
    -------------------------------------------------------------------------
DATA16_AN
  Relative segment, address: 0108 - 0109 (0x2 bytes), align: 0
  Segment part 5. ROOT        Intra module refs:   GetSD16Voltage
                                                   SDInit
                                                   SDOff
           ENTRY                   ADDRESS         REF BY
           =====                   =======         ======
           SD16CCTL3               0108 
    -------------------------------------------------------------------------
DATA16_AN
  Relative segment, address: 010A - 010B (0x2 bytes), align: 0
  Segment part 6. ROOT        Intra module refs:   GetSD16Voltage
                                                   SDInit
                                                   SDOff
           ENTRY                   ADDRESS         REF BY
           =====                   =======         ======
           SD16CCTL4               010A 
    -------------------------------------------------------------------------
DATA16_AN
  Relative segment, address: 010C - 010D (0x2 bytes), align: 0
  Segment part 7. ROOT        Intra module refs:   GetSD16Voltage
                                                   SDInit
                                                   SDOff
           ENTRY                   ADDRESS         REF BY
           =====                   =======         ======
           SD16CCTL5               010C 
    -------------------------------------------------------------------------
DATA16_AN
  Relative segment, address: 0110 - 0111 (0x2 bytes), align: 0
  Segment part 8. ROOT        Intra module refs:   GetSD16Voltage
           ENTRY                   ADDRESS         REF BY
           =====                   =======         ======
           SD16MEM0                0110 
    -------------------------------------------------------------------------
DATA16_AN
  Relative segment, address: 0112 - 0113 (0x2 bytes), align: 0
  Segment part 9. ROOT        Intra module refs:   GetSD16Voltage
           ENTRY                   ADDRESS         REF BY
           =====                   =======         ======
           SD16MEM1                0112 
    -------------------------------------------------------------------------
DATA16_AN
  Relative segment, address: 0114 - 0115 (0x2 bytes), align: 0
  Segment part 10. ROOT       Intra module refs:   GetSD16Voltage
           ENTRY                   ADDRESS         REF BY
           =====                   =======         ======
           SD16MEM2                0114 
    -------------------------------------------------------------------------
DATA16_AN
  Relative segment, address: 0116 - 0117 (0x2 bytes), align: 0
  Segment part 11. ROOT       Intra module refs:   GetSD16Voltage
           ENTRY                   ADDRESS         REF BY
           =====                   =======         ======
           SD16MEM3                0116 
    -------------------------------------------------------------------------
DATA16_AN
  Relative segment, address: 0118 - 0119 (0x2 bytes), align: 0
  Segment part 12. ROOT       Intra module refs:   GetSD16Voltage
[...]
<CODE> 1 (was CODE)
  Relative segment, address: 7D5E - 7D61 (0x4 bytes), align: 1
  Segment part 6.             Intra module refs:   __iar_Log
    -------------------------------------------------------------------------
<CODE> 1 (was CODE)
  Relative segment, address: 7D62 - 7D6B (0xa bytes), align: 1
  Segment part 7.             Intra module refs:   Segment part 6
                                                   __iar_Log
    -------------------------------------------------------------------------
<CODE> 1 (was CODE)
  Relative segment, address: 7C8A - 7C9B (0x12 bytes), align: 1
  Segment part 8.             Intra module refs:   __iar_Log
    -------------------------------------------------------------------------
<CODE> 1 (was CODE)
  Relative segment, address: 7D18 - 7D1B (0x4 bytes), align: 1
  Segment part 9.             Intra module refs:   __iar_Log
    -------------------------------------------------------------------------
<CODE> 1 (was CODE)
  Relative segment, address: 7D1C - 7D25 (0xa bytes), align: 1
  Segment part 10.            Intra module refs:   Segment part 9
                                                   __iar_Log
    -------------------------------------------------------------------------
<CODE> 1 (was CODE)
  Relative segment, address: 7CDC - 7CEB (0x10 bytes), align: 1
  Segment part 11.            Intra module refs:   __iar_Log
    -------------------------------------------------------------------------
<CODE> 1 (was CODE)
  Relative segment, address: 7CEC - 7CFB (0x10 bytes), align: 1
  Segment part 12.            Intra module refs:   __iar_Log
    -------------------------------------------------------------------------
<CODE> 1 (was CODE)
  Relative segment, address: 7B78 - 7B8B (0x14 bytes), align: 1
  Segment part 13.            Intra module refs:   __iar_Log

    -------------------------------------------------------------------------
  LIBRARY MODULE, NAME : ?xprintflarge_nomb

  SEGMENTS IN THE MODULE
  ======================
<CODE> 1 (was CODE)
  Relative segment, address: 38A8 - 3D71 (0x4ca bytes), align: 1
  Segment part 31.
           ENTRY                   ADDRESS         REF BY
           =====                   =======         ======
           _PrintfLargeNoMb        38A8            printf (?printf)
                                                   sprintf (?sprintf)
               calls direct
    -------------------------------------------------------------------------
<CODE> 1 (was CODE)
  Relative segment, address: 79F0 - 79F5 (0x6 bytes), align: 1
  Segment part 35.            Intra module refs:   Segment part 37
                                                   _PrintfLargeNoMb
    -------------------------------------------------------------------------
<CODE> 1 (was CODE)
  Relative segment, address: 79F6 - 7A03 (0xe bytes), align: 1
  Segment part 36.            Intra module refs:   _PrintfLargeNoMb
    -------------------------------------------------------------------------
<CODE> 1 (was CODE)
  Relative segment, address: 7A04 - 7A0D (0xa bytes), align: 1
  Segment part 37.            Intra module refs:   _PrintfLargeNoMb
    -------------------------------------------------------------------------
<CODE> 1 (was CODE)
  Relative segment, address: 7D26 - 7D33 (0xe bytes), align: 1
  Segment part 38.            Intra module refs:   Segment part 35
    -------------------------------------------------------------------------
<CODE> 1 (was CODE)
  Relative segment, address: 65EA - 65F9 (0x10 bytes), align: 1
  Segment part 24.            Intra module refs:   _LitobLargeNoMb
    -------------------------------------------------------------------------
<CODE> 1 (was CODE)
  Relative segment, address: 65FA - 6603 (0xa bytes), align: 1
  Segment part 25.            Intra module refs:   LoadInt
                                                   Segment part 24
                                                   _PrintfLargeNoMb
    -------------------------------------------------------------------------
<CODE> 1 (was CODE)
  Relative segment, address: 6604 - 660D (0xa bytes), align: 1
  Segment part 26.            Intra module refs:   Segment part 24
                                                   _LitobLargeNoMb
    -------------------------------------------------------------------------
<CODE> 1 (was CODE)
  Relative segment, address: 660E - 663D (0x30 bytes), align: 1
  Segment part 27.            Intra module refs:   Segment part 38
           LOCAL                   ADDRESS         
           =====                   =======         
           pad                     660E 
               calls direct
    -------------------------------------------------------------------------
<CODE> 1 (was CODE)
  Relative segment, address: 663E - 66B3 (0x76 bytes), align: 1
  Segment part 28.            Intra module refs:   _PrintfLargeNoMb
           LOCAL                   ADDRESS         
           =====                   =======         
           LoadInt                 663E 
    -------------------------------------------------------------------------
<CODE> 1 (was CODE)
  Relative segment, address: 7BC4 - 7BD5 (0x12 bytes), align: 1
  Segment part 29.            Intra module refs:   LoadInt
    -------------------------------------------------------------------------
<CODE> 1 (was CODE)
  Relative segment, address: 7DFE - 7E07 (0xa bytes), align: 1
  Segment part 30.            Intra module refs:   LoadInt
                                                   _LdtobLargeNoMb
                                                   _PrintfLargeNoMb
    -------------------------------------------------------------------------
<CODE> 1 (was CODE)
  Relative segment, address: 57DE - 5991 (0x1b4 bytes), align: 1
  Segment part 21.            Intra module refs:   _PrintfLargeNoMb
           LOCAL                   ADDRESS         
           =====                   =======         
           _LitobLargeNoMb         57DE 
               calls direct
    -------------------------------------------------------------------------
<CODE> 1 (was CODE)
  Relative segment, address: 7BB2 - 7BC3 (0x12 bytes), align: 1
  Segment part 22.            Intra module refs:   _LitobLargeNoMb
    -------------------------------------------------------------------------
<CODE> 1 (was CODE)
  Relative segment, address: 7B50 - 7B63 (0x14 bytes), align: 1
  Segment part 23.            Intra module refs:   _LitobLargeNoMb
    -------------------------------------------------------------------------
<CODE> 1 (was CODE)
  Relative segment, address: 737E - 73BF (0x42 bytes), align: 1
  Segment part 20.            Intra module refs:   _LdtobLargeNoMb
           LOCAL                   ADDRESS         
           =====                   =======         
           scale                   737E 
               calls direct
    -------------------------------------------------------------------------
<CODE> 1 (was CODE)
  Relative segment, address: 498A - 4BEF (0x266 bytes), align: 1
  Segment part 18.            Intra module refs:   _PrintfLargeNoMb
           LOCAL                   ADDRESS         
           =====                   =======         
           _LdtobLargeNoMb         498A 
               calls direct
    -------------------------------------------------------------------------
<CODE> 1 (was CODE)
  Relative segment, address: 7BFA - 7C0B (0x12 bytes), align: 1
  Segment part 19.            Intra module refs:   _LdtobLargeNoMb
    -------------------------------------------------------------------------
<CODE> 1 (was CODE)
  Relative segment, address: 46E6 - 4989 (0x2a4 bytes), align: 1
  Segment part 10.            Intra module refs:   _LdtobLargeNoMb
           LOCAL                   ADDRESS         
           =====                   =======         
           _GenldLargeNoMb         46E6 
               calls direct
    -------------------------------------------------------------------------
<CODE> 1 (was CODE)
  Relative segment, address: 7CAC - 7CBB (0x10 bytes), align: 1
  Segment part 11.            Intra module refs:   _GenldLargeNoMb
    -------------------------------------------------------------------------
<CODE> 1 (was CODE)
  Relative segment, address: 7CBC - 7CCB (0x10 bytes), align: 1
  Segment part 12.            Intra module refs:   _GenldLargeNoMb
    -------------------------------------------------------------------------
<CODE> 1 (was CODE)
  Relative segment, address: 7D34 - 7D37 (0x4 bytes), align: 1
  Segment part 13.            Intra module refs:   _GenldLargeNoMb
    -------------------------------------------------------------------------
<CODE> 1 (was CODE)
  Relative segment, address: 7D38 - 7D41 (0xa bytes), align: 1
  Segment part 14.            Intra module refs:   Segment part 13
                                                   _GenldLargeNoMb
    -------------------------------------------------------------------------
<CODE> 1 (was CODE)
  Relative segment, address: 7D50 - 7D5D (0xe bytes), align: 1
  Segment part 15.            Intra module refs:   _GenldLargeNoMb
    -------------------------------------------------------------------------
<CODE> 1 (was CODE)
  Relative segment, address: 7BA0 - 7BB1 (0x12 bytes), align: 1
  Segment part 16.            Intra module refs:   _GenldLargeNoMb
    -------------------------------------------------------------------------
<CODE> 1 (was CODE)
  Relative segment, address: 7BD6 - 7BE7 (0x12 bytes), align: 1
  Segment part 17.            Intra module refs:   _GenldLargeNoMb
    -------------------------------------------------------------------------
<CODE> 1 (was CODE)
  Relative segment, address: 78C4 - 78E7 (0x24 bytes), align: 1
  Segment part 9.             Intra module refs:   _PrintfLargeNoMb
                                                   _PutcharsLargeNoMb
           LOCAL                   ADDRESS         
           =====                   =======         
           _PutcharLargeNoMb       78C4 
               calls indirect
    -------------------------------------------------------------------------
<CODE> 1 (was CODE)
  Relative segment, address: 787A - 789F (0x26 bytes), align: 1
  Segment part 8.             Intra module refs:   Segment part 36
                                                   pad
           LOCAL                   ADDRESS         
           =====                   =======         
           _PutcharsLargeNoMb      787A 
               calls direct
    -------------------------------------------------------------------------
<CODE> 1 (was CODE)
  Relative segment, address: 7E08 - 7E11 (0xa bytes), align: 1
  Segment part 32.            Intra module refs:   _PrintfLargeNoMb
    -------------------------------------------------------------------------
<CODE> 1 (was CODE)
  Relative segment, address: 7D6C - 7D79 (0xe bytes), align: 1
  Segment part 33.            Intra module refs:   _PrintfLargeNoMb
    -------------------------------------------------------------------------
<CODE> 1 (was CODE)
  Relative segment, address: 7BE8 - 7BF9 (0x12 bytes), align: 1
  Segment part 34.            Intra module refs:   _PrintfLargeNoMb
    -------------------------------------------------------------------------
<CODE> 1 (was CODE)
  Relative segment, address: 7B64 - 7B77 (0x14 bytes), align: 1
  Segment part 39.            Intra module refs:   _PrintfLargeNoMb
    -------------------------------------------------------------------------
<CODE> 1 (was CODE)
  Relative segment, address: 7568 - 759F (0x38 bytes), align: 1
  Segment part 40.            Intra module refs:   _PrintfLargeNoMb
    -------------------------------------------------------------------------
<CODE> 1 (was CODE)
  Relative segment, address: 7DD2 - 7DD5 (0x4 bytes), align: 1
  Segment part 41.            Intra module refs:   Segment part 40
                                                   _PrintfLargeNoMb
    -------------------------------------------------------------------------
<CODE> 1 (was CODE)
  Relative segment, address: 7DD6 - 7DDD (0x8 bytes), align: 1
  Segment part 42.            Intra module refs:   Segment part 41
                                                   _PrintfLargeNoMb
    -------------------------------------------------------------------------
DATA20_C
  Relative segment, address: 80A3 - 80A9 (0x7 bytes), align: 0
  Segment part 2.             Intra module refs:   _PrintfLargeNoMb
    -------------------------------------------------------------------------
DATA20_C
  Relative segment, address: 80AA - 80AD (0x4 bytes), align: 0
  Segment part 3.             Intra module refs:   _LdtobLargeNoMb
    -------------------------------------------------------------------------
DATA20_C
  Relative segment, address: 80AE - 80B1 (0x4 bytes), align: 0
  Segment part 4.             Intra module refs:   _LdtobLargeNoMb
    -------------------------------------------------------------------------
DATA20_C
  Relative segment, address: 80B2 - 80B5 (0x4 bytes), align: 0
  Segment part 5.             Intra module refs:   _LdtobLargeNoMb
    -------------------------------------------------------------------------
DATA20_C
  Relative segment, address: 80B6 - 80B9 (0x4 bytes), align: 0
  Segment part 6.             Intra module refs:   _LdtobLargeNoMb
    -------------------------------------------------------------------------
DATA20_C
  Relative segment, address: 80BA - 80BB (0x2 bytes), align: 0
  Segment part 7.             Intra module refs:   _GenldLargeNoMb

    -------------------------------------------------------------------------
  LIBRARY MODULE, NAME : ?xprout

  SEGMENTS IN THE MODULE
  ======================
<CODE> 1 (was CODE)
  Relative segment, address: 7AB4 - 7ACB (0x18 bytes), align: 1
  Segment part 2.
           ENTRY                   ADDRESS         REF BY
           =====                   =======         ======
           _Prout                  7AB4            printf (?printf)
               calls direct

    -------------------------------------------------------------------------
  LIBRARY MODULE, NAME : ?xsprout

  SEGMENTS IN THE MODULE
  ======================
<CODE> 1 (was CODE)
  Relative segment, address: 7D42 - 7D4F (0xe bytes), align: 1
  Segment part 2.
           ENTRY                   ADDRESS         REF BY
           =====                   =======         ======
           _SProut                 7D42            sprintf (?sprintf)

    -------------------------------------------------------------------------
  LIBRARY MODULE, NAME : ?xxmemxfree

  SEGMENTS IN THE MODULE
  ======================
<CODE> 1 (was CODE)
  Relative segment, address: 66B4 - 677B (0xc8 bytes), align: 1
  Segment part 2.
           ENTRY                   ADDRESS         REF BY
           =====                   =======         ======
           __data20_free           66B4            __data20_findmem (?xxmemxmalloc)
                                                   free (ramloop)

    -------------------------------------------------------------------------
  LIBRARY MODULE, NAME : ?xxmemxmalloc

  SEGMENTS IN THE MODULE
  ======================
DATA20_Z
  Relative segment, address: 1384 - 138B (0x8 bytes), align: 1
  Segment part 3.             Intra module refs:   __data20_findmem
                                                   __data20_malloc
           ENTRY                   ADDRESS         REF BY
           =====                   =======         ======
           __data20_Aldata         1384            __data20_free (?xxmemxfree)
    -------------------------------------------------------------------------
<CODE> 1 (was CODE)
  Relative segment, address: 6E80 - 6F05 (0x86 bytes), align: 1
  Segment part 6.             Intra module refs:   __data20_malloc
           LOCAL                   ADDRESS         
           =====                   =======         
           __data20_findmem        6E80 
               calls direct
    -------------------------------------------------------------------------
<CODE> 1 (was CODE)
  Relative segment, address: 6B0A - 6BB5 (0xac bytes), align: 1
  Segment part 4.
           ENTRY                   ADDRESS         REF BY
           =====                   =======         ======
           __data20_malloc         6B0A            malloc (ramloop)
               calls direct




                ****************************************
                *                                      *
                *      SEGMENTS IN ADDRESS ORDER       *
                *                                      *
                ****************************************


SEGMENT              SPACE    START ADDRESS   END ADDRESS     SIZE  TYPE  ALIGN
=======              =====    =============   ===========     ====  ====  =====
DATA16_AN                              0001 - 0003               3   rel    0
                                       0006 - 0007               2 
                                       000A - 0012               9 
                                       0014 - 0017               4 
                                       0019 - 0022               A 
                                       0026 - 0027               2 
                                       0029 - 002F               7 
                                       0031 - 0033               3 
                                       003A - 0045               C 
                                       004C - 004F               4 
                                       0053 - 0055               3 
                                       0061 - 0064               4 
                                       0066 - 0067               2 
                                       00D1 - 00D4               4 
                                       00D6 - 00DB               6 
                                       00DE - 00DF               2 
                                       0100 - 010D               E 
                                       0110 - 011B               C 
                                       0120 - 0121               2 
                                       0128 - 012F               8 
                                       0160 - 0167               8 
                                       0172 - 0177               6 
                                       0180 - 0183               4 
                                       0190 - 0193               4 
CODE_I                                    1100                       rel    1
DATA20_I                               1100 - 1103               4   rel    1
DATA20_Z                               1104 - 1390             28D   rel    1
DATA20_N                                  1392                       rel    1
DATA20_HEAP                            1392 - 13E1              50   rel    1
CSTACK                                 30B0 - 30FF              50   rel    1
CSTART                                 3100 - 312F              30   rel    1
ISR_CODE                               3130 - 327D             14E   rel    1
<CODE> 1                               327E - 7E53            4BD6   rel    1
DATA20_C                               7E54 - 80BB             268   rel    1
DATA20_ID                              80BC - 80BF               4   rel    1
CODE_ID                                   80C0                       rel    1
INTVEC                                 FFC0 - FFF3              34   com    1
RESET                                  FFFE - FFFF               2   rel    1

                ****************************************
                *                                      *
                *        END OF CROSS REFERENCE        *
                *                                      *
                ****************************************

 19 850 bytes of CODE  memory
    817 bytes of DATA  memory (+ 135 absolute )
    620 bytes of CONST memory

Errors: none
Warnings: none

