<html>
<body>
<pre>
<h1>µVision Build Log</h1>
<h2>Project:</h2>
E:\PROJECT\ipc\IPC_PORT(201500821)\Navigation.uvproj
Project File Date:  12/26/2015

<h2>Output:</h2>
Build target 'Navigation'
linking...
Program Size: Code=3780 RO-data=356 RW-data=32 ZI-data=9464  
After Build - User command #2: fromelf --bin  --output ./BIN/Navigation.bin ./Output/Navigation.axf
".\Output\Navigation.axf" - 0 Errors, 0 Warning(s).
Build target 'Navigation'
linking...
Program Size: Code=3780 RO-data=356 RW-data=32 ZI-data=9464  
After Build - User command #2: fromelf --bin  --output ./BIN/Navigation.bin ./Output/Navigation.axf
".\Output\Navigation.axf" - 0 Errors, 0 Warning(s).
Build target 'Navigation'
compiling stm32f10x_rtc.c...
linking...
Program Size: Code=3780 RO-data=356 RW-data=32 ZI-data=9464  
After Build - User command #2: fromelf --bin  --output ./BIN/Navigation.bin ./Output/Navigation.axf
".\Output\Navigation.axf" - 0 Errors, 0 Warning(s).
Rebuild target 'Navigation'
compiling core_cm3.c...
compiling system_stm32f10x.c...
assembling startup_stm32f10x_hd.s...
compiling misc.c...
compiling stm32f10x_gpio.c...
compiling stm32f10x_rcc.c...
compiling stm32f10x_tim.c...
compiling stm32f10x_usart.c...
compiling stm32f10x_exti.c...
compiling stm32f10x_rtc.c...
compiling main.c...
compiling sys_init.c...
compiling stm32f10x_it.c...
compiling power.c...
compiling usart.c...
compiling command.c...
compiling 3Gnet.c...
linking...
Program Size: Code=3868 RO-data=356 RW-data=32 ZI-data=9464  
After Build - User command #2: fromelf --bin  --output ./BIN/Navigation.bin ./Output/Navigation.axf
".\Output\Navigation.axf" - 0 Errors, 0 Warning(s).
Build target 'Navigation'
compiling stm32f10x_flash.c...
compiling sys_init.c...
compiling stm32f10x_it.c...
linking...
Program Size: Code=3920 RO-data=356 RW-data=32 ZI-data=9464  
After Build - User command #2: fromelf --bin  --output ./BIN/Navigation.bin ./Output/Navigation.axf
".\Output\Navigation.axf" - 0 Errors, 0 Warning(s).
